Archive member included to satisfy reference by file (symbol)

c:/program files (x86)/atmel/studio/7.0/toolchain/avr8/avr8-gnu-toolchain/bin/../lib/gcc/avr/5.4.0/../../../../avr/lib/avr6\libm.a(addsf3.o)
                              TFT_ILI9341.o (__subsf3)
c:/program files (x86)/atmel/studio/7.0/toolchain/avr8/avr8-gnu-toolchain/bin/../lib/gcc/avr/5.4.0/../../../../avr/lib/avr6\libm.a(addsf3x.o)
                              c:/program files (x86)/atmel/studio/7.0/toolchain/avr8/avr8-gnu-toolchain/bin/../lib/gcc/avr/5.4.0/../../../../avr/lib/avr6\libm.a(addsf3.o) (__addsf3x)
c:/program files (x86)/atmel/studio/7.0/toolchain/avr8/avr8-gnu-toolchain/bin/../lib/gcc/avr/5.4.0/../../../../avr/lib/avr6\libm.a(divsf3.o)
                              TFT_ILI9341.o (__divsf3)
c:/program files (x86)/atmel/studio/7.0/toolchain/avr8/avr8-gnu-toolchain/bin/../lib/gcc/avr/5.4.0/../../../../avr/lib/avr6\libm.a(divsf3x.o)
                              c:/program files (x86)/atmel/studio/7.0/toolchain/avr8/avr8-gnu-toolchain/bin/../lib/gcc/avr/5.4.0/../../../../avr/lib/avr6\libm.a(divsf3.o) (__divsf3x)
c:/program files (x86)/atmel/studio/7.0/toolchain/avr8/avr8-gnu-toolchain/bin/../lib/gcc/avr/5.4.0/../../../../avr/lib/avr6\libm.a(fixunssfsi.o)
                              TFT_ILI9341.o (__fixunssfsi)
c:/program files (x86)/atmel/studio/7.0/toolchain/avr8/avr8-gnu-toolchain/bin/../lib/gcc/avr/5.4.0/../../../../avr/lib/avr6\libm.a(floatsisf.o)
                              TFT_ILI9341.o (__floatunsisf)
c:/program files (x86)/atmel/studio/7.0/toolchain/avr8/avr8-gnu-toolchain/bin/../lib/gcc/avr/5.4.0/../../../../avr/lib/avr6\libm.a(fp_inf.o)
                              c:/program files (x86)/atmel/studio/7.0/toolchain/avr8/avr8-gnu-toolchain/bin/../lib/gcc/avr/5.4.0/../../../../avr/lib/avr6\libm.a(addsf3x.o) (__fp_inf)
c:/program files (x86)/atmel/studio/7.0/toolchain/avr8/avr8-gnu-toolchain/bin/../lib/gcc/avr/5.4.0/../../../../avr/lib/avr6\libm.a(fp_nan.o)
                              c:/program files (x86)/atmel/studio/7.0/toolchain/avr8/avr8-gnu-toolchain/bin/../lib/gcc/avr/5.4.0/../../../../avr/lib/avr6\libm.a(addsf3x.o) (__fp_nan)
c:/program files (x86)/atmel/studio/7.0/toolchain/avr8/avr8-gnu-toolchain/bin/../lib/gcc/avr/5.4.0/../../../../avr/lib/avr6\libm.a(fp_pscA.o)
                              c:/program files (x86)/atmel/studio/7.0/toolchain/avr8/avr8-gnu-toolchain/bin/../lib/gcc/avr/5.4.0/../../../../avr/lib/avr6\libm.a(addsf3x.o) (__fp_pscA)
c:/program files (x86)/atmel/studio/7.0/toolchain/avr8/avr8-gnu-toolchain/bin/../lib/gcc/avr/5.4.0/../../../../avr/lib/avr6\libm.a(fp_pscB.o)
                              c:/program files (x86)/atmel/studio/7.0/toolchain/avr8/avr8-gnu-toolchain/bin/../lib/gcc/avr/5.4.0/../../../../avr/lib/avr6\libm.a(addsf3x.o) (__fp_pscB)
c:/program files (x86)/atmel/studio/7.0/toolchain/avr8/avr8-gnu-toolchain/bin/../lib/gcc/avr/5.4.0/../../../../avr/lib/avr6\libm.a(fp_round.o)
                              c:/program files (x86)/atmel/studio/7.0/toolchain/avr8/avr8-gnu-toolchain/bin/../lib/gcc/avr/5.4.0/../../../../avr/lib/avr6\libm.a(addsf3.o) (__fp_round)
c:/program files (x86)/atmel/studio/7.0/toolchain/avr8/avr8-gnu-toolchain/bin/../lib/gcc/avr/5.4.0/../../../../avr/lib/avr6\libm.a(fp_split3.o)
                              c:/program files (x86)/atmel/studio/7.0/toolchain/avr8/avr8-gnu-toolchain/bin/../lib/gcc/avr/5.4.0/../../../../avr/lib/avr6\libm.a(addsf3x.o) (__fp_split3)
c:/program files (x86)/atmel/studio/7.0/toolchain/avr8/avr8-gnu-toolchain/bin/../lib/gcc/avr/5.4.0/../../../../avr/lib/avr6\libm.a(fp_zero.o)
                              c:/program files (x86)/atmel/studio/7.0/toolchain/avr8/avr8-gnu-toolchain/bin/../lib/gcc/avr/5.4.0/../../../../avr/lib/avr6\libm.a(addsf3x.o) (__fp_zero)
c:/program files (x86)/atmel/studio/7.0/toolchain/avr8/avr8-gnu-toolchain/bin/../lib/gcc/avr/5.4.0/../../../../avr/lib/avr6\libm.a(gesf2.o)
                              TFT_ILI9341.o (__gesf2)
c:/program files (x86)/atmel/studio/7.0/toolchain/avr8/avr8-gnu-toolchain/bin/../lib/gcc/avr/5.4.0/../../../../avr/lib/avr6\libm.a(mulsf3.o)
                              TFT_ILI9341.o (__mulsf3)
c:/program files (x86)/atmel/studio/7.0/toolchain/avr8/avr8-gnu-toolchain/bin/../lib/gcc/avr/5.4.0/../../../../avr/lib/avr6\libm.a(mulsf3x.o)
                              c:/program files (x86)/atmel/studio/7.0/toolchain/avr8/avr8-gnu-toolchain/bin/../lib/gcc/avr/5.4.0/../../../../avr/lib/avr6\libm.a(mulsf3.o) (__mulsf3x)
c:/program files (x86)/atmel/studio/7.0/toolchain/avr8/avr8-gnu-toolchain/bin/../lib/gcc/avr/5.4.0/../../../../avr/lib/avr6\libm.a(fp_cmp.o)
                              c:/program files (x86)/atmel/studio/7.0/toolchain/avr8/avr8-gnu-toolchain/bin/../lib/gcc/avr/5.4.0/../../../../avr/lib/avr6\libm.a(gesf2.o) (__fp_cmp)
C:\Users\Anthony\DOCUME~1\ATMELS~1\7.0\MOTHER~1\MOTHER~1\ARDUIN~1\Debug\libArduinoCore.a(abi.o)
                              SerialProcessing.o (__cxa_pure_virtual)
[...]
Memory Configuration

Name             Origin             Length             Attributes
text             0x00000000         0x00100000         xr
data             0x00800200         0x0000fe00         rw !x
eeprom           0x00810000         0x00010000         rw !x
fuse             0x00820000         0x00000003         rw !x
lock             0x00830000         0x00000400         rw !x
signature        0x00840000         0x00000400         rw !x
user_signatures  0x00850000         0x00000400         rw !x
*default*        0x00000000         0xffffffff

Linker script and memory map

Address of section .data set to 0x800200
LOAD C:/Program Files (x86)/Atmel/Studio/7.0/Packs/atmel/ATmega_DFP/1.2.209/gcc/dev/atmega2560/avr6/crtatmega2560.o
LOAD Fonts/Font16.o
LOAD Fonts/Font32rle.o
LOAD Fonts/Font64rle.o
LOAD Fonts/Font72rle.o
LOAD Fonts/Font7srle.o
LOAD Fonts/glcdfont.o
LOAD Screen.o
LOAD SerialPortExpander.o
LOAD SerialProcessing.o
LOAD Sketch.o
LOAD SpcProcessing.o
LOAD TFT_ILI9341.o
START GROUP
LOAD c:/program files (x86)/atmel/studio/7.0/toolchain/avr8/avr8-gnu-toolchain/bin/../lib/gcc/avr/5.4.0/../../../../avr/lib/avr6\libm.a
LOAD C:\Users\Anthony\DOCUME~1\ATMELS~1\7.0\MOTHER~1\MOTHER~1\ARDUIN~1\Debug\libArduinoCore.a
END GROUP
LOAD c:/program files (x86)/atmel/studio/7.0/toolchain/avr8/avr8-gnu-toolchain/bin/../lib/gcc/avr/5.4.0/avr6\libgcc.a
LOAD c:/program files (x86)/atmel/studio/7.0/toolchain/avr8/avr8-gnu-toolchain/bin/../lib/gcc/avr/5.4.0/../../../../avr/lib/avr6\libm.a
START GROUP
LOAD c:/program files (x86)/atmel/studio/7.0/toolchain/avr8/avr8-gnu-toolchain/bin/../lib/gcc/avr/5.4.0/avr6\libgcc.a
LOAD c:/program files (x86)/atmel/studio/7.0/toolchain/avr8/avr8-gnu-toolchain/bin/../lib/gcc/avr/5.4.0/../../../../avr/lib/avr6\libm.a
LOAD c:/program files (x86)/atmel/studio/7.0/toolchain/avr8/avr8-gnu-toolchain/bin/../lib/gcc/avr/5.4.0/../../../../avr/lib/avr6\libc.a
LOAD C:/Program Files (x86)/Atmel/Studio/7.0/Packs/atmel/ATmega_DFP/1.2.209/gcc/dev/atmega2560/avr6\libatmega2560.a
END GROUP
                0x00100000                __TEXT_REGION_LENGTH__ = DEFINED (__TEXT_REGION_LENGTH__)?__TEXT_REGION_LENGTH__:0x100000
                0x0000fe00                __DATA_REGION_LENGTH__ = DEFINED (__DATA_REGION_LENGTH__)?__DATA_REGION_LENGTH__:0xfe00
                0x00010000                __EEPROM_REGION_LENGTH__ = DEFINED (__EEPROM_REGION_LENGTH__)?__EEPROM_REGION_LENGTH__:0x10000
                [0x00000003]                __FUSE_REGION_LENGTH__ = DEFINED (__FUSE_REGION_LENGTH__)?__FUSE_REGION_LENGTH__:0x400
                0x00000400                __LOCK_REGION_LENGTH__ = DEFINED (__LOCK_REGION_LENGTH__)?__LOCK_REGION_LENGTH__:0x400
                0x00000400                __SIGNATURE_REGION_LENGTH__ = DEFINED (__SIGNATURE_REGION_LENGTH__)?__SIGNATURE_REGION_LENGTH__:0x400
                0x00000400                __USER_SIGNATURE_REGION_LENGTH__ = DEFINED (__USER_SIGNATURE_REGION_LENGTH__)?__USER_SIGNATURE_REGION_LENGTH__:0x400

.hash
 *(.hash)

.dynsym
 *(.dynsym)

.dynstr
 *(.dynstr)

.gnu.version
 *(.gnu.version)

.gnu.version_d
 *(.gnu.version_d)

.gnu.version_r
 *(.gnu.version_r)

.rel.init
 *(.rel.init)

.rela.init
 *(.rela.init)

.rel.text
 *(.rel.text)
 *(.rel.text.*)
 *(.rel.gnu.linkonce.t*)

.rela.text
 *(.rela.text)
 *(.rela.text.*)
 *(.rela.gnu.linkonce.t*)

.rel.fini
 *(.rel.fini)

.rela.fini
 *(.rela.fini)

.rel.rodata
 *(.rel.rodata)
 *(.rel.rodata.*)
 *(.rel.gnu.linkonce.r*)

.rela.rodata
 *(.rela.rodata)
 *(.rela.rodata.*)
 *(.rela.gnu.linkonce.r*)

.rel.data
 *(.rel.data)
 *(.rel.data.*)
 *(.rel.gnu.linkonce.d*)

.rela.data
 *(.rela.data)
 *(.rela.data.*)
 *(.rela.gnu.linkonce.d*)

.rel.ctors
 *(.rel.ctors)

.rela.ctors
 *(.rela.ctors)

.rel.dtors
 *(.rel.dtors)

.rela.dtors
 *(.rela.dtors)

.rel.got
 *(.rel.got)

.rela.got
 *(.rela.got)

.rel.bss
 *(.rel.bss)

.rela.bss
 *(.rela.bss)

.rel.plt
 *(.rel.plt)

.rela.plt
 *(.rela.plt)

.text           0x00000000     0xd060
 *(.vectors)
 .vectors       0x00000000       0xe4 C:/Program Files (x86)/Atmel/Studio/7.0/Packs/atmel/ATmega_DFP/1.2.209/gcc/dev/atmega2560/avr6/crtatmega2560.o
                0x00000000                __vector_default
                0x00000000                __vectors
 *(.vectors)
 *(.progmem.gcc*)
 .progmem.gcc_sw_table._ZN11TFT_ILI934111setRotationEh
                0x000000e4       0x10 TFT_ILI9341.o
 .progmem.gcc_sw_table.turnOffPWM
                0x000000f4       0x24 C:\Users\Anthony\DOCUME~1\ATMELS~1\7.0\MOTHER~1\MOTHER~1\ARDUIN~1\Debug\libArduinoCore.a(wiring_digital.o)
 .progmem.gcc_sw_table.prvProcessReceivedCommands
                0x00000118       0x14 C:\Users\Anthony\DOCUME~1\ATMELS~1\7.0\MOTHER~1\MOTHER~1\ARDUIN~1\Debug\libArduinoCore.a(timers.o)
                0x0000012c                . = ALIGN (0x2)
                0x0000012c                __trampolines_start = .
 *(.trampolines)
 .trampolines   0x0000012c        0x0 linker stubs
 *(.trampolines*)
                0x0000012c                __trampolines_end = .
 *libprintf_flt.a:*(.progmem.data)
 *libc.a:*(.progmem.data)
 *(.progmem*)
 .progmem.data._ZZN6Screen19RunScreenSimulationEvE3__c
                0x0000012c        0xe Screen.o
 .progmem.data._ZL4font
                0x0000013a      0x4fb TFT_ILI9341.o
 .progmem.data.widtbl_f16
                0x00000635       0x60 TFT_ILI9341.o
 .progmem.data._ZL10chr_f16_20
                0x00000695       0x10 TFT_ILI9341.o
 .progmem.data._ZL10chr_f16_21
                0x000006a5       0x10 TFT_ILI9341.o
 .progmem.data._ZL10chr_f16_22
                0x000006b5       0x10 TFT_ILI9341.o
 .progmem.data._ZL10chr_f16_23
                0x000006c5       0x10 TFT_ILI9341.o
 .progmem.data._ZL10chr_f16_24
                0x000006d5       0x10 TFT_ILI9341.o
 .progmem.data._ZL10chr_f16_25
                0x000006e5       0x10 TFT_ILI9341.o
 .progmem.data._ZL10chr_f16_26
                0x000006f5       0x10 TFT_ILI9341.o
 .progmem.data._ZL10chr_f16_27
                0x00000705       0x10 TFT_ILI9341.o
 .progmem.data._ZL10chr_f16_28
                0x00000715       0x10 TFT_ILI9341.o
 .progmem.data._ZL10chr_f16_29
                0x00000725       0x10 TFT_ILI9341.o
 .progmem.data._ZL10chr_f16_2A
                0x00000735       0x10 TFT_ILI9341.o
 .progmem.data._ZL10chr_f16_2B
                0x00000745       0x10 TFT_ILI9341.o
 .progmem.data._ZL10chr_f16_2C
                0x00000755       0x10 TFT_ILI9341.o
 .progmem.data._ZL10chr_f16_2D
                0x00000765       0x10 TFT_ILI9341.o
 .progmem.data._ZL10chr_f16_2E
                0x00000775       0x10 TFT_ILI9341.o
 .progmem.data._ZL10chr_f16_2F
                0x00000785       0x10 TFT_ILI9341.o
 .progmem.data._ZL10chr_f16_30
                0x00000795       0x10 TFT_ILI9341.o
 .progmem.data._ZL10chr_f16_31
                0x000007a5       0x10 TFT_ILI9341.o
 .progmem.data._ZL10chr_f16_32
                0x000007b5       0x10 TFT_ILI9341.o
 .progmem.data._ZL10chr_f16_33
                0x000007c5       0x10 TFT_ILI9341.o
 .progmem.data._ZL10chr_f16_34
                0x000007d5       0x10 TFT_ILI9341.o
 .progmem.data._ZL10chr_f16_35
                0x000007e5       0x10 TFT_ILI9341.o
 .progmem.data._ZL10chr_f16_36
                0x000007f5       0x10 TFT_ILI9341.o
 .progmem.data._ZL10chr_f16_37
                0x00000805       0x10 TFT_ILI9341.o
 .progmem.data._ZL10chr_f16_38
                0x00000815       0x10 TFT_ILI9341.o
 .progmem.data._ZL10chr_f16_39
                0x00000825       0x10 TFT_ILI9341.o
 .progmem.data._ZL10chr_f16_3A
                0x00000835       0x10 TFT_ILI9341.o
 .progmem.data._ZL10chr_f16_3B
                0x00000845       0x10 TFT_ILI9341.o
 .progmem.data._ZL10chr_f16_3C
                0x00000855       0x10 TFT_ILI9341.o
 .progmem.data._ZL10chr_f16_3D
                0x00000865       0x10 TFT_ILI9341.o
 .progmem.data._ZL10chr_f16_3E
                0x00000875       0x10 TFT_ILI9341.o
 .progmem.data._ZL10chr_f16_3F
                0x00000885       0x10 TFT_ILI9341.o
 .progmem.data._ZL10chr_f16_40
                0x00000895       0x10 TFT_ILI9341.o
 .progmem.data._ZL10chr_f16_41
                0x000008a5       0x10 TFT_ILI9341.o
 .progmem.data._ZL10chr_f16_42
                0x000008b5       0x10 TFT_ILI9341.o
 .progmem.data._ZL10chr_f16_43
                0x000008c5       0x10 TFT_ILI9341.o
 .progmem.data._ZL10chr_f16_44
                0x000008d5       0x10 TFT_ILI9341.o
 .progmem.data._ZL10chr_f16_45
                0x000008e5       0x10 TFT_ILI9341.o
 .progmem.data._ZL10chr_f16_46
                0x000008f5       0x10 TFT_ILI9341.o
 .progmem.data._ZL10chr_f16_47
                0x00000905       0x10 TFT_ILI9341.o
 .progmem.data._ZL10chr_f16_48
                0x00000915       0x10 TFT_ILI9341.o
 .progmem.data._ZL10chr_f16_49
                0x00000925       0x10 TFT_ILI9341.o
 .progmem.data._ZL10chr_f16_4A
                0x00000935       0x10 TFT_ILI9341.o
 .progmem.data._ZL10chr_f16_4B
                0x00000945       0x10 TFT_ILI9341.o
 .progmem.data._ZL10chr_f16_4C
                0x00000955       0x10 TFT_ILI9341.o
 .progmem.data._ZL10chr_f16_4D
                0x00000965       0x20 TFT_ILI9341.o
 .progmem.data._ZL10chr_f16_4E
                0x00000985       0x10 TFT_ILI9341.o
 .progmem.data._ZL10chr_f16_4F
                0x00000995       0x10 TFT_ILI9341.o
 .progmem.data._ZL10chr_f16_50
                0x000009a5       0x10 TFT_ILI9341.o
 .progmem.data._ZL10chr_f16_51
                0x000009b5       0x10 TFT_ILI9341.o
 .progmem.data._ZL10chr_f16_52
                0x000009c5       0x10 TFT_ILI9341.o
 .progmem.data._ZL10chr_f16_53
                0x000009d5       0x10 TFT_ILI9341.o
 .progmem.data._ZL10chr_f16_54
                0x000009e5       0x10 TFT_ILI9341.o
 .progmem.data._ZL10chr_f16_55
                0x000009f5       0x10 TFT_ILI9341.o
 .progmem.data._ZL10chr_f16_56
                0x00000a05       0x10 TFT_ILI9341.o
 .progmem.data._ZL10chr_f16_57
                0x00000a15       0x20 TFT_ILI9341.o
 .progmem.data._ZL10chr_f16_58
                0x00000a35       0x10 TFT_ILI9341.o
 .progmem.data._ZL10chr_f16_59
                0x00000a45       0x10 TFT_ILI9341.o
 .progmem.data._ZL10chr_f16_5A
                0x00000a55       0x10 TFT_ILI9341.o
 .progmem.data._ZL10chr_f16_5B
                0x00000a65       0x10 TFT_ILI9341.o
 .progmem.data._ZL10chr_f16_5C
                0x00000a75       0x10 TFT_ILI9341.o
 .progmem.data._ZL10chr_f16_5D
                0x00000a85       0x10 TFT_ILI9341.o
 .progmem.data._ZL10chr_f16_5E
                0x00000a95       0x20 TFT_ILI9341.o
 .progmem.data._ZL10chr_f16_5F
                0x00000ab5       0x20 TFT_ILI9341.o
 .progmem.data._ZL10chr_f16_60
                0x00000ad5       0x10 TFT_ILI9341.o
 .progmem.data._ZL10chr_f16_61
                0x00000ae5       0x10 TFT_ILI9341.o
 .progmem.data._ZL10chr_f16_62
                0x00000af5       0x10 TFT_ILI9341.o
 .progmem.data._ZL10chr_f16_63
                0x00000b05       0x10 TFT_ILI9341.o
 .progmem.data._ZL10chr_f16_64
                0x00000b15       0x10 TFT_ILI9341.o
 .progmem.data._ZL10chr_f16_65
                0x00000b25       0x10 TFT_ILI9341.o
 .progmem.data._ZL10chr_f16_66
                0x00000b35       0x10 TFT_ILI9341.o
 .progmem.data._ZL10chr_f16_67
                0x00000b45       0x10 TFT_ILI9341.o
 .progmem.data._ZL10chr_f16_68
                0x00000b55       0x10 TFT_ILI9341.o
 .progmem.data._ZL10chr_f16_69
                0x00000b65       0x10 TFT_ILI9341.o
 .progmem.data._ZL10chr_f16_6A
                0x00000b75       0x10 TFT_ILI9341.o
 .progmem.data._ZL10chr_f16_6B
                0x00000b85       0x10 TFT_ILI9341.o
 .progmem.data._ZL10chr_f16_6C
                0x00000b95       0x10 TFT_ILI9341.o
 .progmem.data._ZL10chr_f16_6D
                0x00000ba5       0x10 TFT_ILI9341.o
 .progmem.data._ZL10chr_f16_6E
                0x00000bb5       0x10 TFT_ILI9341.o
 .progmem.data._ZL10chr_f16_6F
                0x00000bc5       0x10 TFT_ILI9341.o
 .progmem.data._ZL10chr_f16_70
                0x00000bd5       0x10 TFT_ILI9341.o
 .progmem.data._ZL10chr_f16_71
                0x00000be5       0x10 TFT_ILI9341.o
 .progmem.data._ZL10chr_f16_72
                0x00000bf5       0x10 TFT_ILI9341.o
 .progmem.data._ZL10chr_f16_73
                0x00000c05       0x10 TFT_ILI9341.o
 .progmem.data._ZL10chr_f16_74
                0x00000c15       0x10 TFT_ILI9341.o
 .progmem.data._ZL10chr_f16_75
                0x00000c25       0x10 TFT_ILI9341.o
 .progmem.data._ZL10chr_f16_76
                0x00000c35       0x10 TFT_ILI9341.o
 .progmem.data._ZL10chr_f16_77
                0x00000c45       0x10 TFT_ILI9341.o
 .progmem.data._ZL10chr_f16_78
                0x00000c55       0x10 TFT_ILI9341.o
 .progmem.data._ZL10chr_f16_79
                0x00000c65       0x10 TFT_ILI9341.o
 .progmem.data._ZL10chr_f16_7A
                0x00000c75       0x10 TFT_ILI9341.o
 .progmem.data._ZL10chr_f16_7B
                0x00000c85       0x10 TFT_ILI9341.o
 .progmem.data._ZL10chr_f16_7C
                0x00000c95       0x10 TFT_ILI9341.o
 .progmem.data._ZL10chr_f16_7D
                0x00000ca5       0x10 TFT_ILI9341.o
 .progmem.data._ZL10chr_f16_7E
                0x00000cb5       0x10 TFT_ILI9341.o
 .progmem.data._ZL10chr_f16_7F
                0x00000cc5       0x10 TFT_ILI9341.o
 .progmem.data.chrtbl_f16
                0x00000cd5       0xc0 TFT_ILI9341.o
 .progmem.data.widtbl_f32
                0x00000d95       0x60 TFT_ILI9341.o
 .progmem.data._ZL10chr_f32_20
                0x00000df5        0x2 TFT_ILI9341.o
 .progmem.data._ZL10chr_f32_21
                0x00000df7       0x21 TFT_ILI9341.o
 .progmem.data._ZL10chr_f32_22
                0x00000e18       0x1e TFT_ILI9341.o
 .progmem.data._ZL10chr_f32_23
                0x00000e36       0x42 TFT_ILI9341.o
 .progmem.data._ZL10chr_f32_24
                0x00000e78       0x2d TFT_ILI9341.o
 .progmem.data._ZL10chr_f32_25
                0x00000ea5       0x5e TFT_ILI9341.o
 .progmem.data._ZL10chr_f32_26
                0x00000f03       0x45 TFT_ILI9341.o
 .progmem.data._ZL10chr_f32_27
                0x00000f48        0xd TFT_ILI9341.o
 .progmem.data._ZL10chr_f32_28
                0x00000f55       0x31 TFT_ILI9341.o
 .progmem.data._ZL10chr_f32_29
                0x00000f86       0x31 TFT_ILI9341.o
 .progmem.data._ZL10chr_f32_2A
                0x00000fb7       0x20 TFT_ILI9341.o
 .progmem.data._ZL10chr_f32_2B
                0x00000fd7       0x11 TFT_ILI9341.o
 .progmem.data._ZL10chr_f32_2C
                0x00000fe8        0xf TFT_ILI9341.o
 .progmem.data._ZL10chr_f32_2D
                0x00000ff7        0x5 TFT_ILI9341.o
 .progmem.data._ZL10chr_f32_2E
                0x00000ffc        0x7 TFT_ILI9341.o
 .progmem.data._ZL10chr_f32_2F
                0x00001003       0x29 TFT_ILI9341.o
 .progmem.data._ZL10chr_f32_30
                0x0000102c       0x3d TFT_ILI9341.o
 .progmem.data._ZL10chr_f32_31
                0x00001069       0x23 TFT_ILI9341.o
 .progmem.data._ZL10chr_f32_32
                0x0000108c       0x2b TFT_ILI9341.o
 .progmem.data._ZL10chr_f32_33
                0x000010b7       0x31 TFT_ILI9341.o
 .progmem.data._ZL10chr_f32_34
                0x000010e8       0x31 TFT_ILI9341.o
 .progmem.data._ZL10chr_f32_35
                0x00001119       0x2f TFT_ILI9341.o
 .progmem.data._ZL10chr_f32_36
                0x00001148       0x39 TFT_ILI9341.o
 .progmem.data._ZL10chr_f32_37
                0x00001181       0x23 TFT_ILI9341.o
 .progmem.data._ZL10chr_f32_38
                0x000011a4       0x39 TFT_ILI9341.o
 .progmem.data._ZL10chr_f32_39
                0x000011dd       0x39 TFT_ILI9341.o
 .progmem.data._ZL10chr_f32_3A
                0x00001216        0xd TFT_ILI9341.o
 .progmem.data._ZL10chr_f32_3B
                0x00001223       0x15 TFT_ILI9341.o
 .progmem.data._ZL10chr_f32_3C
                0x00001238       0x14 TFT_ILI9341.o
 .progmem.data._ZL10chr_f32_3D
                0x0000124c        0x9 TFT_ILI9341.o
 .progmem.data._ZL10chr_f32_3E
                0x00001255       0x14 TFT_ILI9341.o
 .progmem.data._ZL10chr_f32_3F
                0x00001269       0x29 TFT_ILI9341.o
 .progmem.data._ZL10chr_f32_40
                0x00001292       0x77 TFT_ILI9341.o
 .progmem.data._ZL10chr_f32_41
                0x00001309       0x3f TFT_ILI9341.o
 .progmem.data._ZL10chr_f32_42
                0x00001348       0x3d TFT_ILI9341.o
 .progmem.data._ZL10chr_f32_43
                0x00001385       0x38 TFT_ILI9341.o
 .progmem.data._ZL10chr_f32_44
                0x000013bd       0x42 TFT_ILI9341.o
 .progmem.data._ZL10chr_f32_45
                0x000013ff       0x25 TFT_ILI9341.o
 .progmem.data._ZL10chr_f32_46
                0x00001424       0x25 TFT_ILI9341.o
 .progmem.data._ZL10chr_f32_47
                0x00001449       0x40 TFT_ILI9341.o
 .progmem.data._ZL10chr_f32_48
                0x00001489       0x45 TFT_ILI9341.o
 .progmem.data._ZL10chr_f32_49
                0x000014ce       0x25 TFT_ILI9341.o
 .progmem.data._ZL10chr_f32_4A
                0x000014f3       0x2d TFT_ILI9341.o
 .progmem.data._ZL10chr_f32_4B
                0x00001520       0x47 TFT_ILI9341.o
 .progmem.data._ZL10chr_f32_4C
                0x00001567       0x25 TFT_ILI9341.o
 .progmem.data._ZL10chr_f32_4D
                0x0000158c       0x7c TFT_ILI9341.o
 .progmem.data._ZL10chr_f32_4E
                0x00001608       0x5d TFT_ILI9341.o
 .progmem.data._ZL10chr_f32_4F
                0x00001665       0x42 TFT_ILI9341.o
 .progmem.data._ZL10chr_f32_50
                0x000016a7       0x31 TFT_ILI9341.o
 .progmem.data._ZL10chr_f32_51
                0x000016d8       0x49 TFT_ILI9341.o
 .progmem.data._ZL10chr_f32_52
                0x00001721       0x41 TFT_ILI9341.o
 .progmem.data._ZL10chr_f32_53
                0x00001762       0x35 TFT_ILI9341.o
 .progmem.data._ZL10chr_f32_54
                0x00001797       0x23 TFT_ILI9341.o
 .progmem.data._ZL10chr_f32_55
                0x000017ba       0x46 TFT_ILI9341.o
 .progmem.data._ZL10chr_f32_56
                0x00001800       0x43 TFT_ILI9341.o
 .progmem.data._ZL10chr_f32_57
                0x00001843       0x80 TFT_ILI9341.o
 .progmem.data._ZL10chr_f32_58
                0x000018c3       0x43 TFT_ILI9341.o
 .progmem.data._ZL10chr_f32_59
                0x00001906       0x35 TFT_ILI9341.o
 .progmem.data._ZL10chr_f32_5A
                0x0000193b       0x25 TFT_ILI9341.o
 .progmem.data._ZL10chr_f32_5B
                0x00001960       0x2f TFT_ILI9341.o
 .progmem.data._ZL10chr_f32_5C
                0x0000198f       0x33 TFT_ILI9341.o
 .progmem.data._ZL10chr_f32_5D
                0x000019c2       0x2f TFT_ILI9341.o
 .progmem.data._ZL10chr_f32_5E
                0x000019f1       0x14 TFT_ILI9341.o
 .progmem.data._ZL10chr_f32_5F
                0x00001a05        0x5 TFT_ILI9341.o
 .progmem.data._ZL10chr_f32_60
                0x00001a0a       0x1a TFT_ILI9341.o
 .progmem.data._ZL10chr_f32_61
                0x00001a24       0x2b TFT_ILI9341.o
 .progmem.data._ZL10chr_f32_62
                0x00001a4f       0x3f TFT_ILI9341.o
 .progmem.data._ZL10chr_f32_63
                0x00001a8e       0x25 TFT_ILI9341.o
 .progmem.data._ZL10chr_f32_64
                0x00001ab3       0x3f TFT_ILI9341.o
 .progmem.data._ZL10chr_f32_65
                0x00001af2       0x25 TFT_ILI9341.o
 .progmem.data._ZL10chr_f32_66
                0x00001b17       0x25 TFT_ILI9341.o
 .progmem.data._ZL10chr_f32_67
                0x00001b3c       0x47 TFT_ILI9341.o
 .progmem.data._ZL10chr_f32_68
                0x00001b83       0x3f TFT_ILI9341.o
 .progmem.data._ZL10chr_f32_69
                0x00001bc2       0x21 TFT_ILI9341.o
 .progmem.data._ZL10chr_f32_6A
                0x00001be3       0x2d TFT_ILI9341.o
 .progmem.data._ZL10chr_f32_6B
                0x00001c10       0x39 TFT_ILI9341.o
 .progmem.data._ZL10chr_f32_6C
                0x00001c49       0x25 TFT_ILI9341.o
 .progmem.data._ZL10chr_f32_6D
                0x00001c6e       0x51 TFT_ILI9341.o
 .progmem.data._ZL10chr_f32_6E
                0x00001cbf       0x35 TFT_ILI9341.o
 .progmem.data._ZL10chr_f32_6F
                0x00001cf4       0x2d TFT_ILI9341.o
 .progmem.data._ZL10chr_f32_70
                0x00001d21       0x3f TFT_ILI9341.o
 .progmem.data._ZL10chr_f32_71
                0x00001d60       0x3f TFT_ILI9341.o
 .progmem.data._ZL10chr_f32_72
                0x00001d9f       0x1d TFT_ILI9341.o
 .progmem.data._ZL10chr_f32_73
                0x00001dbc       0x23 TFT_ILI9341.o
 .progmem.data._ZL10chr_f32_74
                0x00001ddf       0x23 TFT_ILI9341.o
 .progmem.data._ZL10chr_f32_75
                0x00001e02       0x35 TFT_ILI9341.o
 .progmem.data._ZL10chr_f32_76
                0x00001e37       0x2f TFT_ILI9341.o
 .progmem.data._ZL10chr_f32_77
                0x00001e66       0x5a TFT_ILI9341.o
 .progmem.data._ZL10chr_f32_78
                0x00001ec0       0x2f TFT_ILI9341.o
 .progmem.data._ZL10chr_f32_79
                0x00001eef       0x3f TFT_ILI9341.o
 .progmem.data._ZL10chr_f32_7A
                0x00001f2e       0x1b TFT_ILI9341.o
 .progmem.data._ZL10chr_f32_7B
                0x00001f49       0x33 TFT_ILI9341.o
 .progmem.data._ZL10chr_f32_7C
                0x00001f7c       0x33 TFT_ILI9341.o
 .progmem.data._ZL10chr_f32_7D
                0x00001faf       0x33 TFT_ILI9341.o
 .progmem.data._ZL10chr_f32_7E
                0x00001fe2       0x19 TFT_ILI9341.o
 .progmem.data._ZL10chr_f32_7F
                0x00001ffb        0x1 TFT_ILI9341.o
 .progmem.data.chrtbl_f32
                0x00001ffc       0xc0 TFT_ILI9341.o
 .progmem.data.widtbl_f64
                0x000020bc       0x60 TFT_ILI9341.o
 .progmem.data._ZL10chr_f64_20
                0x0000211c        0x5 TFT_ILI9341.o
 .progmem.data._ZL10chr_f64_2D
                0x00002121        0xe TFT_ILI9341.o
 .progmem.data._ZL10chr_f64_2E
                0x0000212f        0xf TFT_ILI9341.o
 .progmem.data._ZL10chr_f64_30
                0x0000213e       0x83 TFT_ILI9341.o
 .progmem.data._ZL10chr_f64_31
                0x000021c1       0x4d TFT_ILI9341.o
 .progmem.data._ZL10chr_f64_32
                0x0000220e       0x59 TFT_ILI9341.o
 .progmem.data._ZL10chr_f64_33
                0x00002267       0x67 TFT_ILI9341.o
 .progmem.data._ZL10chr_f64_34
                0x000022ce       0x65 TFT_ILI9341.o
 .progmem.data._ZL10chr_f64_35
                0x00002333       0x5f TFT_ILI9341.o
 .progmem.data._ZL10chr_f64_36
                0x00002392       0x7b TFT_ILI9341.o
 .progmem.data._ZL10chr_f64_37
                0x0000240d       0x47 TFT_ILI9341.o
 .progmem.data._ZL10chr_f64_38
                0x00002454       0x7b TFT_ILI9341.o
 .progmem.data._ZL10chr_f64_39
                0x000024cf       0x7b TFT_ILI9341.o
 .progmem.data._ZL10chr_f64_3A
                0x0000254a       0x18 TFT_ILI9341.o
 .progmem.data._ZL10chr_f64_61
                0x00002562       0x60 TFT_ILI9341.o
 .progmem.data._ZL10chr_f64_6D
                0x000025c2       0xa7 TFT_ILI9341.o
 .progmem.data._ZL10chr_f64_70
                0x00002669       0x85 TFT_ILI9341.o
 .progmem.data.chrtbl_f64
                0x000026ee       0xc0 TFT_ILI9341.o
 .progmem.data.widtbl_f7s
                0x000027ae       0x60 TFT_ILI9341.o
 .progmem.data._ZL10chr_f7s_20
                0x0000280e        0x5 TFT_ILI9341.o
 .progmem.data._ZL10chr_f7s_2E
                0x00002813        0xe TFT_ILI9341.o
 .progmem.data._ZL10chr_f7s_30
                0x00002821       0xa9 TFT_ILI9341.o
 .progmem.data._ZL10chr_f7s_31
                0x000028ca       0x4d TFT_ILI9341.o
 .progmem.data._ZL10chr_f7s_32
                0x00002917       0x6b TFT_ILI9341.o
 .progmem.data._ZL10chr_f7s_33
                0x00002982       0x69 TFT_ILI9341.o
 .progmem.data._ZL10chr_f7s_34
                0x000029eb       0x7b TFT_ILI9341.o
 .progmem.data._ZL10chr_f7s_35
                0x00002a66       0x67 TFT_ILI9341.o
 .progmem.data._ZL10chr_f7s_36
                0x00002acd       0x8d TFT_ILI9341.o
 .progmem.data._ZL10chr_f7s_37
                0x00002b5a       0x56 TFT_ILI9341.o
 .progmem.data._ZL10chr_f7s_38
                0x00002bb0       0xb3 TFT_ILI9341.o
 .progmem.data._ZL10chr_f7s_39
                0x00002c63       0x8d TFT_ILI9341.o
 .progmem.data._ZL10chr_f7s_3A
                0x00002cf0       0x18 TFT_ILI9341.o
 .progmem.data.chrtbl_f7s
                0x00002d08       0xc0 TFT_ILI9341.o
 .progmem.data._ZL8fontdata
                0x00002dc8       0x2d TFT_ILI9341.o
 .progmem.data._ZZN11TFT_ILI93414initEvE12ILI9341_cmds
                0x00002df5       0x6d TFT_ILI9341.o
 .progmem.data.port_to_mode_PGM
                0x00002e62       0x1a C:\Users\Anthony\DOCUME~1\ATMELS~1\7.0\MOTHER~1\MOTHER~1\ARDUIN~1\Debug\libArduinoCore.a(wiring_digital.o)
                0x00002e62                port_to_mode_PGM
 .progmem.data.port_to_output_PGM
                0x00002e7c       0x1a C:\Users\Anthony\DOCUME~1\ATMELS~1\7.0\MOTHER~1\MOTHER~1\ARDUIN~1\Debug\libArduinoCore.a(wiring_digital.o)
                0x00002e7c                port_to_output_PGM
 .progmem.data.port_to_input_PGM
                0x00002e96       0x1a C:\Users\Anthony\DOCUME~1\ATMELS~1\7.0\MOTHER~1\MOTHER~1\ARDUIN~1\Debug\libArduinoCore.a(wiring_digital.o)
                0x00002e96                port_to_input_PGM
 .progmem.data.digital_pin_to_port_PGM
                0x00002eb0       0x46 C:\Users\Anthony\DOCUME~1\ATMELS~1\7.0\MOTHER~1\MOTHER~1\ARDUIN~1\Debug\libArduinoCore.a(wiring_digital.o)
                0x00002eb0                digital_pin_to_port_PGM
 .progmem.data.digital_pin_to_bit_mask_PGM
                0x00002ef6       0x46 C:\Users\Anthony\DOCUME~1\ATMELS~1\7.0\MOTHER~1\MOTHER~1\ARDUIN~1\Debug\libArduinoCore.a(wiring_digital.o)
                0x00002ef6                digital_pin_to_bit_mask_PGM
 .progmem.data.digital_pin_to_timer_PGM
                0x00002f3c       0x46 C:\Users\Anthony\DOCUME~1\ATMELS~1\7.0\MOTHER~1\MOTHER~1\ARDUIN~1\Debug\libArduinoCore.a(wiring_digital.o)
                0x00002f3c                digital_pin_to_timer_PGM
                0x00002f82                . = ALIGN (0x2)
 *(.jumptables)
 *(.jumptables*)
 *(.lowtext)
 .lowtext       0x00002f82       0x26 C:\Users\Anthony\DOCUME~1\ATMELS~1\7.0\MOTHER~1\MOTHER~1\ARDUIN~1\Debug\libArduinoCore.a(tasks.o)
 .lowtext       0x00002fa8       0x30 C:\Users\Anthony\DOCUME~1\ATMELS~1\7.0\MOTHER~1\MOTHER~1\ARDUIN~1\Debug\libArduinoCore.a(timers.o)
 *(.lowtext*)
                0x00002fd8                __ctors_start = .
 *(.ctors)
 .ctors         0x00002fd8        0x2 Screen.o
 .ctors         0x00002fda        0x2 Sketch.o
 .ctors         0x00002fdc        0x2 C:\Users\Anthony\DOCUME~1\ATMELS~1\7.0\MOTHER~1\MOTHER~1\ARDUIN~1\Debug\libArduinoCore.a(HardwareSerial0.o)
 .ctors         0x00002fde        0x2 C:\Users\Anthony\DOCUME~1\ATMELS~1\7.0\MOTHER~1\MOTHER~1\ARDUIN~1\Debug\libArduinoCore.a(HardwareSerial1.o)
                0x00002fe0                __ctors_end = .
                0x00002fe0                __dtors_start = .
 *(.dtors)
 .dtors         0x00002fe0        0x2 Sketch.o
                0x00002fe2                __dtors_end = .
 SORT(*)(.ctors)
 SORT(*)(.dtors)
 *(.init0)
 .init0         0x00002fe2        0x0 C:/Program Files (x86)/Atmel/Studio/7.0/Packs/atmel/ATmega_DFP/1.2.209/gcc/dev/atmega2560/avr6/crtatmega2560.o
                0x00002fe2                __init
 *(.init0)
 *(.init1)
 *(.init1)
 *(.init2)
 .init2         0x00002fe2       0x10 C:/Program Files (x86)/Atmel/Studio/7.0/Packs/atmel/ATmega_DFP/1.2.209/gcc/dev/atmega2560/avr6/crtatmega2560.o
 *(.init2)
 *(.init3)
 *(.init3)
 *(.init4)
 .init4         0x00002ff2       0x1a c:/program files (x86)/atmel/studio/7.0/toolchain/avr8/avr8-gnu-toolchain/bin/../lib/gcc/avr/5.4.0/avr6\libgcc.a(_copy_data.o)
                0x00002ff2                __do_copy_data
 .init4         0x0000300c       0x10 c:/program files (x86)/atmel/studio/7.0/toolchain/avr8/avr8-gnu-toolchain/bin/../lib/gcc/avr/5.4.0/avr6\libgcc.a(_clear_bss.o)
                0x0000300c                __do_clear_bss
 *(.init4)
 *(.init5)
 *(.init5)
 *(.init6)
 .init6         0x0000301c       0x20 c:/program files (x86)/atmel/studio/7.0/toolchain/avr8/avr8-gnu-toolchain/bin/../lib/gcc/avr/5.4.0/avr6\libgcc.a(_ctors.o)
                0x0000301c                __do_global_ctors
 *(.init6)
 *(.init7)
 *(.init7)
 *(.init8)
 *(.init8)
 *(.init9)
 .init9         0x0000303c        0x8 C:/Program Files (x86)/Atmel/Studio/7.0/Packs/atmel/ATmega_DFP/1.2.209/gcc/dev/atmega2560/avr6/crtatmega2560.o
 *(.init9)
 *(.text)
 .text          0x00003044        0x4 C:/Program Files (x86)/Atmel/Studio/7.0/Packs/atmel/ATmega_DFP/1.2.209/gcc/dev/atmega2560/avr6/crtatmega2560.o
                0x00003044                __vector_38
                0x00003044                __vector_22
                0x00003044                __vector_28
                0x00003044                __vector_1
                0x00003044                __vector_32
                0x00003044                __vector_34
                0x00003044                __vector_24
                0x00003044                __vector_55
                0x00003044                __vector_46
                0x00003044                __bad_interrupt
                0x00003044                __vector_6
                0x00003044                __vector_31
                0x00003044                __vector_35
                0x00003044                __vector_39
                0x00003044                __vector_3
                0x00003044                __vector_30
                0x00003044                __vector_45
                0x00003044                __vector_11
                0x00003044                __vector_54
                0x00003044                __vector_13
                0x00003044                __vector_17
                0x00003044                __vector_19
                0x00003044                __vector_56
                0x00003044                __vector_7
                0x00003044                __vector_49
                0x00003044                __vector_41
                0x00003044                __vector_43
                0x00003044                __vector_27
                0x00003044                __vector_5
                0x00003044                __vector_33
                0x00003044                __vector_47
                0x00003044                __vector_52
                0x00003044                __vector_4
                0x00003044                __vector_44
                0x00003044                __vector_51
                0x00003044                __vector_9
                0x00003044                __vector_2
                0x00003044                __vector_21
                0x00003044                __vector_15
                0x00003044                __vector_29
                0x00003044                __vector_40
                0x00003044                __vector_8
                0x00003044                __vector_48
                0x00003044                __vector_14
                0x00003044                __vector_53
                0x00003044                __vector_10
                0x00003044                __vector_50
                0x00003044                __vector_16
                0x00003044                __vector_18
                0x00003044                __vector_20
                0x00003044                __vector_42
                0x00003048                . = ALIGN (0x2)
 *(.text.*)
 .text._ZN6ScreenC2Ev
                0x00003048       0x34 Screen.o
                0x00003048                _ZN6ScreenC2Ev
                0x00003048                _ZN6ScreenC1Ev
 .text._ZN6Screen4initEv
                0x0000307c       0x3a Screen.o
                0x0000307c                _ZN6Screen4initEv
 .text._ZN6Screen12UpdateScreenEv
                0x000030b6       0x2e Screen.o
                0x000030b6                _ZN6Screen12UpdateScreenEv
 .text._ZN6Screen19RunScreenSimulationEv
                0x000030e4       0x9a Screen.o
                0x000030e4                _ZN6Screen19RunScreenSimulationEv
 .text._ZN6ScreenD2Ev
                0x0000317e       0x1c Screen.o
                0x0000317e                _ZN6ScreenD1Ev
                0x0000317e                _ZN6ScreenD2Ev
 .text._Z41__static_initialization_and_destruction_0ii
                0x0000319a       0x44 Screen.o
 .text._GLOBAL__sub_I__ZN6Screen13firstInstanceE
                0x000031de       0x18 Screen.o
 .text._ZN14HardwareSerial5beginEm
                0x000031f6       0x44 SerialPortExpander.o
                0x000031f6                _ZN14HardwareSerial5beginEm
 .text._ZN18SerialPortExpanderC2Ev
                0x0000323a       0x78 SerialPortExpander.o
                0x0000323a                _ZN18SerialPortExpanderC2Ev
                0x0000323a                _ZN18SerialPortExpanderC1Ev
 .text._ZN18SerialPortExpander4initEv
                0x000032b2       0x6a SerialPortExpander.o
                0x000032b2                _ZN18SerialPortExpander4initEv
 .text._ZN18SerialPortExpander21ProcessSerialExpanderEP13SerialCommand
                0x0000331c       0x84 SerialPortExpander.o
                0x0000331c                _ZN18SerialPortExpander21ProcessSerialExpanderEP13SerialCommand
 .text._ZN18SerialPortExpander12Open_channelEP13SerialCommand
                0x000033a0       0xf2 SerialPortExpander.o
                0x000033a0                _ZN18SerialPortExpander12Open_channelEP13SerialCommand
 .text._ZN18SerialPortExpanderD2Ev
                0x00003492       0x1c SerialPortExpander.o
                0x00003492                _ZN18SerialPortExpanderD2Ev
                0x00003492                _ZN18SerialPortExpanderD1Ev
 .text._ZN5Print17availableForWriteEv
                0x000034ae       0x1e SerialProcessing.o
                0x000034ae                _ZN5Print17availableForWriteEv
 .text._ZN5Print5flushEv
                0x000034cc       0x1c SerialProcessing.o
                0x000034cc                _ZN5Print5flushEv
 .text._ZN5PrintC2ERKS_
                0x000034e8       0x46 SerialProcessing.o
                0x000034e8                _ZN5PrintC2ERKS_
                0x000034e8                _ZN5PrintC1ERKS_
 .text._ZN6StreamC2ERKS_
                0x0000352e       0x76 SerialProcessing.o
                0x0000352e                _ZN6StreamC2ERKS_
                0x0000352e                _ZN6StreamC1ERKS_
 .text._ZN14HardwareSerialC2ERKS_
                0x000035a4      0x140 SerialProcessing.o
                0x000035a4                _ZN14HardwareSerialC1ERKS_
                0x000035a4                _ZN14HardwareSerialC2ERKS_
 .text._Z11CheckSerialP14HardwareSerial
                0x000036e4      0x17a SerialProcessing.o
                0x000036e4                _Z11CheckSerialP14HardwareSerial
 .text._Z13GetSerialArgsPc
                0x0000385e      0x190 SerialProcessing.o
                0x0000385e                _Z13GetSerialArgsPc
 .text._Z16ExistsInIntArrayPjjj
                0x000039ee       0x76 SerialProcessing.o
                0x000039ee                _Z16ExistsInIntArrayPjjj
 .text._Z17BuildSerialOutputP13SerialCommandPc
                0x00003a64       0x7e SerialProcessing.o
                0x00003a64                _Z17BuildSerialOutputP13SerialCommandPc
 .text._Z10array_sizeILj5EjEjRAT__T0_
                0x00003ae2       0x1e SerialProcessing.o
                0x00003ae2                _Z10array_sizeILj5EjEjRAT__T0_
 .text.setup    0x00003b00       0xc6 Sketch.o
                0x00003b00                setup
 .text.loop     0x00003bc6       0x10 Sketch.o
                0x00003bc6                loop
 .text._Z12TaskCheckSPCPv
                0x00003bd6       0x20 Sketch.o
                0x00003bd6                _Z12TaskCheckSPCPv
 .text._Z23TaskCheckSerialExpanderPv
                0x00003bf6       0x1a Sketch.o
                0x00003bf6                _Z23TaskCheckSerialExpanderPv
 .text._Z23TaskCheckSerialCommandsPv
                0x00003c10       0x1c Sketch.o
                0x00003c10                _Z23TaskCheckSerialCommandsPv
 .text._Z13TaskRunScreenPv
                0x00003c2c       0x28 Sketch.o
                0x00003c2c                _Z13TaskRunScreenPv
 .text._Z17TaskRunSimulationPv
                0x00003c54       0x2e Sketch.o
                0x00003c54                _Z17TaskRunSimulationPv
 .text._Z19CheckSerialCommandsv
                0x00003c82      0x16c Sketch.o
                0x00003c82                _Z19CheckSerialCommandsv
 .text._Z20CheckInteralCommandsPc
                0x00003dee       0x4e Sketch.o
                0x00003dee                _Z20CheckInteralCommandsPc
 .text._Z20CheckSpoolerCommandsPc
                0x00003e3c       0x48 Sketch.o
                0x00003e3c                _Z20CheckSpoolerCommandsPc
 .text._Z18PrintRandomRPMDatav
                0x00003e84       0x7e Sketch.o
                0x00003e84                _Z18PrintRandomRPMDatav
 .text._Z10startsWithPKcS0_
                0x00003f02       0x70 Sketch.o
                0x00003f02                _Z10startsWithPKcS0_
 .text._Z41__static_initialization_and_destruction_0ii
                0x00003f72       0x68 Sketch.o
 .text._GLOBAL__sub_I_SIMULATIONACTIVE
                0x00003fda       0x18 Sketch.o
 .text._GLOBAL__sub_D_SIMULATIONACTIVE
                0x00003ff2       0x18 Sketch.o
 .text._ZNK6String6lengthEv
                0x0000400a       0x24 SpcProcessing.o
                0x0000400a                _ZNK6String6lengthEv
 .text._ZN6StringpLEi
                0x0000402e       0x34 SpcProcessing.o
                0x0000402e                _ZN6StringpLEi
 .text._ZNK6String5c_strEv
                0x00004062       0x24 SpcProcessing.o
                0x00004062                _ZNK6String5c_strEv
 .text._ZN13SpcProcessingC2Ev
                0x00004086       0xa6 SpcProcessing.o
                0x00004086                _ZN13SpcProcessingC2Ev
                0x00004086                _ZN13SpcProcessingC1Ev
 .text._ZN13SpcProcessing4initEv
                0x0000412c       0x5c SpcProcessing.o
                0x0000412c                _ZN13SpcProcessing4initEv
 .text._ZN13SpcProcessing14RunSPCDataLoopEv
                0x00004188      0x29e SpcProcessing.o
                0x00004188                _ZN13SpcProcessing14RunSPCDataLoopEv
 .text._ZN13SpcProcessing23PrintRandomDiameterDataEv
                0x00004426       0xe4 SpcProcessing.o
                0x00004426                _ZN13SpcProcessing23PrintRandomDiameterDataEv
 .text._ZN13SpcProcessingD2Ev
                0x0000450a       0x26 SpcProcessing.o
                0x0000450a                _ZN13SpcProcessingD2Ev
                0x0000450a                _ZN13SpcProcessingD1Ev
 .text._ZN5PrintC2Ev
                0x00004530       0x34 TFT_ILI9341.o
                0x00004530                _ZN5PrintC2Ev
                0x00004530                _ZN5PrintC1Ev
 .text._ZN18__gen_struct_PORTL1rEv
                0x00004564       0x12 TFT_ILI9341.o
                0x00004564                _ZN18__gen_struct_PORTL1rEv
 .text._ZN8SPIClass11setBitOrderEh
                0x00004576       0x42 TFT_ILI9341.o
                0x00004576                _ZN8SPIClass11setBitOrderEh
 .text._ZN8SPIClass11setDataModeEh
                0x000045b8       0x2e TFT_ILI9341.o
                0x000045b8                _ZN8SPIClass11setDataModeEh
 .text._ZN8SPIClass15setClockDividerEh
                0x000045e6       0x56 TFT_ILI9341.o
                0x000045e6                _ZN8SPIClass15setClockDividerEh
 .text._ZN11TFT_ILI9341C2Eii
                0x0000463c      0x1b2 TFT_ILI9341.o
                0x0000463c                _ZN11TFT_ILI9341C1Eii
                0x0000463c                _ZN11TFT_ILI9341C2Eii
 .text._ZN11TFT_ILI93418spiwriteEh
                0x000047ee       0x68 TFT_ILI9341.o
                0x000047ee                _ZN11TFT_ILI93418spiwriteEh
 .text._ZN11TFT_ILI934112writecommandEh
                0x00004856       0x5a TFT_ILI9341.o
                0x00004856                _ZN11TFT_ILI934112writecommandEh
 .text._ZN11TFT_ILI93419writedataEh
                0x000048b0       0x4a TFT_ILI9341.o
                0x000048b0                _ZN11TFT_ILI93419writedataEh
 .text._ZN11TFT_ILI93414initEv
                0x000048fa       0x92 TFT_ILI9341.o
                0x000048fa                _ZN11TFT_ILI93414initEv
 .text._ZN11TFT_ILI934111commandListEPKh
                0x0000498c      0x140 TFT_ILI9341.o
                0x0000498c                _ZN11TFT_ILI934111commandListEPKh
 .text._ZN11TFT_ILI934110fillScreenEj
                0x00004acc       0x64 TFT_ILI9341.o
                0x00004acc                _ZN11TFT_ILI934110fillScreenEj
 .text._ZN11TFT_ILI93419setCursorEii
                0x00004b30       0x48 TFT_ILI9341.o
                0x00004b30                _ZN11TFT_ILI93419setCursorEii
 .text._ZN11TFT_ILI934111setTextSizeEh
                0x00004b78       0x3c TFT_ILI9341.o
                0x00004b78                _ZN11TFT_ILI934111setTextSizeEh
 .text._ZN11TFT_ILI934112setTextColorEjj
                0x00004bb4       0x48 TFT_ILI9341.o
                0x00004bb4                _ZN11TFT_ILI934112setTextColorEjj
 .text._ZN11TFT_ILI93418drawCharEiihjjh
                0x00004bfc      0x474 TFT_ILI9341.o
                0x00004bfc                _ZN11TFT_ILI93418drawCharEiihjjh
 .text._ZN11TFT_ILI934113setAddrWindowEiiii
                0x00005070      0x202 TFT_ILI9341.o
                0x00005070                _ZN11TFT_ILI934113setAddrWindowEiiii
 .text._ZN11TFT_ILI93419drawPixelEjjj
                0x00005272      0x252 TFT_ILI9341.o
                0x00005272                _ZN11TFT_ILI93419drawPixelEjjj
 .text._ZN11TFT_ILI93419fastSetupEv
                0x000054c4      0x1aa TFT_ILI9341.o
                0x000054c4                _ZN11TFT_ILI93419fastSetupEv
 .text._ZN11TFT_ILI93418fillRectEiiiij
                0x0000566e       0xf2 TFT_ILI9341.o
                0x0000566e                _ZN11TFT_ILI93418fillRectEiiiij
 .text._ZN11TFT_ILI934111setRotationEh
                0x00005760      0x1da TFT_ILI9341.o
                0x00005760                _ZN11TFT_ILI934111setRotationEh
 .text._ZN11TFT_ILI93415writeEh
                0x0000593a      0x2a0 TFT_ILI9341.o
                0x0000593a                _ZN11TFT_ILI93415writeEh
 .text._ZN11TFT_ILI93418drawCharEjiii
                0x00005bda     0x1610 TFT_ILI9341.o
                0x00005bda                _ZN11TFT_ILI93418drawCharEjiii
 .text.avr-libc.fplib
                0x000071ea       0x58 c:/program files (x86)/atmel/studio/7.0/toolchain/avr8/avr8-gnu-toolchain/bin/../lib/gcc/avr/5.4.0/../../../../avr/lib/avr6\libm.a(fixunssfsi.o)
                0x000071ea                __fixunssfsi
 .text.avr-libc.fplib
                0x00007242        0xc c:/program files (x86)/atmel/studio/7.0/toolchain/avr8/avr8-gnu-toolchain/bin/../lib/gcc/avr/5.4.0/../../../../avr/lib/avr6\libm.a(fp_inf.o)
                0x00007242                __fp_inf
 .text.avr-libc.fplib
                0x0000724e        0x6 c:/program files (x86)/atmel/studio/7.0/toolchain/avr8/avr8-gnu-toolchain/bin/../lib/gcc/avr/5.4.0/../../../../avr/lib/avr6\libm.a(fp_nan.o)
                0x0000724e                __fp_nan
 .text.avr-libc.fplib
                0x00007254        0xe c:/program files (x86)/atmel/studio/7.0/toolchain/avr8/avr8-gnu-toolchain/bin/../lib/gcc/avr/5.4.0/../../../../avr/lib/avr6\libm.a(fp_pscA.o)
                0x00007254                __fp_pscA
 .text.avr-libc.fplib
                0x00007262        0xe c:/program files (x86)/atmel/studio/7.0/toolchain/avr8/avr8-gnu-toolchain/bin/../lib/gcc/avr/5.4.0/../../../../avr/lib/avr6\libm.a(fp_pscB.o)
                0x00007262                __fp_pscB
 .text.avr-libc.fplib
                0x00007270       0x22 c:/program files (x86)/atmel/studio/7.0/toolchain/avr8/avr8-gnu-toolchain/bin/../lib/gcc/avr/5.4.0/../../../../avr/lib/avr6\libm.a(fp_round.o)
                0x00007270                __fp_round
 .text.avr-libc.fplib
                0x00007292       0x44 c:/program files (x86)/atmel/studio/7.0/toolchain/avr8/avr8-gnu-toolchain/bin/../lib/gcc/avr/5.4.0/../../../../avr/lib/avr6\libm.a(fp_split3.o)
                0x00007292                __fp_split3
                0x000072a2                __fp_splitA
 .text.avr-libc.fplib
                0x000072d6        0xe c:/program files (x86)/atmel/studio/7.0/toolchain/avr8/avr8-gnu-toolchain/bin/../lib/gcc/avr/5.4.0/../../../../avr/lib/avr6\libm.a(fp_zero.o)
                0x000072d6                __fp_zero
                0x000072d8                __fp_szero
 .text.avr-libc.fplib
                0x000072e4        0x8 c:/program files (x86)/atmel/studio/7.0/toolchain/avr8/avr8-gnu-toolchain/bin/../lib/gcc/avr/5.4.0/../../../../avr/lib/avr6\libm.a(gesf2.o)
                0x000072e4                __gesf2
                0x000072e4                __gtsf2
 .text.avr-libc.fplib
                0x000072ec        0x4 c:/program files (x86)/atmel/studio/7.0/toolchain/avr8/avr8-gnu-toolchain/bin/../lib/gcc/avr/5.4.0/../../../../avr/lib/avr6\libm.a(mulsf3.o)
                0x000072ec                __mulsf3
 .text.avr-libc.fplib
                0x000072f0       0xc2 c:/program files (x86)/atmel/studio/7.0/toolchain/avr8/avr8-gnu-toolchain/bin/../lib/gcc/avr/5.4.0/../../../../avr/lib/avr6\libm.a(mulsf3x.o)
                0x00007304                __mulsf3x
                0x00007308                __mulsf3_pse
 .text.avr-libc.fplib
                0x000073b2       0x48 c:/program files (x86)/atmel/studio/7.0/toolchain/avr8/avr8-gnu-toolchain/bin/../lib/gcc/avr/5.4.0/../../../../avr/lib/avr6\libm.a(fp_cmp.o)
                0x000073b2                __fp_cmp
 .text.__cxa_pure_virtual
                0x000073fa        0xc C:\Users\Anthony\DOCUME~1\ATMELS~1\7.0\MOTHER~1\MOTHER~1\ARDUIN~1\Debug\libArduinoCore.a(abi.o)
                0x000073fa                __cxa_pure_virtual
 .text._ZL12__iCliRetValv
                0x00007406       0x12 C:\Users\Anthony\DOCUME~1\ATMELS~1\7.0\MOTHER~1\MOTHER~1\ARDUIN~1\Debug\libArduinoCore.a(HardwareSerial.o)
 .text._ZL10__iRestorePKh
                0x00007418       0x2c C:\Users\Anthony\DOCUME~1\ATMELS~1\7.0\MOTHER~1\MOTHER~1\ARDUIN~1\Debug\libArduinoCore.a(HardwareSerial.o)
 .text._Z14serialEventRunv
                0x00007444       0xa4 C:\Users\Anthony\DOCUME~1\ATMELS~1\7.0\MOTHER~1\MOTHER~1\ARDUIN~1\Debug\libArduinoCore.a(HardwareSerial.o)
                0x00007444                _Z14serialEventRunv
 .text._ZN14HardwareSerial17_tx_udr_empty_irqEv
                0x000074e8       0xcc C:\Users\Anthony\DOCUME~1\ATMELS~1\7.0\MOTHER~1\MOTHER~1\ARDUIN~1\Debug\libArduinoCore.a(HardwareSerial.o)
                0x000074e8                _ZN14HardwareSerial17_tx_udr_empty_irqEv
 .text._ZN14HardwareSerial5beginEmh
                0x000075b4      0x182 C:\Users\Anthony\DOCUME~1\ATMELS~1\7.0\MOTHER~1\MOTHER~1\ARDUIN~1\Debug\libArduinoCore.a(HardwareSerial.o)
                0x000075b4                _ZN14HardwareSerial5beginEmh
 .text._ZN14HardwareSerial9availableEv
                0x00007736       0x44 C:\Users\Anthony\DOCUME~1\ATMELS~1\7.0\MOTHER~1\MOTHER~1\ARDUIN~1\Debug\libArduinoCore.a(HardwareSerial.o)
                0x00007736                _ZN14HardwareSerial9availableEv
 .text._ZN14HardwareSerial4peekEv
                0x0000777a       0x5a C:\Users\Anthony\DOCUME~1\ATMELS~1\7.0\MOTHER~1\MOTHER~1\ARDUIN~1\Debug\libArduinoCore.a(HardwareSerial.o)
                0x0000777a                _ZN14HardwareSerial4peekEv
 .text._ZN14HardwareSerial4readEv
                0x000077d4       0x74 C:\Users\Anthony\DOCUME~1\ATMELS~1\7.0\MOTHER~1\MOTHER~1\ARDUIN~1\Debug\libArduinoCore.a(HardwareSerial.o)
                0x000077d4                _ZN14HardwareSerial4readEv
 .text._ZN14HardwareSerial17availableForWriteEv
                0x00007848       0x6a C:\Users\Anthony\DOCUME~1\ATMELS~1\7.0\MOTHER~1\MOTHER~1\ARDUIN~1\Debug\libArduinoCore.a(HardwareSerial.o)
                0x00007848                _ZN14HardwareSerial17availableForWriteEv
 .text._ZN14HardwareSerial5flushEv
                0x000078b2       0xc8 C:\Users\Anthony\DOCUME~1\ATMELS~1\7.0\MOTHER~1\MOTHER~1\ARDUIN~1\Debug\libArduinoCore.a(HardwareSerial.o)
                0x000078b2                _ZN14HardwareSerial5flushEv
 .text._ZN14HardwareSerial5writeEh
                0x0000797a      0x19e C:\Users\Anthony\DOCUME~1\ATMELS~1\7.0\MOTHER~1\MOTHER~1\ARDUIN~1\Debug\libArduinoCore.a(HardwareSerial.o)
                0x0000797a                _ZN14HardwareSerial5writeEh
 .text._ZN6StreamC2Ev
                0x00007b18       0x48 C:\Users\Anthony\DOCUME~1\ATMELS~1\7.0\MOTHER~1\MOTHER~1\ARDUIN~1\Debug\libArduinoCore.a(HardwareSerial0.o)
                0x00007b18                _ZN6StreamC1Ev
                0x00007b18                _ZN6StreamC2Ev
 .text._ZN14HardwareSerialC2EPVhS1_S1_S1_S1_S1_
                0x00007b60       0xe4 C:\Users\Anthony\DOCUME~1\ATMELS~1\7.0\MOTHER~1\MOTHER~1\ARDUIN~1\Debug\libArduinoCore.a(HardwareSerial0.o)
                0x00007b60                _ZN14HardwareSerialC2EPVhS1_S1_S1_S1_S1_
                0x00007b60                _ZN14HardwareSerialC1EPVhS1_S1_S1_S1_S1_
 .text._ZN14HardwareSerial16_rx_complete_irqEv
                0x00007c44       0xac C:\Users\Anthony\DOCUME~1\ATMELS~1\7.0\MOTHER~1\MOTHER~1\ARDUIN~1\Debug\libArduinoCore.a(HardwareSerial0.o)
                0x00007c44                _ZN14HardwareSerial16_rx_complete_irqEv
 .text.__vector_25
                0x00007cf0       0x68 C:\Users\Anthony\DOCUME~1\ATMELS~1\7.0\MOTHER~1\MOTHER~1\ARDUIN~1\Debug\libArduinoCore.a(HardwareSerial0.o)
                0x00007cf0                __vector_25
 .text.__vector_26
                0x00007d58       0x68 C:\Users\Anthony\DOCUME~1\ATMELS~1\7.0\MOTHER~1\MOTHER~1\ARDUIN~1\Debug\libArduinoCore.a(HardwareSerial0.o)
                0x00007d58                __vector_26
 .text._Z17Serial0_availablev
                0x00007dc0       0x1e C:\Users\Anthony\DOCUME~1\ATMELS~1\7.0\MOTHER~1\MOTHER~1\ARDUIN~1\Debug\libArduinoCore.a(HardwareSerial0.o)
                0x00007dc0                _Z17Serial0_availablev
 .text._Z41__static_initialization_and_destruction_0ii
                0x00007dde       0x76 C:\Users\Anthony\DOCUME~1\ATMELS~1\7.0\MOTHER~1\MOTHER~1\ARDUIN~1\Debug\libArduinoCore.a(HardwareSerial0.o)
 .text._GLOBAL__sub_I___vector_25
                0x00007e54       0x18 C:\Users\Anthony\DOCUME~1\ATMELS~1\7.0\MOTHER~1\MOTHER~1\ARDUIN~1\Debug\libArduinoCore.a(HardwareSerial0.o)
 .text.__vector_36
                0x00007e6c       0x68 C:\Users\Anthony\DOCUME~1\ATMELS~1\7.0\MOTHER~1\MOTHER~1\ARDUIN~1\Debug\libArduinoCore.a(HardwareSerial1.o)
                0x00007e6c                __vector_36
 .text.__vector_37
                0x00007ed4       0x68 C:\Users\Anthony\DOCUME~1\ATMELS~1\7.0\MOTHER~1\MOTHER~1\ARDUIN~1\Debug\libArduinoCore.a(HardwareSerial1.o)
                0x00007ed4                __vector_37
 .text._Z17Serial1_availablev
                0x00007f3c       0x1e C:\Users\Anthony\DOCUME~1\ATMELS~1\7.0\MOTHER~1\MOTHER~1\ARDUIN~1\Debug\libArduinoCore.a(HardwareSerial1.o)
                0x00007f3c                _Z17Serial1_availablev
 .text._Z41__static_initialization_and_destruction_0ii
                0x00007f5a       0x76 C:\Users\Anthony\DOCUME~1\ATMELS~1\7.0\MOTHER~1\MOTHER~1\ARDUIN~1\Debug\libArduinoCore.a(HardwareSerial1.o)
 .text._GLOBAL__sub_I___vector_36
                0x00007fd0       0x18 C:\Users\Anthony\DOCUME~1\ATMELS~1\7.0\MOTHER~1\MOTHER~1\ARDUIN~1\Debug\libArduinoCore.a(HardwareSerial1.o)
 .text.main     0x00007fe8       0x22 C:\Users\Anthony\DOCUME~1\ATMELS~1\7.0\MOTHER~1\MOTHER~1\ARDUIN~1\Debug\libArduinoCore.a(main.o)
                0x00007fe8                main
 .text._ZN5Print5writeEPKc
                0x0000800a       0x62 C:\Users\Anthony\DOCUME~1\ATMELS~1\7.0\MOTHER~1\MOTHER~1\ARDUIN~1\Debug\libArduinoCore.a(Print.o)
                0x0000800a                _ZN5Print5writeEPKc
 .text._ZN5Print5writeEPKhj
                0x0000806c       0x9a C:\Users\Anthony\DOCUME~1\ATMELS~1\7.0\MOTHER~1\MOTHER~1\ARDUIN~1\Debug\libArduinoCore.a(Print.o)
                0x0000806c                _ZN5Print5writeEPKhj
 .text._ZN5Print5printEPK19__FlashStringHelper
                0x00008106       0x9c C:\Users\Anthony\DOCUME~1\ATMELS~1\7.0\MOTHER~1\MOTHER~1\ARDUIN~1\Debug\libArduinoCore.a(Print.o)
                0x00008106                _ZN5Print5printEPK19__FlashStringHelper
 .text._ZN5Print5printEPKc
                0x000081a2       0x2e C:\Users\Anthony\DOCUME~1\ATMELS~1\7.0\MOTHER~1\MOTHER~1\ARDUIN~1\Debug\libArduinoCore.a(Print.o)
                0x000081a2                _ZN5Print5printEPKc
 .text._ZN5Print5printEc
                0x000081d0       0x36 C:\Users\Anthony\DOCUME~1\ATMELS~1\7.0\MOTHER~1\MOTHER~1\ARDUIN~1\Debug\libArduinoCore.a(Print.o)
                0x000081d0                _ZN5Print5printEc
 .text._ZN5Print5printEii
                0x00008206       0x46 C:\Users\Anthony\DOCUME~1\ATMELS~1\7.0\MOTHER~1\MOTHER~1\ARDUIN~1\Debug\libArduinoCore.a(Print.o)
                0x00008206                _ZN5Print5printEii
 .text._ZN5Print5printEji
                0x0000824c       0x44 C:\Users\Anthony\DOCUME~1\ATMELS~1\7.0\MOTHER~1\MOTHER~1\ARDUIN~1\Debug\libArduinoCore.a(Print.o)
                0x0000824c                _ZN5Print5printEji
 .text._ZN5Print5printEli
                0x00008290       0xea C:\Users\Anthony\DOCUME~1\ATMELS~1\7.0\MOTHER~1\MOTHER~1\ARDUIN~1\Debug\libArduinoCore.a(Print.o)
                0x00008290                _ZN5Print5printEli
 .text._ZN5Print5printEmi
                0x0000837a       0x72 C:\Users\Anthony\DOCUME~1\ATMELS~1\7.0\MOTHER~1\MOTHER~1\ARDUIN~1\Debug\libArduinoCore.a(Print.o)
                0x0000837a                _ZN5Print5printEmi
 .text._ZN5Print7printlnEv
                0x000083ec       0x24 C:\Users\Anthony\DOCUME~1\ATMELS~1\7.0\MOTHER~1\MOTHER~1\ARDUIN~1\Debug\libArduinoCore.a(Print.o)
                0x000083ec                _ZN5Print7printlnEv
 .text._ZN5Print7printlnEPKc
                0x00008410       0x4e C:\Users\Anthony\DOCUME~1\ATMELS~1\7.0\MOTHER~1\MOTHER~1\ARDUIN~1\Debug\libArduinoCore.a(Print.o)
                0x00008410                _ZN5Print7printlnEPKc
 .text._ZN5Print7printlnEii
                0x0000845e       0x5e C:\Users\Anthony\DOCUME~1\ATMELS~1\7.0\MOTHER~1\MOTHER~1\ARDUIN~1\Debug\libArduinoCore.a(Print.o)
                0x0000845e                _ZN5Print7printlnEii
 .text._ZN5Print11printNumberEmh
                0x000084bc       0xe2 C:\Users\Anthony\DOCUME~1\ATMELS~1\7.0\MOTHER~1\MOTHER~1\ARDUIN~1\Debug\libArduinoCore.a(Print.o)
                0x000084bc                _ZN5Print11printNumberEmh
 .text._ZN6Stream10setTimeoutEm
                0x0000859e       0x42 C:\Users\Anthony\DOCUME~1\ATMELS~1\7.0\MOTHER~1\MOTHER~1\ARDUIN~1\Debug\libArduinoCore.a(Stream.o)
                0x0000859e                _ZN6Stream10setTimeoutEm
 .text.__vector_23
                0x000085e0       0xe6 C:\Users\Anthony\DOCUME~1\ATMELS~1\7.0\MOTHER~1\MOTHER~1\ARDUIN~1\Debug\libArduinoCore.a(wiring.o)
                0x000085e0                __vector_23
 .text.millis   0x000086c6       0x58 C:\Users\Anthony\DOCUME~1\ATMELS~1\7.0\MOTHER~1\MOTHER~1\ARDUIN~1\Debug\libArduinoCore.a(wiring.o)
                0x000086c6                millis
 .text.micros   0x0000871e       0xbc C:\Users\Anthony\DOCUME~1\ATMELS~1\7.0\MOTHER~1\MOTHER~1\ARDUIN~1\Debug\libArduinoCore.a(wiring.o)
                0x0000871e                micros
 .text.delay    0x000087da       0xcc C:\Users\Anthony\DOCUME~1\ATMELS~1\7.0\MOTHER~1\MOTHER~1\ARDUIN~1\Debug\libArduinoCore.a(wiring.o)
                0x000087da                delay
 .text.init     0x000088a6      0x1c0 C:\Users\Anthony\DOCUME~1\ATMELS~1\7.0\MOTHER~1\MOTHER~1\ARDUIN~1\Debug\libArduinoCore.a(wiring.o)
                0x000088a6                init
 .text.pinMode  0x00008a66      0x196 C:\Users\Anthony\DOCUME~1\ATMELS~1\7.0\MOTHER~1\MOTHER~1\ARDUIN~1\Debug\libArduinoCore.a(wiring_digital.o)
                0x00008a66                pinMode
 .text.turnOffPWM
                0x00008bfc      0x186 C:\Users\Anthony\DOCUME~1\ATMELS~1\7.0\MOTHER~1\MOTHER~1\ARDUIN~1\Debug\libArduinoCore.a(wiring_digital.o)
 .text.digitalWrite
                0x00008d82      0x110 C:\Users\Anthony\DOCUME~1\ATMELS~1\7.0\MOTHER~1\MOTHER~1\ARDUIN~1\Debug\libArduinoCore.a(wiring_digital.o)
                0x00008d82                digitalWrite
 .text.digitalRead
                0x00008e92       0xd2 C:\Users\Anthony\DOCUME~1\ATMELS~1\7.0\MOTHER~1\MOTHER~1\ARDUIN~1\Debug\libArduinoCore.a(wiring_digital.o)
                0x00008e92                digitalRead
 .text._Z6randoml
                0x00008f64       0x5a C:\Users\Anthony\DOCUME~1\ATMELS~1\7.0\MOTHER~1\MOTHER~1\ARDUIN~1\Debug\libArduinoCore.a(WMath.o)
                0x00008f64                _Z6randoml
 .text._Z6randomll
                0x00008fbe       0xb8 C:\Users\Anthony\DOCUME~1\ATMELS~1\7.0\MOTHER~1\MOTHER~1\ARDUIN~1\Debug\libArduinoCore.a(WMath.o)
                0x00008fbe                _Z6randomll
 .text._ZN6StringC2EPKc
                0x00009076       0x48 C:\Users\Anthony\DOCUME~1\ATMELS~1\7.0\MOTHER~1\MOTHER~1\ARDUIN~1\Debug\libArduinoCore.a(WString.o)
                0x00009076                _ZN6StringC2EPKc
                0x00009076                _ZN6StringC1EPKc
 .text._ZN6StringD2Ev
                0x000090be       0x2a C:\Users\Anthony\DOCUME~1\ATMELS~1\7.0\MOTHER~1\MOTHER~1\ARDUIN~1\Debug\libArduinoCore.a(WString.o)
                0x000090be                _ZN6StringD2Ev
                0x000090be                _ZN6StringD1Ev
 .text._ZN6String4initEv
                0x000090e8       0x3a C:\Users\Anthony\DOCUME~1\ATMELS~1\7.0\MOTHER~1\MOTHER~1\ARDUIN~1\Debug\libArduinoCore.a(WString.o)
                0x000090e8                _ZN6String4initEv
 .text._ZN6String10invalidateEv
                0x00009122       0x60 C:\Users\Anthony\DOCUME~1\ATMELS~1\7.0\MOTHER~1\MOTHER~1\ARDUIN~1\Debug\libArduinoCore.a(WString.o)
                0x00009122                _ZN6String10invalidateEv
 .text._ZN6String7reserveEj
                0x00009182       0x84 C:\Users\Anthony\DOCUME~1\ATMELS~1\7.0\MOTHER~1\MOTHER~1\ARDUIN~1\Debug\libArduinoCore.a(WString.o)
                0x00009182                _ZN6String7reserveEj
 .text._ZN6String12changeBufferEj
                0x00009206       0x6e C:\Users\Anthony\DOCUME~1\ATMELS~1\7.0\MOTHER~1\MOTHER~1\ARDUIN~1\Debug\libArduinoCore.a(WString.o)
                0x00009206                _ZN6String12changeBufferEj
 .text._ZN6String4copyEPKcj
                0x00009274       0x76 C:\Users\Anthony\DOCUME~1\ATMELS~1\7.0\MOTHER~1\MOTHER~1\ARDUIN~1\Debug\libArduinoCore.a(WString.o)
                0x00009274                _ZN6String4copyEPKcj
 .text._ZN6StringaSEPKc
                0x000092ea       0x4c C:\Users\Anthony\DOCUME~1\ATMELS~1\7.0\MOTHER~1\MOTHER~1\ARDUIN~1\Debug\libArduinoCore.a(WString.o)
                0x000092ea                _ZN6StringaSEPKc
 .text._ZN6String6concatEPKcj
                0x00009336       0xb0 C:\Users\Anthony\DOCUME~1\ATMELS~1\7.0\MOTHER~1\MOTHER~1\ARDUIN~1\Debug\libArduinoCore.a(WString.o)
                0x00009336                _ZN6String6concatEPKcj
 .text._ZN6String6concatEi
                0x000093e6       0x5c C:\Users\Anthony\DOCUME~1\ATMELS~1\7.0\MOTHER~1\MOTHER~1\ARDUIN~1\Debug\libArduinoCore.a(WString.o)
                0x000093e6                _ZN6String6concatEi
 .text._ZN6StringixEj
                0x00009442       0x60 C:\Users\Anthony\DOCUME~1\ATMELS~1\7.0\MOTHER~1\MOTHER~1\ARDUIN~1\Debug\libArduinoCore.a(WString.o)
                0x00009442                _ZN6StringixEj
 .text.xTaskCreate
                0x000094a2       0xdc C:\Users\Anthony\DOCUME~1\ATMELS~1\7.0\MOTHER~1\MOTHER~1\ARDUIN~1\Debug\libArduinoCore.a(tasks.o)
                0x000094a2                xTaskCreate
 .text.prvInitialiseNewTask
                0x0000957e      0x1b4 C:\Users\Anthony\DOCUME~1\ATMELS~1\7.0\MOTHER~1\MOTHER~1\ARDUIN~1\Debug\libArduinoCore.a(tasks.o)
 .text.prvAddNewTaskToReadyList
                0x00009732       0xfc C:\Users\Anthony\DOCUME~1\ATMELS~1\7.0\MOTHER~1\MOTHER~1\ARDUIN~1\Debug\libArduinoCore.a(tasks.o)
 .text.vTaskDelay
                0x0000982e       0x3e C:\Users\Anthony\DOCUME~1\ATMELS~1\7.0\MOTHER~1\MOTHER~1\ARDUIN~1\Debug\libArduinoCore.a(tasks.o)
                0x0000982e                vTaskDelay
 .text.vTaskStartScheduler
                0x0000986c       0x72 C:\Users\Anthony\DOCUME~1\ATMELS~1\7.0\MOTHER~1\MOTHER~1\ARDUIN~1\Debug\libArduinoCore.a(tasks.o)
                0x0000986c                vTaskStartScheduler
 .text.vTaskSuspendAll
                0x000098de       0x1a C:\Users\Anthony\DOCUME~1\ATMELS~1\7.0\MOTHER~1\MOTHER~1\ARDUIN~1\Debug\libArduinoCore.a(tasks.o)
                0x000098de                vTaskSuspendAll
 .text.xTaskResumeAll
                0x000098f8      0x12a C:\Users\Anthony\DOCUME~1\ATMELS~1\7.0\MOTHER~1\MOTHER~1\ARDUIN~1\Debug\libArduinoCore.a(tasks.o)
                0x000098f8                xTaskResumeAll
 .text.xTaskGetTickCount
                0x00009a22       0x30 C:\Users\Anthony\DOCUME~1\ATMELS~1\7.0\MOTHER~1\MOTHER~1\ARDUIN~1\Debug\libArduinoCore.a(tasks.o)
                0x00009a22                xTaskGetTickCount
 .text.xTaskIncrementTick
                0x00009a52      0x1d8 C:\Users\Anthony\DOCUME~1\ATMELS~1\7.0\MOTHER~1\MOTHER~1\ARDUIN~1\Debug\libArduinoCore.a(tasks.o)
                0x00009a52                xTaskIncrementTick
 .text.vTaskSwitchContext
                0x00009c2a      0x124 C:\Users\Anthony\DOCUME~1\ATMELS~1\7.0\MOTHER~1\MOTHER~1\ARDUIN~1\Debug\libArduinoCore.a(tasks.o)
                0x00009c2a                vTaskSwitchContext
 .text.vTaskPlaceOnEventList
                0x00009d4e       0x44 C:\Users\Anthony\DOCUME~1\ATMELS~1\7.0\MOTHER~1\MOTHER~1\ARDUIN~1\Debug\libArduinoCore.a(tasks.o)
                0x00009d4e                vTaskPlaceOnEventList
 .text.vTaskPlaceOnEventListRestricted
                0x00009d92       0x58 C:\Users\Anthony\DOCUME~1\ATMELS~1\7.0\MOTHER~1\MOTHER~1\ARDUIN~1\Debug\libArduinoCore.a(tasks.o)
                0x00009d92                vTaskPlaceOnEventListRestricted
 .text.xTaskRemoveFromEventList
                0x00009dea       0xda C:\Users\Anthony\DOCUME~1\ATMELS~1\7.0\MOTHER~1\MOTHER~1\ARDUIN~1\Debug\libArduinoCore.a(tasks.o)
                0x00009dea                xTaskRemoveFromEventList
 .text.vTaskInternalSetTimeOutState
                0x00009ec4       0x3a C:\Users\Anthony\DOCUME~1\ATMELS~1\7.0\MOTHER~1\MOTHER~1\ARDUIN~1\Debug\libArduinoCore.a(tasks.o)
                0x00009ec4                vTaskInternalSetTimeOutState
 .text.xTaskCheckForTimeOut
                0x00009efe       0xe4 C:\Users\Anthony\DOCUME~1\ATMELS~1\7.0\MOTHER~1\MOTHER~1\ARDUIN~1\Debug\libArduinoCore.a(tasks.o)
                0x00009efe                xTaskCheckForTimeOut
 .text.vTaskMissedYield
                0x00009fe2       0x16 C:\Users\Anthony\DOCUME~1\ATMELS~1\7.0\MOTHER~1\MOTHER~1\ARDUIN~1\Debug\libArduinoCore.a(tasks.o)
                0x00009fe2                vTaskMissedYield
 .text.prvInitialiseTaskLists
                0x00009ff8       0x78 C:\Users\Anthony\DOCUME~1\ATMELS~1\7.0\MOTHER~1\MOTHER~1\ARDUIN~1\Debug\libArduinoCore.a(tasks.o)
 .text.prvCheckTasksWaitingTermination
                0x0000a070       0x62 C:\Users\Anthony\DOCUME~1\ATMELS~1\7.0\MOTHER~1\MOTHER~1\ARDUIN~1\Debug\libArduinoCore.a(tasks.o)
 .text.prvTaskCheckFreeStackSpace
                0x0000a0d2       0x5c C:\Users\Anthony\DOCUME~1\ATMELS~1\7.0\MOTHER~1\MOTHER~1\ARDUIN~1\Debug\libArduinoCore.a(tasks.o)
 .text.uxTaskGetStackHighWaterMark
                0x0000a12e       0x60 C:\Users\Anthony\DOCUME~1\ATMELS~1\7.0\MOTHER~1\MOTHER~1\ARDUIN~1\Debug\libArduinoCore.a(tasks.o)
                0x0000a12e                uxTaskGetStackHighWaterMark
 .text.prvDeleteTCB
                0x0000a18e       0x2e C:\Users\Anthony\DOCUME~1\ATMELS~1\7.0\MOTHER~1\MOTHER~1\ARDUIN~1\Debug\libArduinoCore.a(tasks.o)
 .text.prvResetNextTaskUnblockTime
                0x0000a1bc       0x60 C:\Users\Anthony\DOCUME~1\ATMELS~1\7.0\MOTHER~1\MOTHER~1\ARDUIN~1\Debug\libArduinoCore.a(tasks.o)
 .text.xTaskGetSchedulerState
                0x0000a21c       0x32 C:\Users\Anthony\DOCUME~1\ATMELS~1\7.0\MOTHER~1\MOTHER~1\ARDUIN~1\Debug\libArduinoCore.a(tasks.o)
                0x0000a21c                xTaskGetSchedulerState
 .text.xTaskPriorityDisinherit
                0x0000a24e       0xf6 C:\Users\Anthony\DOCUME~1\ATMELS~1\7.0\MOTHER~1\MOTHER~1\ARDUIN~1\Debug\libArduinoCore.a(tasks.o)
                0x0000a24e                xTaskPriorityDisinherit
 .text.prvAddCurrentTaskToDelayedList
                0x0000a344       0xec C:\Users\Anthony\DOCUME~1\ATMELS~1\7.0\MOTHER~1\MOTHER~1\ARDUIN~1\Debug\libArduinoCore.a(tasks.o)
 .text.xTimerCreateTimerTask
                0x0000a430       0x52 C:\Users\Anthony\DOCUME~1\ATMELS~1\7.0\MOTHER~1\MOTHER~1\ARDUIN~1\Debug\libArduinoCore.a(timers.o)
                0x0000a430                xTimerCreateTimerTask
 .text.xTimerGenericCommand
                0x0000a482       0xc2 C:\Users\Anthony\DOCUME~1\ATMELS~1\7.0\MOTHER~1\MOTHER~1\ARDUIN~1\Debug\libArduinoCore.a(timers.o)
                0x0000a482                xTimerGenericCommand
 .text.prvProcessExpiredTimer
                0x0000a544       0xd0 C:\Users\Anthony\DOCUME~1\ATMELS~1\7.0\MOTHER~1\MOTHER~1\ARDUIN~1\Debug\libArduinoCore.a(timers.o)
 .text.prvProcessTimerOrBlockTask
                0x0000a614       0xa2 C:\Users\Anthony\DOCUME~1\ATMELS~1\7.0\MOTHER~1\MOTHER~1\ARDUIN~1\Debug\libArduinoCore.a(timers.o)
 .text.prvGetNextExpireTime
                0x0000a6b6       0x6a C:\Users\Anthony\DOCUME~1\ATMELS~1\7.0\MOTHER~1\MOTHER~1\ARDUIN~1\Debug\libArduinoCore.a(timers.o)
 .text.prvSampleTimeNow
                0x0000a720       0x5c C:\Users\Anthony\DOCUME~1\ATMELS~1\7.0\MOTHER~1\MOTHER~1\ARDUIN~1\Debug\libArduinoCore.a(timers.o)
 .text.prvInsertTimerInActiveList
                0x0000a77c       0xd6 C:\Users\Anthony\DOCUME~1\ATMELS~1\7.0\MOTHER~1\MOTHER~1\ARDUIN~1\Debug\libArduinoCore.a(timers.o)
 .text.prvProcessReceivedCommands
                0x0000a852      0x1e8 C:\Users\Anthony\DOCUME~1\ATMELS~1\7.0\MOTHER~1\MOTHER~1\ARDUIN~1\Debug\libArduinoCore.a(timers.o)
 .text.prvSwitchTimerLists
                0x0000aa3a      0x138 C:\Users\Anthony\DOCUME~1\ATMELS~1\7.0\MOTHER~1\MOTHER~1\ARDUIN~1\Debug\libArduinoCore.a(timers.o)
 .text.prvCheckForValidListAndQueue
                0x0000ab72       0x5a C:\Users\Anthony\DOCUME~1\ATMELS~1\7.0\MOTHER~1\MOTHER~1\ARDUIN~1\Debug\libArduinoCore.a(timers.o)
 .text.initVariant
                0x0000abcc       0x10 C:\Users\Anthony\DOCUME~1\ATMELS~1\7.0\MOTHER~1\MOTHER~1\ARDUIN~1\Debug\libArduinoCore.a(variantHooks.o)
                0x0000abcc                initVariant
 .text.vApplicationIdleHook
                0x0000abdc       0x20 C:\Users\Anthony\DOCUME~1\ATMELS~1\7.0\MOTHER~1\MOTHER~1\ARDUIN~1\Debug\libArduinoCore.a(variantHooks.o)
                0x0000abdc                vApplicationIdleHook
 .text.vApplicationMallocFailedHook
                0x0000abfc      0x12e C:\Users\Anthony\DOCUME~1\ATMELS~1\7.0\MOTHER~1\MOTHER~1\ARDUIN~1\Debug\libArduinoCore.a(variantHooks.o)
                0x0000abfc                vApplicationMallocFailedHook
 .text.vApplicationStackOverflowHook
                0x0000ad2a      0x136 C:\Users\Anthony\DOCUME~1\ATMELS~1\7.0\MOTHER~1\MOTHER~1\ARDUIN~1\Debug\libArduinoCore.a(variantHooks.o)
                0x0000ad2a                vApplicationStackOverflowHook
 .text._ZN8SPIClass5beginEv
                0x0000ae60      0x108 C:\Users\Anthony\DOCUME~1\ATMELS~1\7.0\MOTHER~1\MOTHER~1\ARDUIN~1\Debug\libArduinoCore.a(SPI.o)
                0x0000ae60                _ZN8SPIClass5beginEv
 .text.__empty  0x0000af68       0x10 C:\Users\Anthony\DOCUME~1\ATMELS~1\7.0\MOTHER~1\MOTHER~1\ARDUIN~1\Debug\libArduinoCore.a(hooks.o)
                0x0000af68                yield
 .text.pvPortMalloc
                0x0000af78       0x40 C:\Users\Anthony\DOCUME~1\ATMELS~1\7.0\MOTHER~1\MOTHER~1\ARDUIN~1\Debug\libArduinoCore.a(heap_3.o)
                0x0000af78                pvPortMalloc
 .text.vPortFree
                0x0000afb8       0x34 C:\Users\Anthony\DOCUME~1\ATMELS~1\7.0\MOTHER~1\MOTHER~1\ARDUIN~1\Debug\libArduinoCore.a(heap_3.o)
                0x0000afb8                vPortFree
 .text.vListInitialise
                0x0000afec       0x6e C:\Users\Anthony\DOCUME~1\ATMELS~1\7.0\MOTHER~1\MOTHER~1\ARDUIN~1\Debug\libArduinoCore.a(list.o)
                0x0000afec                vListInitialise
 .text.vListInitialiseItem
                0x0000b05a       0x26 C:\Users\Anthony\DOCUME~1\ATMELS~1\7.0\MOTHER~1\MOTHER~1\ARDUIN~1\Debug\libArduinoCore.a(list.o)
                0x0000b05a                vListInitialiseItem
 .text.vListInsertEnd
                0x0000b080       0x9c C:\Users\Anthony\DOCUME~1\ATMELS~1\7.0\MOTHER~1\MOTHER~1\ARDUIN~1\Debug\libArduinoCore.a(list.o)
                0x0000b080                vListInsertEnd
 .text.vListInsert
                0x0000b11c       0xf0 C:\Users\Anthony\DOCUME~1\ATMELS~1\7.0\MOTHER~1\MOTHER~1\ARDUIN~1\Debug\libArduinoCore.a(list.o)
                0x0000b11c                vListInsert
 .text.uxListRemove
                0x0000b20c       0xae C:\Users\Anthony\DOCUME~1\ATMELS~1\7.0\MOTHER~1\MOTHER~1\ARDUIN~1\Debug\libArduinoCore.a(list.o)
                0x0000b20c                uxListRemove
 .text.pxPortInitialiseStack
                0x0000b2ba      0x388 C:\Users\Anthony\DOCUME~1\ATMELS~1\7.0\MOTHER~1\MOTHER~1\ARDUIN~1\Debug\libArduinoCore.a(port.o)
                0x0000b2ba                pxPortInitialiseStack
 .text.xPortStartScheduler
                0x0000b642       0x70 C:\Users\Anthony\DOCUME~1\ATMELS~1\7.0\MOTHER~1\MOTHER~1\ARDUIN~1\Debug\libArduinoCore.a(port.o)
                0x0000b642                xPortStartScheduler
 .text.vPortYield
                0x0000b6b2       0xc4 C:\Users\Anthony\DOCUME~1\ATMELS~1\7.0\MOTHER~1\MOTHER~1\ARDUIN~1\Debug\libArduinoCore.a(port.o)
                0x0000b6b2                vPortYield
 .text.vPortYieldFromTick
                0x0000b776       0xd4 C:\Users\Anthony\DOCUME~1\ATMELS~1\7.0\MOTHER~1\MOTHER~1\ARDUIN~1\Debug\libArduinoCore.a(port.o)
                0x0000b776                vPortYieldFromTick
 .text.prvSetupTimerInterrupt
                0x0000b84a       0x3e C:\Users\Anthony\DOCUME~1\ATMELS~1\7.0\MOTHER~1\MOTHER~1\ARDUIN~1\Debug\libArduinoCore.a(port.o)
 .text.__vector_12
                0x0000b888        0x6 C:\Users\Anthony\DOCUME~1\ATMELS~1\7.0\MOTHER~1\MOTHER~1\ARDUIN~1\Debug\libArduinoCore.a(port.o)
                0x0000b888                __vector_12
 .text.xQueueGenericReset
                0x0000b88e      0x120 C:\Users\Anthony\DOCUME~1\ATMELS~1\7.0\MOTHER~1\MOTHER~1\ARDUIN~1\Debug\libArduinoCore.a(queue.o)
                0x0000b88e                xQueueGenericReset
 .text.xQueueGenericCreate
                0x0000b9ae       0x9c C:\Users\Anthony\DOCUME~1\ATMELS~1\7.0\MOTHER~1\MOTHER~1\ARDUIN~1\Debug\libArduinoCore.a(queue.o)
                0x0000b9ae                xQueueGenericCreate
 .text.prvInitialiseNewQueue
                0x0000ba4a       0x7e C:\Users\Anthony\DOCUME~1\ATMELS~1\7.0\MOTHER~1\MOTHER~1\ARDUIN~1\Debug\libArduinoCore.a(queue.o)
 .text.xQueueGenericSend
                0x0000bac8      0x152 C:\Users\Anthony\DOCUME~1\ATMELS~1\7.0\MOTHER~1\MOTHER~1\ARDUIN~1\Debug\libArduinoCore.a(queue.o)
                0x0000bac8                xQueueGenericSend
 .text.xQueueGenericSendFromISR
                0x0000bc1a       0xbc C:\Users\Anthony\DOCUME~1\ATMELS~1\7.0\MOTHER~1\MOTHER~1\ARDUIN~1\Debug\libArduinoCore.a(queue.o)
                0x0000bc1a                xQueueGenericSendFromISR
 .text.xQueueReceive
                0x0000bcd6      0x152 C:\Users\Anthony\DOCUME~1\ATMELS~1\7.0\MOTHER~1\MOTHER~1\ARDUIN~1\Debug\libArduinoCore.a(queue.o)
                0x0000bcd6                xQueueReceive
 .text.prvCopyDataToQueue
                0x0000be28      0x19c C:\Users\Anthony\DOCUME~1\ATMELS~1\7.0\MOTHER~1\MOTHER~1\ARDUIN~1\Debug\libArduinoCore.a(queue.o)
 .text.prvCopyDataFromQueue
                0x0000bfc4       0xa0 C:\Users\Anthony\DOCUME~1\ATMELS~1\7.0\MOTHER~1\MOTHER~1\ARDUIN~1\Debug\libArduinoCore.a(queue.o)
 .text.prvUnlockQueue
                0x0000c064       0xbc C:\Users\Anthony\DOCUME~1\ATMELS~1\7.0\MOTHER~1\MOTHER~1\ARDUIN~1\Debug\libArduinoCore.a(queue.o)
 .text.prvIsQueueEmpty
                0x0000c120       0x3a C:\Users\Anthony\DOCUME~1\ATMELS~1\7.0\MOTHER~1\MOTHER~1\ARDUIN~1\Debug\libArduinoCore.a(queue.o)
 .text.prvIsQueueFull
                0x0000c15a       0x42 C:\Users\Anthony\DOCUME~1\ATMELS~1\7.0\MOTHER~1\MOTHER~1\ARDUIN~1\Debug\libArduinoCore.a(queue.o)
 .text.vQueueWaitForMessageRestricted
                0x0000c19c       0x90 C:\Users\Anthony\DOCUME~1\ATMELS~1\7.0\MOTHER~1\MOTHER~1\ARDUIN~1\Debug\libArduinoCore.a(queue.o)
                0x0000c19c                vQueueWaitForMessageRestricted
 .text.avr-libc.fplib
                0x0000c22c        0xa c:/program files (x86)/atmel/studio/7.0/toolchain/avr8/avr8-gnu-toolchain/bin/../lib/gcc/avr/5.4.0/../../../../avr/lib/avr6\libm.a(cmpsf2.o)
                0x0000c22c                __nesf2
                0x0000c22c                __eqsf2
                0x0000c22c                __cmpsf2
                0x0000c22c                __ltsf2
                0x0000c22c                __lesf2
 .text.libgcc.div
                0x0000c236       0x26 c:/program files (x86)/atmel/studio/7.0/toolchain/avr8/avr8-gnu-toolchain/bin/../lib/gcc/avr/5.4.0/avr6\libgcc.a(_divmodhi4.o)
                0x0000c236                _div
                0x0000c236                __divmodhi4
 .text.libgcc.div
                0x0000c25c       0x44 c:/program files (x86)/atmel/studio/7.0/toolchain/avr8/avr8-gnu-toolchain/bin/../lib/gcc/avr/5.4.0/avr6\libgcc.a(_udivmodsi4.o)
                0x0000c25c                __udivmodsi4
 .text.libgcc.div
                0x0000c2a0       0x28 c:/program files (x86)/atmel/studio/7.0/toolchain/avr8/avr8-gnu-toolchain/bin/../lib/gcc/avr/5.4.0/avr6\libgcc.a(_divmodsi4.o)
                0x0000c2a0                __divmodsi4
 .text.libgcc.div
                0x0000c2c8       0x10 c:/program files (x86)/atmel/studio/7.0/toolchain/avr8/avr8-gnu-toolchain/bin/../lib/gcc/avr/5.4.0/avr6\libgcc.a(_negsi2.o)
                0x0000c2c8                __negsi2
 .text.libgcc   0x0000c2d8       0x10 c:/program files (x86)/atmel/studio/7.0/toolchain/avr8/avr8-gnu-toolchain/bin/../lib/gcc/avr/5.4.0/avr6\libgcc.a(_tablejump2.o)
                0x0000c2d8                __tablejump2__
 .text.libgcc.mul
                0x0000c2e8       0x14 c:/program files (x86)/atmel/studio/7.0/toolchain/avr8/avr8-gnu-toolchain/bin/../lib/gcc/avr/5.4.0/avr6\libgcc.a(_muluhisi3.o)
                0x0000c2e8                __muluhisi3
 .text.libgcc.div
                0x0000c2fc       0x28 c:/program files (x86)/atmel/studio/7.0/toolchain/avr8/avr8-gnu-toolchain/bin/../lib/gcc/avr/5.4.0/avr6\libgcc.a(_udivmodhi4.o)
                0x0000c2fc                __udivmodhi4
 .text.libgcc.mul
                0x0000c324       0x1e c:/program files (x86)/atmel/studio/7.0/toolchain/avr8/avr8-gnu-toolchain/bin/../lib/gcc/avr/5.4.0/avr6\libgcc.a(_umulhisi3.o)
                0x0000c324                __umulhisi3
 .text.avr-libc
                0x0000c342      0x242 c:/program files (x86)/atmel/studio/7.0/toolchain/avr8/avr8-gnu-toolchain/bin/../lib/gcc/avr/5.4.0/../../../../avr/lib/avr6\libc.a(malloc.o)
                0x0000c342                malloc
                0x0000c472                free
 .text.avr-libc
                0x0000c584      0x138 c:/program files (x86)/atmel/studio/7.0/toolchain/avr8/avr8-gnu-toolchain/bin/../lib/gcc/avr/5.4.0/../../../../avr/lib/avr6\libc.a(random.o)
                0x0000c584                random_r
                0x0000c614                random
                0x0000c6aa                srandom
 .text.avr-libc
                0x0000c6bc      0x1c0 c:/program files (x86)/atmel/studio/7.0/toolchain/avr8/avr8-gnu-toolchain/bin/../lib/gcc/avr/5.4.0/../../../../avr/lib/avr6\libc.a(realloc.o)
                0x0000c6bc                realloc
 .text.avr-libc
                0x0000c87c        0x8 c:/program files (x86)/atmel/studio/7.0/toolchain/avr8/avr8-gnu-toolchain/bin/../lib/gcc/avr/5.4.0/../../../../avr/lib/avr6\libc.a(abort.o)
                0x0000c87c                abort
 .text.avr-libc
                0x0000c884       0x3a c:/program files (x86)/atmel/studio/7.0/toolchain/avr8/avr8-gnu-toolchain/bin/../lib/gcc/avr/5.4.0/../../../../avr/lib/avr6\libc.a(atoi.o)
                0x0000c884                atoi
 .text.avr-libc
                0x0000c8be        0x6 c:/program files (x86)/atmel/studio/7.0/toolchain/avr8/avr8-gnu-toolchain/bin/../lib/gcc/avr/5.4.0/../../../../avr/lib/avr6\libc.a(strtok.o)
                0x0000c8be                strtok
 .text.avr-libc
                0x0000c8c4       0x12 c:/program files (x86)/atmel/studio/7.0/toolchain/avr8/avr8-gnu-toolchain/bin/../lib/gcc/avr/5.4.0/../../../../avr/lib/avr6\libc.a(memcpy.o)
                0x0000c8c4                memcpy
 .text.avr-libc
                0x0000c8d6        0xe c:/program files (x86)/atmel/studio/7.0/toolchain/avr8/avr8-gnu-toolchain/bin/../lib/gcc/avr/5.4.0/../../../../avr/lib/avr6\libc.a(memset.o)
                0x0000c8d6                memset
 .text.avr-libc
                0x0000c8e4       0x12 c:/program files (x86)/atmel/studio/7.0/toolchain/avr8/avr8-gnu-toolchain/bin/../lib/gcc/avr/5.4.0/../../../../avr/lib/avr6\libc.a(strcmp.o)
                0x0000c8e4                strcmp
 .text.avr-libc
                0x0000c8f6        0xe c:/program files (x86)/atmel/studio/7.0/toolchain/avr8/avr8-gnu-toolchain/bin/../lib/gcc/avr/5.4.0/../../../../avr/lib/avr6\libc.a(strcpy.o)
                0x0000c8f6                strcpy
 .text.avr-libc
                0x0000c904       0x12 c:/program files (x86)/atmel/studio/7.0/toolchain/avr8/avr8-gnu-toolchain/bin/../lib/gcc/avr/5.4.0/../../../../avr/lib/avr6\libc.a(strlen.o)
                0x0000c904                strlen
 .text.avr-libc
                0x0000c916       0x1c c:/program files (x86)/atmel/studio/7.0/toolchain/avr8/avr8-gnu-toolchain/bin/../lib/gcc/avr/5.4.0/../../../../avr/lib/avr6\libc.a(strncmp.o)
                0x0000c916                strncmp
 .text.avr-libc
                0x0000c932       0x4e c:/program files (x86)/atmel/studio/7.0/toolchain/avr8/avr8-gnu-toolchain/bin/../lib/gcc/avr/5.4.0/../../../../avr/lib/avr6\libc.a(strtok_r.o)
                0x0000c932                strtok_r
 .text.avr-libc
                0x0000c980       0x14 c:/program files (x86)/atmel/studio/7.0/toolchain/avr8/avr8-gnu-toolchain/bin/../lib/gcc/avr/5.4.0/../../../../avr/lib/avr6\libc.a(itoa.o)
                0x0000c980                __itoa
                0x0000c980                itoa
 .text.avr-libc
                0x0000c994       0x14 c:/program files (x86)/atmel/studio/7.0/toolchain/avr8/avr8-gnu-toolchain/bin/../lib/gcc/avr/5.4.0/../../../../avr/lib/avr6\libc.a(itoa_ncheck.o)
                0x0000c994                __itoa_ncheck
 .text.avr-libc
                0x0000c9a8       0x14 c:/program files (x86)/atmel/studio/7.0/toolchain/avr8/avr8-gnu-toolchain/bin/../lib/gcc/avr/5.4.0/../../../../avr/lib/avr6\libc.a(ltoa.o)
                0x0000c9a8                ltoa
                0x0000c9a8                __ltoa
 .text.avr-libc
                0x0000c9bc       0x1c c:/program files (x86)/atmel/studio/7.0/toolchain/avr8/avr8-gnu-toolchain/bin/../lib/gcc/avr/5.4.0/../../../../avr/lib/avr6\libc.a(ltoa_ncheck.o)
                0x0000c9bc                __ltoa_ncheck
 .text.avr-libc
                0x0000c9d8       0x10 c:/program files (x86)/atmel/studio/7.0/toolchain/avr8/avr8-gnu-toolchain/bin/../lib/gcc/avr/5.4.0/../../../../avr/lib/avr6\libc.a(mul10.o)
                0x0000c9d8                __mulhi_const_10
 .text.avr-libc
                0x0000c9e8       0x42 c:/program files (x86)/atmel/studio/7.0/toolchain/avr8/avr8-gnu-toolchain/bin/../lib/gcc/avr/5.4.0/../../../../avr/lib/avr6\libc.a(ultoa_ncheck.o)
                0x0000c9e8                __ultoa_ncheck
                0x0000c9ea                __ultoa_common
 .text.avr-libc
                0x0000ca2a       0x32 c:/program files (x86)/atmel/studio/7.0/toolchain/avr8/avr8-gnu-toolchain/bin/../lib/gcc/avr/5.4.0/../../../../avr/lib/avr6\libc.a(utoa_ncheck.o)
                0x0000ca2a                __utoa_ncheck
                0x0000ca2c                __utoa_common
 .text.avr-libc
                0x0000ca5c       0x5c c:/program files (x86)/atmel/studio/7.0/toolchain/avr8/avr8-gnu-toolchain/bin/../lib/gcc/avr/5.4.0/../../../../avr/lib/avr6\libc.a(sprintf.o)
                0x0000ca5c                sprintf
 .text.avr-libc
                0x0000cab8      0x3fa c:/program files (x86)/atmel/studio/7.0/toolchain/avr8/avr8-gnu-toolchain/bin/../lib/gcc/avr/5.4.0/../../../../avr/lib/avr6\libc.a(vfprintf_std.o)
                0x0000cab8                vfprintf
 .text.avr-libc
                0x0000ceb2       0x16 c:/program files (x86)/atmel/studio/7.0/toolchain/avr8/avr8-gnu-toolchain/bin/../lib/gcc/avr/5.4.0/../../../../avr/lib/avr6\libc.a(strnlen_P.o)
                0x0000ceb2                strnlen_P
 .text.avr-libc
                0x0000cec8       0x16 c:/program files (x86)/atmel/studio/7.0/toolchain/avr8/avr8-gnu-toolchain/bin/../lib/gcc/avr/5.4.0/../../../../avr/lib/avr6\libc.a(strnlen.o)
                0x0000cec8                strnlen
 .text.avr-libc
                0x0000cede       0x20 c:/program files (x86)/atmel/studio/7.0/toolchain/avr8/avr8-gnu-toolchain/bin/../lib/gcc/avr/5.4.0/../../../../avr/lib/avr6\libc.a(strrev.o)
                0x0000cede                strrev
 .text.avr-libc
                0x0000cefe       0x78 c:/program files (x86)/atmel/studio/7.0/toolchain/avr8/avr8-gnu-toolchain/bin/../lib/gcc/avr/5.4.0/../../../../avr/lib/avr6\libc.a(fputc.o)
                0x0000cefe                fputc
 .text.avr-libc
                0x0000cf76       0xbc c:/program files (x86)/atmel/studio/7.0/toolchain/avr8/avr8-gnu-toolchain/bin/../lib/gcc/avr/5.4.0/../../../../avr/lib/avr6\libc.a(ultoa_invert.o)
                0x0000cf76                __ultoa_invert
 .text.libgcc.mul
                0x0000d032        0xc c:/program files (x86)/atmel/studio/7.0/toolchain/avr8/avr8-gnu-toolchain/bin/../lib/gcc/avr/5.4.0/avr6\libgcc.a(_mulshisi3.o)
                0x0000d032                __mulshisi3
                0x0000d036                __mulohisi3
                0x0000d03e                . = ALIGN (0x2)
 *(.fini9)
 .fini9         0x0000d03e        0x0 c:/program files (x86)/atmel/studio/7.0/toolchain/avr8/avr8-gnu-toolchain/bin/../lib/gcc/avr/5.4.0/avr6\libgcc.a(_exit.o)
                0x0000d03e                _exit
                0x0000d03e                exit
 *(.fini9)
 *(.fini8)
 *(.fini8)
 *(.fini7)
 *(.fini7)
 *(.fini6)
 .fini6         0x0000d03e       0x1e c:/program files (x86)/atmel/studio/7.0/toolchain/avr8/avr8-gnu-toolchain/bin/../lib/gcc/avr/5.4.0/avr6\libgcc.a(_dtors.o)
                0x0000d03e                __do_global_dtors
 *(.fini6)
 *(.fini5)
 *(.fini5)
 *(.fini4)
 *(.fini4)
 *(.fini3)
 *(.fini3)
 *(.fini2)
 *(.fini2)
 *(.fini1)
 *(.fini1)
 *(.fini0)
 .fini0         0x0000d05c        0x4 c:/program files (x86)/atmel/studio/7.0/toolchain/avr8/avr8-gnu-toolchain/bin/../lib/gcc/avr/5.4.0/avr6\libgcc.a(_exit.o)
 *(.fini0)
                0x0000d060                _etext = .

.data           0x00800200      0x110 load address 0x0000d060
                0x00800200                PROVIDE (__data_start, .)
 *(.data)
 .data          0x00800200        0x6 c:/program files (x86)/atmel/studio/7.0/toolchain/avr8/avr8-gnu-toolchain/bin/../lib/gcc/avr/5.4.0/../../../../avr/lib/avr6\libc.a(malloc.o)
                0x00800200                __malloc_heap_end
                0x00800202                __malloc_heap_start
                0x00800204                __malloc_margin
 .data          0x00800206        0x4 c:/program files (x86)/atmel/studio/7.0/toolchain/avr8/avr8-gnu-toolchain/bin/../lib/gcc/avr/5.4.0/../../../../avr/lib/avr6\libc.a(random.o)
 *(.data*)
 .data._ZL17int_hardwareTypes
                0x0080020a        0xa SerialProcessing.o
 .data.SIMULATIONMODE
                0x00800214        0x1 Sketch.o
                0x00800214                SIMULATIONMODE
 *(.gnu.linkonce.d*)
 *(.rodata)
 .rodata        0x00800215        0x9 SerialProcessing.o
 .rodata        0x0080021e       0x75 Sketch.o
 .rodata        0x00800293       0x25 SpcProcessing.o
 .rodata        0x008002b8        0xf C:\Users\Anthony\DOCUME~1\ATMELS~1\7.0\MOTHER~1\MOTHER~1\ARDUIN~1\Debug\libArduinoCore.a(Print.o)
 .rodata        0x008002c7        0x5 C:\Users\Anthony\DOCUME~1\ATMELS~1\7.0\MOTHER~1\MOTHER~1\ARDUIN~1\Debug\libArduinoCore.a(tasks.o)
 .rodata        0x008002cc        0x8 C:\Users\Anthony\DOCUME~1\ATMELS~1\7.0\MOTHER~1\MOTHER~1\ARDUIN~1\Debug\libArduinoCore.a(timers.o)
 *(.rodata*)
 .rodata._ZTV6Stream
                0x008002d4       0x12 SerialProcessing.o
                0x008002d4                _ZTV6Stream
 .rodata._ZTV11TFT_ILI9341
                0x008002e6        0xc TFT_ILI9341.o
                0x008002e6                _ZTV11TFT_ILI9341
 .rodata._ZTV14HardwareSerial
                0x008002f2       0x12 C:\Users\Anthony\DOCUME~1\ATMELS~1\7.0\MOTHER~1\MOTHER~1\ARDUIN~1\Debug\libArduinoCore.a(HardwareSerial.o)
                0x008002f2                _ZTV14HardwareSerial
 .rodata._ZTV5Print
                0x00800304        0xc C:\Users\Anthony\DOCUME~1\ATMELS~1\7.0\MOTHER~1\MOTHER~1\ARDUIN~1\Debug\libArduinoCore.a(Print.o)
                0x00800304                _ZTV5Print
 *(.gnu.linkonce.r*)
                0x00800310                . = ALIGN (0x2)
                0x00800310                _edata = .
                0x00800310                PROVIDE (__data_end, .)

.bss            0x00800310      0x28a
                0x00800310                PROVIDE (__bss_start, .)
 *(.bss)
 .bss           0x00800310        0x2 c:/program files (x86)/atmel/studio/7.0/toolchain/avr8/avr8-gnu-toolchain/bin/../lib/gcc/avr/5.4.0/../../../../avr/lib/avr6\libc.a(strtok.o)
 *(.bss*)
 .bss._ZN6Screen13firstInstanceE
                0x00800312        0x2 Screen.o
                0x00800312                _ZN6Screen13firstInstanceE
 .bss.i         0x00800314        0x2 Screen.o
                0x00800314                i
 .bss.tft       0x00800316       0x25 Screen.o
                0x00800316                tft
 .bss._ZN18SerialPortExpander13firstInstanceE
                0x0080033b        0x2 SerialPortExpander.o
                0x0080033b                _ZN18SerialPortExpander13firstInstanceE
 .bss._ZL13receivedChars
                0x0080033d       0x20 SerialProcessing.o
 .bss._ZZ11CheckSerialP14HardwareSerialE3ndx
                0x0080035d        0x1 SerialProcessing.o
 .bss.IsInSimulationMode
                0x0080035e        0x1 Sketch.o
                0x0080035e                IsInSimulationMode
 .bss.sCommand  0x0080035f        0x6 Sketch.o
                0x0080035f                sCommand
 .bss.spcProcessing
                0x00800365       0x19 Sketch.o
                0x00800365                spcProcessing
 .bss.serialPortExpander
                0x0080037e       0x4e Sketch.o
                0x0080037e                serialPortExpander
 .bss.screen    0x008003cc        0x1 Sketch.o
                0x008003cc                screen
 .bss._ZN13SpcProcessing13firstinstanceE
                0x008003cd        0x2 SpcProcessing.o
                0x008003cd                _ZN13SpcProcessing13firstinstanceE
 .bss.Serial    0x008003cf       0x9d C:\Users\Anthony\DOCUME~1\ATMELS~1\7.0\MOTHER~1\MOTHER~1\ARDUIN~1\Debug\libArduinoCore.a(HardwareSerial0.o)
                0x008003cf                Serial
 .bss.Serial1   0x0080046c       0x9d C:\Users\Anthony\DOCUME~1\ATMELS~1\7.0\MOTHER~1\MOTHER~1\ARDUIN~1\Debug\libArduinoCore.a(HardwareSerial1.o)
                0x0080046c                Serial1
 .bss.timer0_overflow_count
                0x00800509        0x4 C:\Users\Anthony\DOCUME~1\ATMELS~1\7.0\MOTHER~1\MOTHER~1\ARDUIN~1\Debug\libArduinoCore.a(wiring.o)
                0x00800509                timer0_overflow_count
 .bss.timer0_millis
                0x0080050d        0x4 C:\Users\Anthony\DOCUME~1\ATMELS~1\7.0\MOTHER~1\MOTHER~1\ARDUIN~1\Debug\libArduinoCore.a(wiring.o)
                0x0080050d                timer0_millis
 .bss.timer0_fract
                0x00800511        0x1 C:\Users\Anthony\DOCUME~1\ATMELS~1\7.0\MOTHER~1\MOTHER~1\ARDUIN~1\Debug\libArduinoCore.a(wiring.o)
 .bss._ZZN6StringixEjE19dummy_writable_char
                0x00800512        0x1 C:\Users\Anthony\DOCUME~1\ATMELS~1\7.0\MOTHER~1\MOTHER~1\ARDUIN~1\Debug\libArduinoCore.a(WString.o)
 .bss.pxCurrentTCB
                0x00800513        0x2 C:\Users\Anthony\DOCUME~1\ATMELS~1\7.0\MOTHER~1\MOTHER~1\ARDUIN~1\Debug\libArduinoCore.a(tasks.o)
                0x00800513                pxCurrentTCB
 .bss.pxReadyTasksLists
                0x00800515       0x24 C:\Users\Anthony\DOCUME~1\ATMELS~1\7.0\MOTHER~1\MOTHER~1\ARDUIN~1\Debug\libArduinoCore.a(tasks.o)
 .bss.xDelayedTaskList1
                0x00800539        0x9 C:\Users\Anthony\DOCUME~1\ATMELS~1\7.0\MOTHER~1\MOTHER~1\ARDUIN~1\Debug\libArduinoCore.a(tasks.o)
 .bss.xDelayedTaskList2
                0x00800542        0x9 C:\Users\Anthony\DOCUME~1\ATMELS~1\7.0\MOTHER~1\MOTHER~1\ARDUIN~1\Debug\libArduinoCore.a(tasks.o)
 .bss.pxDelayedTaskList
                0x0080054b        0x2 C:\Users\Anthony\DOCUME~1\ATMELS~1\7.0\MOTHER~1\MOTHER~1\ARDUIN~1\Debug\libArduinoCore.a(tasks.o)
 .bss.pxOverflowDelayedTaskList
                0x0080054d        0x2 C:\Users\Anthony\DOCUME~1\ATMELS~1\7.0\MOTHER~1\MOTHER~1\ARDUIN~1\Debug\libArduinoCore.a(tasks.o)
 .bss.xPendingReadyList
                0x0080054f        0x9 C:\Users\Anthony\DOCUME~1\ATMELS~1\7.0\MOTHER~1\MOTHER~1\ARDUIN~1\Debug\libArduinoCore.a(tasks.o)
 .bss.xTasksWaitingTermination
                0x00800558        0x9 C:\Users\Anthony\DOCUME~1\ATMELS~1\7.0\MOTHER~1\MOTHER~1\ARDUIN~1\Debug\libArduinoCore.a(tasks.o)
 .bss.uxDeletedTasksWaitingCleanUp
                0x00800561        0x1 C:\Users\Anthony\DOCUME~1\ATMELS~1\7.0\MOTHER~1\MOTHER~1\ARDUIN~1\Debug\libArduinoCore.a(tasks.o)
 .bss.xSuspendedTaskList
                0x00800562        0x9 C:\Users\Anthony\DOCUME~1\ATMELS~1\7.0\MOTHER~1\MOTHER~1\ARDUIN~1\Debug\libArduinoCore.a(tasks.o)
 .bss.uxCurrentNumberOfTasks
                0x0080056b        0x1 C:\Users\Anthony\DOCUME~1\ATMELS~1\7.0\MOTHER~1\MOTHER~1\ARDUIN~1\Debug\libArduinoCore.a(tasks.o)
 .bss.xTickCount
                0x0080056c        0x2 C:\Users\Anthony\DOCUME~1\ATMELS~1\7.0\MOTHER~1\MOTHER~1\ARDUIN~1\Debug\libArduinoCore.a(tasks.o)
 .bss.uxTopReadyPriority
                0x0080056e        0x1 C:\Users\Anthony\DOCUME~1\ATMELS~1\7.0\MOTHER~1\MOTHER~1\ARDUIN~1\Debug\libArduinoCore.a(tasks.o)
 .bss.xSchedulerRunning
                0x0080056f        0x1 C:\Users\Anthony\DOCUME~1\ATMELS~1\7.0\MOTHER~1\MOTHER~1\ARDUIN~1\Debug\libArduinoCore.a(tasks.o)
 .bss.uxPendedTicks
                0x00800570        0x1 C:\Users\Anthony\DOCUME~1\ATMELS~1\7.0\MOTHER~1\MOTHER~1\ARDUIN~1\Debug\libArduinoCore.a(tasks.o)
 .bss.xYieldPending
                0x00800571        0x1 C:\Users\Anthony\DOCUME~1\ATMELS~1\7.0\MOTHER~1\MOTHER~1\ARDUIN~1\Debug\libArduinoCore.a(tasks.o)
 .bss.xNumOfOverflows
                0x00800572        0x1 C:\Users\Anthony\DOCUME~1\ATMELS~1\7.0\MOTHER~1\MOTHER~1\ARDUIN~1\Debug\libArduinoCore.a(tasks.o)
 .bss.uxTaskNumber
                0x00800573        0x1 C:\Users\Anthony\DOCUME~1\ATMELS~1\7.0\MOTHER~1\MOTHER~1\ARDUIN~1\Debug\libArduinoCore.a(tasks.o)
 .bss.xNextTaskUnblockTime
                0x00800574        0x2 C:\Users\Anthony\DOCUME~1\ATMELS~1\7.0\MOTHER~1\MOTHER~1\ARDUIN~1\Debug\libArduinoCore.a(tasks.o)
 .bss.xIdleTaskHandle
                0x00800576        0x2 C:\Users\Anthony\DOCUME~1\ATMELS~1\7.0\MOTHER~1\MOTHER~1\ARDUIN~1\Debug\libArduinoCore.a(tasks.o)
 .bss.uxSchedulerSuspended
                0x00800578        0x1 C:\Users\Anthony\DOCUME~1\ATMELS~1\7.0\MOTHER~1\MOTHER~1\ARDUIN~1\Debug\libArduinoCore.a(tasks.o)
 .bss.xActiveTimerList1
                0x00800579        0x9 C:\Users\Anthony\DOCUME~1\ATMELS~1\7.0\MOTHER~1\MOTHER~1\ARDUIN~1\Debug\libArduinoCore.a(timers.o)
 .bss.xActiveTimerList2
                0x00800582        0x9 C:\Users\Anthony\DOCUME~1\ATMELS~1\7.0\MOTHER~1\MOTHER~1\ARDUIN~1\Debug\libArduinoCore.a(timers.o)
 .bss.pxCurrentTimerList
                0x0080058b        0x2 C:\Users\Anthony\DOCUME~1\ATMELS~1\7.0\MOTHER~1\MOTHER~1\ARDUIN~1\Debug\libArduinoCore.a(timers.o)
 .bss.pxOverflowTimerList
                0x0080058d        0x2 C:\Users\Anthony\DOCUME~1\ATMELS~1\7.0\MOTHER~1\MOTHER~1\ARDUIN~1\Debug\libArduinoCore.a(timers.o)
 .bss.xTimerQueue
                0x0080058f        0x2 C:\Users\Anthony\DOCUME~1\ATMELS~1\7.0\MOTHER~1\MOTHER~1\ARDUIN~1\Debug\libArduinoCore.a(timers.o)
 .bss.xTimerTaskHandle
                0x00800591        0x2 C:\Users\Anthony\DOCUME~1\ATMELS~1\7.0\MOTHER~1\MOTHER~1\ARDUIN~1\Debug\libArduinoCore.a(timers.o)
 .bss.xLastTime.2412
                0x00800593        0x2 C:\Users\Anthony\DOCUME~1\ATMELS~1\7.0\MOTHER~1\MOTHER~1\ARDUIN~1\Debug\libArduinoCore.a(timers.o)
 .bss._ZN8SPIClass11initializedE
                0x00800595        0x1 C:\Users\Anthony\DOCUME~1\ATMELS~1\7.0\MOTHER~1\MOTHER~1\ARDUIN~1\Debug\libArduinoCore.a(SPI.o)
                0x00800595                _ZN8SPIClass11initializedE
 *(COMMON)
 COMMON         0x00800596        0x4 c:/program files (x86)/atmel/studio/7.0/toolchain/avr8/avr8-gnu-toolchain/bin/../lib/gcc/avr/5.4.0/../../../../avr/lib/avr6\libc.a(malloc.o)
                0x00800596                __brkval
                0x00800598                __flp
                0x0080059a                PROVIDE (__bss_end, .)
                0x0000d060                __data_load_start = LOADADDR (.data)
                0x0000d170                __data_load_end = (__data_load_start + SIZEOF (.data))

.noinit         0x0080059a        0x0
                [!provide]                PROVIDE (__noinit_start, .)
 *(.noinit*)
                [!provide]                PROVIDE (__noinit_end, .)
                0x0080059a                _end = .
                0x0080059a                PROVIDE (__heap_start, .)
