Archive member included to satisfy reference by file (symbol)

c:/program files (x86)/atmel/studio/7.0/toolchain/avr8/avr8-gnu-toolchain/bin/../lib/gcc/avr/5.4.0/../../../../avr/lib/avr6\libm.a(addsf3.o)
                              TFT_ILI9341.o (__subsf3)
c:/program files (x86)/atmel/studio/7.0/toolchain/avr8/avr8-gnu-toolchain/bin/../lib/gcc/avr/5.4.0/../../../../avr/lib/avr6\libm.a(addsf3x.o)
                              c:/program files (x86)/atmel/studio/7.0/toolchain/avr8/avr8-gnu-toolchain/bin/../lib/gcc/avr/5.4.0/../../../../avr/lib/avr6\libm.a(addsf3.o) (__addsf3x)
c:/program files (x86)/atmel/studio/7.0/toolchain/avr8/avr8-gnu-toolchain/bin/../lib/gcc/avr/5.4.0/../../../../avr/lib/avr6\libm.a(divsf3.o)
                              SpcProcessing.o (__divsf3)
c:/program files (x86)/atmel/studio/7.0/toolchain/avr8/avr8-gnu-toolchain/bin/../lib/gcc/avr/5.4.0/../../../../avr/lib/avr6\libm.a(divsf3x.o)
                              c:/program files (x86)/atmel/studio/7.0/toolchain/avr8/avr8-gnu-toolchain/bin/../lib/gcc/avr/5.4.0/../../../../avr/lib/avr6\libm.a(divsf3.o) (__divsf3x)
c:/program files (x86)/atmel/studio/7.0/toolchain/avr8/avr8-gnu-toolchain/bin/../lib/gcc/avr/5.4.0/../../../../avr/lib/avr6\libm.a(fixunssfsi.o)
                              TFT_ILI9341.o (__fixunssfsi)
c:/program files (x86)/atmel/studio/7.0/toolchain/avr8/avr8-gnu-toolchain/bin/../lib/gcc/avr/5.4.0/../../../../avr/lib/avr6\libm.a(floatsisf.o)
                              TFT_ILI9341.o (__floatunsisf)
c:/program files (x86)/atmel/studio/7.0/toolchain/avr8/avr8-gnu-toolchain/bin/../lib/gcc/avr/5.4.0/../../../../avr/lib/avr6\libm.a(fp_inf.o)
                              c:/program files (x86)/atmel/studio/7.0/toolchain/avr8/avr8-gnu-toolchain/bin/../lib/gcc/avr/5.4.0/../../../../avr/lib/avr6\libm.a(addsf3x.o) (__fp_inf)
c:/program files (x86)/atmel/studio/7.0/toolchain/avr8/avr8-gnu-toolchain/bin/../lib/gcc/avr/5.4.0/../../../../avr/lib/avr6\libm.a(fp_nan.o)
                              c:/program files (x86)/atmel/studio/7.0/toolchain/avr8/avr8-gnu-toolchain/bin/../lib/gcc/avr/5.4.0/../../../../avr/lib/avr6\libm.a(addsf3x.o) (__fp_nan)
c:/program files (x86)/atmel/studio/7.0/toolchain/avr8/avr8-gnu-toolchain/bin/../lib/gcc/avr/5.4.0/../../../../avr/lib/avr6\libm.a(fp_pscA.o)
                              c:/program files (x86)/atmel/studio/7.0/toolchain/avr8/avr8-gnu-toolchain/bin/../lib/gcc/avr/5.4.0/../../../../avr/lib/avr6\libm.a(addsf3x.o) (__fp_pscA)
c:/program files (x86)/atmel/studio/7.0/toolchain/avr8/avr8-gnu-toolchain/bin/../lib/gcc/avr/5.4.0/../../../../avr/lib/avr6\libm.a(fp_pscB.o)
                              c:/program files (x86)/atmel/studio/7.0/toolchain/avr8/avr8-gnu-toolchain/bin/../lib/gcc/avr/5.4.0/../../../../avr/lib/avr6\libm.a(addsf3x.o) (__fp_pscB)
c:/program files (x86)/atmel/studio/7.0/toolchain/avr8/avr8-gnu-toolchain/bin/../lib/gcc/avr/5.4.0/../../../../avr/lib/avr6\libm.a(fp_round.o)
                              c:/program files (x86)/atmel/studio/7.0/toolchain/avr8/avr8-gnu-toolchain/bin/../lib/gcc/avr/5.4.0/../../../../avr/lib/avr6\libm.a(addsf3.o) (__fp_round)
c:/program files (x86)/atmel/studio/7.0/toolchain/avr8/avr8-gnu-toolchain/bin/../lib/gcc/avr/5.4.0/../../../../avr/lib/avr6\libm.a(fp_split3.o)
                              c:/program files (x86)/atmel/studio/7.0/toolchain/avr8/avr8-gnu-toolchain/bin/../lib/gcc/avr/5.4.0/../../../../avr/lib/avr6\libm.a(addsf3x.o) (__fp_split3)
c:/program files (x86)/atmel/studio/7.0/toolchain/avr8/avr8-gnu-toolchain/bin/../lib/gcc/avr/5.4.0/../../../../avr/lib/avr6\libm.a(fp_zero.o)
                              c:/program files (x86)/atmel/studio/7.0/toolchain/avr8/avr8-gnu-toolchain/bin/../lib/gcc/avr/5.4.0/../../../../avr/lib/avr6\libm.a(addsf3x.o) (__fp_zero)
c:/program files (x86)/atmel/studio/7.0/toolchain/avr8/avr8-gnu-toolchain/bin/../lib/gcc/avr/5.4.0/../../../../avr/lib/avr6\libm.a(gesf2.o)
                              TFT_ILI9341.o (__gesf2)
c:/program files (x86)/atmel/studio/7.0/toolchain/avr8/avr8-gnu-toolchain/bin/../lib/gcc/avr/5.4.0/../../../../avr/lib/avr6\libm.a(mulsf3.o)
                              TFT_ILI9341.o (__mulsf3)
c:/program files (x86)/atmel/studio/7.0/toolchain/avr8/avr8-gnu-toolchain/bin/../lib/gcc/avr/5.4.0/../../../../avr/lib/avr6\libm.a(mulsf3x.o)
                              c:/program files (x86)/atmel/studio/7.0/toolchain/avr8/avr8-gnu-toolchain/bin/../lib/gcc/avr/5.4.0/../../../../avr/lib/avr6\libm.a(mulsf3.o) (__mulsf3x)
c:/program files (x86)/atmel/studio/7.0/toolchain/avr8/avr8-gnu-toolchain/bin/../lib/gcc/avr/5.4.0/../../../../avr/lib/avr6\libm.a(pow.o)
                              SpcProcessing.o (pow)
c:/program files (x86)/atmel/studio/7.0/toolchain/avr8/avr8-gnu-toolchain/bin/../lib/gcc/avr/5.4.0/../../../../avr/lib/avr6\libm.a(exp.o)
[...]
Memory Configuration

Name             Origin             Length             Attributes
text             0x00000000         0x00100000         xr
data             0x00800200         0x0000fe00         rw !x
eeprom           0x00810000         0x00010000         rw !x
fuse             0x00820000         0x00000003         rw !x
lock             0x00830000         0x00000400         rw !x
signature        0x00840000         0x00000400         rw !x
user_signatures  0x00850000         0x00000400         rw !x
*default*        0x00000000         0xffffffff

Linker script and memory map

Address of section .data set to 0x800200
LOAD C:/Program Files (x86)/Atmel/Studio/7.0/Packs/atmel/ATmega_DFP/1.2.209/gcc/dev/atmega2560/avr6/crtatmega2560.o
LOAD Error.o
LOAD Fonts/Font16.o
LOAD Fonts/Font32rle.o
LOAD Fonts/Font64rle.o
LOAD Fonts/Font72rle.o
LOAD Fonts/Font7srle.o
LOAD Fonts/glcdfont.o
LOAD Screen.o
LOAD SerialPortExpander.o
LOAD SerialProcessing.o
LOAD Sketch.o
LOAD SpcProcessing.o
LOAD TFT_ILI9341.o
START GROUP
LOAD c:/program files (x86)/atmel/studio/7.0/toolchain/avr8/avr8-gnu-toolchain/bin/../lib/gcc/avr/5.4.0/../../../../avr/lib/avr6\libm.a
LOAD C:\Users\Anthony\DOCUME~1\ATMELS~1\7.0\MOTHER~1\MOTHER~1\ARDUIN~1\Debug\libArduinoCore.a
END GROUP
LOAD c:/program files (x86)/atmel/studio/7.0/toolchain/avr8/avr8-gnu-toolchain/bin/../lib/gcc/avr/5.4.0/avr6\libgcc.a
LOAD c:/program files (x86)/atmel/studio/7.0/toolchain/avr8/avr8-gnu-toolchain/bin/../lib/gcc/avr/5.4.0/../../../../avr/lib/avr6\libm.a
START GROUP
LOAD c:/program files (x86)/atmel/studio/7.0/toolchain/avr8/avr8-gnu-toolchain/bin/../lib/gcc/avr/5.4.0/avr6\libgcc.a
LOAD c:/program files (x86)/atmel/studio/7.0/toolchain/avr8/avr8-gnu-toolchain/bin/../lib/gcc/avr/5.4.0/../../../../avr/lib/avr6\libm.a
LOAD c:/program files (x86)/atmel/studio/7.0/toolchain/avr8/avr8-gnu-toolchain/bin/../lib/gcc/avr/5.4.0/../../../../avr/lib/avr6\libc.a
LOAD C:/Program Files (x86)/Atmel/Studio/7.0/Packs/atmel/ATmega_DFP/1.2.209/gcc/dev/atmega2560/avr6\libatmega2560.a
END GROUP
                0x00100000                __TEXT_REGION_LENGTH__ = DEFINED (__TEXT_REGION_LENGTH__)?__TEXT_REGION_LENGTH__:0x100000
                0x0000fe00                __DATA_REGION_LENGTH__ = DEFINED (__DATA_REGION_LENGTH__)?__DATA_REGION_LENGTH__:0xfe00
                0x00010000                __EEPROM_REGION_LENGTH__ = DEFINED (__EEPROM_REGION_LENGTH__)?__EEPROM_REGION_LENGTH__:0x10000
                [0x00000003]                __FUSE_REGION_LENGTH__ = DEFINED (__FUSE_REGION_LENGTH__)?__FUSE_REGION_LENGTH__:0x400
                0x00000400                __LOCK_REGION_LENGTH__ = DEFINED (__LOCK_REGION_LENGTH__)?__LOCK_REGION_LENGTH__:0x400
                0x00000400                __SIGNATURE_REGION_LENGTH__ = DEFINED (__SIGNATURE_REGION_LENGTH__)?__SIGNATURE_REGION_LENGTH__:0x400
                0x00000400                __USER_SIGNATURE_REGION_LENGTH__ = DEFINED (__USER_SIGNATURE_REGION_LENGTH__)?__USER_SIGNATURE_REGION_LENGTH__:0x400

.hash
 *(.hash)

.dynsym
 *(.dynsym)

.dynstr
 *(.dynstr)

.gnu.version
 *(.gnu.version)

.gnu.version_d
 *(.gnu.version_d)

.gnu.version_r
 *(.gnu.version_r)

.rel.init
 *(.rel.init)

.rela.init
 *(.rela.init)

.rel.text
 *(.rel.text)
 *(.rel.text.*)
 *(.rel.gnu.linkonce.t*)

.rela.text
 *(.rela.text)
 *(.rela.text.*)
 *(.rela.gnu.linkonce.t*)

.rel.fini
 *(.rel.fini)

.rela.fini
 *(.rela.fini)

.rel.rodata
 *(.rel.rodata)
 *(.rel.rodata.*)
 *(.rel.gnu.linkonce.r*)

.rela.rodata
 *(.rela.rodata)
 *(.rela.rodata.*)
 *(.rela.gnu.linkonce.r*)

.rel.data
 *(.rel.data)
 *(.rel.data.*)
 *(.rel.gnu.linkonce.d*)

.rela.data
 *(.rela.data)
 *(.rela.data.*)
 *(.rela.gnu.linkonce.d*)

.rel.ctors
 *(.rel.ctors)

.rela.ctors
 *(.rela.ctors)

.rel.dtors
 *(.rel.dtors)

.rela.dtors
 *(.rela.dtors)

.rel.got
 *(.rel.got)

.rela.got
 *(.rela.got)

.rel.bss
 *(.rel.bss)

.rela.bss
 *(.rela.bss)

.rel.plt
 *(.rel.plt)

.rela.plt
 *(.rela.plt)

.text           0x00000000     0xbcfa
 *(.vectors)
 .vectors       0x00000000       0xe4 C:/Program Files (x86)/Atmel/Studio/7.0/Packs/atmel/ATmega_DFP/1.2.209/gcc/dev/atmega2560/avr6/crtatmega2560.o
                0x00000000                __vector_default
                0x00000000                __vectors
 *(.vectors)
 *(.progmem.gcc*)
 .progmem.gcc_sw_table._ZN11TFT_ILI934111setRotationEh
                0x000000e4       0x10 TFT_ILI9341.o
 .progmem.gcc_sw_table._ZN11TFT_ILI934110drawStringEPKciii
                0x000000f4       0x10 TFT_ILI9341.o
 .progmem.gcc_fplib
                0x00000104       0x28 c:/program files (x86)/atmel/studio/7.0/toolchain/avr8/avr8-gnu-toolchain/bin/../lib/gcc/avr/5.4.0/../../../../avr/lib/avr6\libm.a(exp.o)
 .progmem.gcc_fplib
                0x0000012c       0x5a c:/program files (x86)/atmel/studio/7.0/toolchain/avr8/avr8-gnu-toolchain/bin/../lib/gcc/avr/5.4.0/../../../../avr/lib/avr6\libm.a(log.o)
 .progmem.gcc_sw_table.attachInterrupt
                0x00000186        0xe C:\Users\Anthony\DOCUME~1\ATMELS~1\7.0\MOTHER~1\MOTHER~1\ARDUIN~1\Debug\libArduinoCore.a(WInterrupts.o)
 .progmem.gcc_sw_table.turnOffPWM
                0x00000194       0x24 C:\Users\Anthony\DOCUME~1\ATMELS~1\7.0\MOTHER~1\MOTHER~1\ARDUIN~1\Debug\libArduinoCore.a(wiring_digital.o)
 .progmem.gcc_sw_table
                0x000001b8       0x14 C:\Users\Anthony\DOCUME~1\ATMELS~1\7.0\MOTHER~1\MOTHER~1\ARDUIN~1\Debug\libArduinoCore.a(timers.o)
                0x000001cc                . = ALIGN (0x2)
                0x000001cc                __trampolines_start = .
 *(.trampolines)
 .trampolines   0x000001cc        0x0 linker stubs
 *(.trampolines*)
                0x000001cc                __trampolines_end = .
 *libprintf_flt.a:*(.progmem.data)
 *libc.a:*(.progmem.data)
 .progmem.data  0x000001cc       0xfa c:/program files (x86)/atmel/studio/7.0/toolchain/avr8/avr8-gnu-toolchain/bin/../lib/gcc/avr/5.4.0/../../../../avr/lib/avr6\libc.a(ftoa_engine.o)
 *(.progmem*)
 .progmem.data._ZL4font
                0x000002c6      0x4fb TFT_ILI9341.o
 .progmem.data.widtbl_f16
                0x000007c1       0x60 TFT_ILI9341.o
 .progmem.data._ZL10chr_f16_20
                0x00000821       0x10 TFT_ILI9341.o
 .progmem.data._ZL10chr_f16_21
                0x00000831       0x10 TFT_ILI9341.o
 .progmem.data._ZL10chr_f16_22
                0x00000841       0x10 TFT_ILI9341.o
 .progmem.data._ZL10chr_f16_23
                0x00000851       0x10 TFT_ILI9341.o
 .progmem.data._ZL10chr_f16_24
                0x00000861       0x10 TFT_ILI9341.o
 .progmem.data._ZL10chr_f16_25
                0x00000871       0x10 TFT_ILI9341.o
 .progmem.data._ZL10chr_f16_26
                0x00000881       0x10 TFT_ILI9341.o
 .progmem.data._ZL10chr_f16_27
                0x00000891       0x10 TFT_ILI9341.o
 .progmem.data._ZL10chr_f16_28
                0x000008a1       0x10 TFT_ILI9341.o
 .progmem.data._ZL10chr_f16_29
                0x000008b1       0x10 TFT_ILI9341.o
 .progmem.data._ZL10chr_f16_2A
                0x000008c1       0x10 TFT_ILI9341.o
 .progmem.data._ZL10chr_f16_2B
                0x000008d1       0x10 TFT_ILI9341.o
 .progmem.data._ZL10chr_f16_2C
                0x000008e1       0x10 TFT_ILI9341.o
 .progmem.data._ZL10chr_f16_2D
                0x000008f1       0x10 TFT_ILI9341.o
 .progmem.data._ZL10chr_f16_2E
                0x00000901       0x10 TFT_ILI9341.o
 .progmem.data._ZL10chr_f16_2F
                0x00000911       0x10 TFT_ILI9341.o
 .progmem.data._ZL10chr_f16_30
                0x00000921       0x10 TFT_ILI9341.o
 .progmem.data._ZL10chr_f16_31
                0x00000931       0x10 TFT_ILI9341.o
 .progmem.data._ZL10chr_f16_32
                0x00000941       0x10 TFT_ILI9341.o
 .progmem.data._ZL10chr_f16_33
                0x00000951       0x10 TFT_ILI9341.o
 .progmem.data._ZL10chr_f16_34
                0x00000961       0x10 TFT_ILI9341.o
 .progmem.data._ZL10chr_f16_35
                0x00000971       0x10 TFT_ILI9341.o
 .progmem.data._ZL10chr_f16_36
                0x00000981       0x10 TFT_ILI9341.o
 .progmem.data._ZL10chr_f16_37
                0x00000991       0x10 TFT_ILI9341.o
 .progmem.data._ZL10chr_f16_38
                0x000009a1       0x10 TFT_ILI9341.o
 .progmem.data._ZL10chr_f16_39
                0x000009b1       0x10 TFT_ILI9341.o
 .progmem.data._ZL10chr_f16_3A
                0x000009c1       0x10 TFT_ILI9341.o
 .progmem.data._ZL10chr_f16_3B
                0x000009d1       0x10 TFT_ILI9341.o
 .progmem.data._ZL10chr_f16_3C
                0x000009e1       0x10 TFT_ILI9341.o
 .progmem.data._ZL10chr_f16_3D
                0x000009f1       0x10 TFT_ILI9341.o
 .progmem.data._ZL10chr_f16_3E
                0x00000a01       0x10 TFT_ILI9341.o
 .progmem.data._ZL10chr_f16_3F
                0x00000a11       0x10 TFT_ILI9341.o
 .progmem.data._ZL10chr_f16_40
                0x00000a21       0x10 TFT_ILI9341.o
 .progmem.data._ZL10chr_f16_41
                0x00000a31       0x10 TFT_ILI9341.o
 .progmem.data._ZL10chr_f16_42
                0x00000a41       0x10 TFT_ILI9341.o
 .progmem.data._ZL10chr_f16_43
                0x00000a51       0x10 TFT_ILI9341.o
 .progmem.data._ZL10chr_f16_44
                0x00000a61       0x10 TFT_ILI9341.o
 .progmem.data._ZL10chr_f16_45
                0x00000a71       0x10 TFT_ILI9341.o
 .progmem.data._ZL10chr_f16_46
                0x00000a81       0x10 TFT_ILI9341.o
 .progmem.data._ZL10chr_f16_47
                0x00000a91       0x10 TFT_ILI9341.o
 .progmem.data._ZL10chr_f16_48
                0x00000aa1       0x10 TFT_ILI9341.o
 .progmem.data._ZL10chr_f16_49
                0x00000ab1       0x10 TFT_ILI9341.o
 .progmem.data._ZL10chr_f16_4A
                0x00000ac1       0x10 TFT_ILI9341.o
 .progmem.data._ZL10chr_f16_4B
                0x00000ad1       0x10 TFT_ILI9341.o
 .progmem.data._ZL10chr_f16_4C
                0x00000ae1       0x10 TFT_ILI9341.o
 .progmem.data._ZL10chr_f16_4D
                0x00000af1       0x20 TFT_ILI9341.o
 .progmem.data._ZL10chr_f16_4E
                0x00000b11       0x10 TFT_ILI9341.o
 .progmem.data._ZL10chr_f16_4F
                0x00000b21       0x10 TFT_ILI9341.o
 .progmem.data._ZL10chr_f16_50
                0x00000b31       0x10 TFT_ILI9341.o
 .progmem.data._ZL10chr_f16_51
                0x00000b41       0x10 TFT_ILI9341.o
 .progmem.data._ZL10chr_f16_52
                0x00000b51       0x10 TFT_ILI9341.o
 .progmem.data._ZL10chr_f16_53
                0x00000b61       0x10 TFT_ILI9341.o
 .progmem.data._ZL10chr_f16_54
                0x00000b71       0x10 TFT_ILI9341.o
 .progmem.data._ZL10chr_f16_55
                0x00000b81       0x10 TFT_ILI9341.o
 .progmem.data._ZL10chr_f16_56
                0x00000b91       0x10 TFT_ILI9341.o
 .progmem.data._ZL10chr_f16_57
                0x00000ba1       0x20 TFT_ILI9341.o
 .progmem.data._ZL10chr_f16_58
                0x00000bc1       0x10 TFT_ILI9341.o
 .progmem.data._ZL10chr_f16_59
                0x00000bd1       0x10 TFT_ILI9341.o
 .progmem.data._ZL10chr_f16_5A
                0x00000be1       0x10 TFT_ILI9341.o
 .progmem.data._ZL10chr_f16_5B
                0x00000bf1       0x10 TFT_ILI9341.o
 .progmem.data._ZL10chr_f16_5C
                0x00000c01       0x10 TFT_ILI9341.o
 .progmem.data._ZL10chr_f16_5D
                0x00000c11       0x10 TFT_ILI9341.o
 .progmem.data._ZL10chr_f16_5E
                0x00000c21       0x20 TFT_ILI9341.o
 .progmem.data._ZL10chr_f16_5F
                0x00000c41       0x20 TFT_ILI9341.o
 .progmem.data._ZL10chr_f16_60
                0x00000c61       0x10 TFT_ILI9341.o
 .progmem.data._ZL10chr_f16_61
                0x00000c71       0x10 TFT_ILI9341.o
 .progmem.data._ZL10chr_f16_62
                0x00000c81       0x10 TFT_ILI9341.o
 .progmem.data._ZL10chr_f16_63
                0x00000c91       0x10 TFT_ILI9341.o
 .progmem.data._ZL10chr_f16_64
                0x00000ca1       0x10 TFT_ILI9341.o
 .progmem.data._ZL10chr_f16_65
                0x00000cb1       0x10 TFT_ILI9341.o
 .progmem.data._ZL10chr_f16_66
                0x00000cc1       0x10 TFT_ILI9341.o
 .progmem.data._ZL10chr_f16_67
                0x00000cd1       0x10 TFT_ILI9341.o
 .progmem.data._ZL10chr_f16_68
                0x00000ce1       0x10 TFT_ILI9341.o
 .progmem.data._ZL10chr_f16_69
                0x00000cf1       0x10 TFT_ILI9341.o
 .progmem.data._ZL10chr_f16_6A
                0x00000d01       0x10 TFT_ILI9341.o
 .progmem.data._ZL10chr_f16_6B
                0x00000d11       0x10 TFT_ILI9341.o
 .progmem.data._ZL10chr_f16_6C
                0x00000d21       0x10 TFT_ILI9341.o
 .progmem.data._ZL10chr_f16_6D
                0x00000d31       0x10 TFT_ILI9341.o
 .progmem.data._ZL10chr_f16_6E
                0x00000d41       0x10 TFT_ILI9341.o
 .progmem.data._ZL10chr_f16_6F
                0x00000d51       0x10 TFT_ILI9341.o
 .progmem.data._ZL10chr_f16_70
                0x00000d61       0x10 TFT_ILI9341.o
 .progmem.data._ZL10chr_f16_71
                0x00000d71       0x10 TFT_ILI9341.o
 .progmem.data._ZL10chr_f16_72
                0x00000d81       0x10 TFT_ILI9341.o
 .progmem.data._ZL10chr_f16_73
                0x00000d91       0x10 TFT_ILI9341.o
 .progmem.data._ZL10chr_f16_74
                0x00000da1       0x10 TFT_ILI9341.o
 .progmem.data._ZL10chr_f16_75
                0x00000db1       0x10 TFT_ILI9341.o
 .progmem.data._ZL10chr_f16_76
                0x00000dc1       0x10 TFT_ILI9341.o
 .progmem.data._ZL10chr_f16_77
                0x00000dd1       0x10 TFT_ILI9341.o
 .progmem.data._ZL10chr_f16_78
                0x00000de1       0x10 TFT_ILI9341.o
 .progmem.data._ZL10chr_f16_79
                0x00000df1       0x10 TFT_ILI9341.o
 .progmem.data._ZL10chr_f16_7A
                0x00000e01       0x10 TFT_ILI9341.o
 .progmem.data._ZL10chr_f16_7B
                0x00000e11       0x10 TFT_ILI9341.o
 .progmem.data._ZL10chr_f16_7C
                0x00000e21       0x10 TFT_ILI9341.o
 .progmem.data._ZL10chr_f16_7D
                0x00000e31       0x10 TFT_ILI9341.o
 .progmem.data._ZL10chr_f16_7E
                0x00000e41       0x10 TFT_ILI9341.o
 .progmem.data._ZL10chr_f16_7F
                0x00000e51       0x10 TFT_ILI9341.o
 .progmem.data.chrtbl_f16
                0x00000e61       0xc0 TFT_ILI9341.o
 .progmem.data.widtbl_f32
                0x00000f21       0x60 TFT_ILI9341.o
 .progmem.data._ZL10chr_f32_20
                0x00000f81        0x2 TFT_ILI9341.o
 .progmem.data._ZL10chr_f32_21
                0x00000f83       0x21 TFT_ILI9341.o
 .progmem.data._ZL10chr_f32_22
                0x00000fa4       0x1e TFT_ILI9341.o
 .progmem.data._ZL10chr_f32_23
                0x00000fc2       0x42 TFT_ILI9341.o
 .progmem.data._ZL10chr_f32_24
                0x00001004       0x2d TFT_ILI9341.o
 .progmem.data._ZL10chr_f32_25
                0x00001031       0x5e TFT_ILI9341.o
 .progmem.data._ZL10chr_f32_26
                0x0000108f       0x45 TFT_ILI9341.o
 .progmem.data._ZL10chr_f32_27
                0x000010d4        0xd TFT_ILI9341.o
 .progmem.data._ZL10chr_f32_28
                0x000010e1       0x31 TFT_ILI9341.o
 .progmem.data._ZL10chr_f32_29
                0x00001112       0x31 TFT_ILI9341.o
 .progmem.data._ZL10chr_f32_2A
                0x00001143       0x20 TFT_ILI9341.o
 .progmem.data._ZL10chr_f32_2B
                0x00001163       0x11 TFT_ILI9341.o
 .progmem.data._ZL10chr_f32_2C
                0x00001174        0xf TFT_ILI9341.o
 .progmem.data._ZL10chr_f32_2D
                0x00001183        0x5 TFT_ILI9341.o
 .progmem.data._ZL10chr_f32_2E
                0x00001188        0x7 TFT_ILI9341.o
 .progmem.data._ZL10chr_f32_2F
                0x0000118f       0x29 TFT_ILI9341.o
 .progmem.data._ZL10chr_f32_30
                0x000011b8       0x3d TFT_ILI9341.o
 .progmem.data._ZL10chr_f32_31
                0x000011f5       0x23 TFT_ILI9341.o
 .progmem.data._ZL10chr_f32_32
                0x00001218       0x2b TFT_ILI9341.o
 .progmem.data._ZL10chr_f32_33
                0x00001243       0x31 TFT_ILI9341.o
 .progmem.data._ZL10chr_f32_34
                0x00001274       0x31 TFT_ILI9341.o
 .progmem.data._ZL10chr_f32_35
                0x000012a5       0x2f TFT_ILI9341.o
 .progmem.data._ZL10chr_f32_36
                0x000012d4       0x39 TFT_ILI9341.o
 .progmem.data._ZL10chr_f32_37
                0x0000130d       0x23 TFT_ILI9341.o
 .progmem.data._ZL10chr_f32_38
                0x00001330       0x39 TFT_ILI9341.o
 .progmem.data._ZL10chr_f32_39
                0x00001369       0x39 TFT_ILI9341.o
 .progmem.data._ZL10chr_f32_3A
                0x000013a2        0xd TFT_ILI9341.o
 .progmem.data._ZL10chr_f32_3B
                0x000013af       0x15 TFT_ILI9341.o
 .progmem.data._ZL10chr_f32_3C
                0x000013c4       0x14 TFT_ILI9341.o
 .progmem.data._ZL10chr_f32_3D
                0x000013d8        0x9 TFT_ILI9341.o
 .progmem.data._ZL10chr_f32_3E
                0x000013e1       0x14 TFT_ILI9341.o
 .progmem.data._ZL10chr_f32_3F
                0x000013f5       0x29 TFT_ILI9341.o
 .progmem.data._ZL10chr_f32_40
                0x0000141e       0x77 TFT_ILI9341.o
 .progmem.data._ZL10chr_f32_41
                0x00001495       0x3f TFT_ILI9341.o
 .progmem.data._ZL10chr_f32_42
                0x000014d4       0x3d TFT_ILI9341.o
 .progmem.data._ZL10chr_f32_43
                0x00001511       0x38 TFT_ILI9341.o
 .progmem.data._ZL10chr_f32_44
                0x00001549       0x42 TFT_ILI9341.o
 .progmem.data._ZL10chr_f32_45
                0x0000158b       0x25 TFT_ILI9341.o
 .progmem.data._ZL10chr_f32_46
                0x000015b0       0x25 TFT_ILI9341.o
 .progmem.data._ZL10chr_f32_47
                0x000015d5       0x40 TFT_ILI9341.o
 .progmem.data._ZL10chr_f32_48
                0x00001615       0x45 TFT_ILI9341.o
 .progmem.data._ZL10chr_f32_49
                0x0000165a       0x25 TFT_ILI9341.o
 .progmem.data._ZL10chr_f32_4A
                0x0000167f       0x2d TFT_ILI9341.o
 .progmem.data._ZL10chr_f32_4B
                0x000016ac       0x47 TFT_ILI9341.o
 .progmem.data._ZL10chr_f32_4C
                0x000016f3       0x25 TFT_ILI9341.o
 .progmem.data._ZL10chr_f32_4D
                0x00001718       0x7c TFT_ILI9341.o
 .progmem.data._ZL10chr_f32_4E
                0x00001794       0x5d TFT_ILI9341.o
 .progmem.data._ZL10chr_f32_4F
                0x000017f1       0x42 TFT_ILI9341.o
 .progmem.data._ZL10chr_f32_50
                0x00001833       0x31 TFT_ILI9341.o
 .progmem.data._ZL10chr_f32_51
                0x00001864       0x49 TFT_ILI9341.o
 .progmem.data._ZL10chr_f32_52
                0x000018ad       0x41 TFT_ILI9341.o
 .progmem.data._ZL10chr_f32_53
                0x000018ee       0x35 TFT_ILI9341.o
 .progmem.data._ZL10chr_f32_54
                0x00001923       0x23 TFT_ILI9341.o
 .progmem.data._ZL10chr_f32_55
                0x00001946       0x46 TFT_ILI9341.o
 .progmem.data._ZL10chr_f32_56
                0x0000198c       0x43 TFT_ILI9341.o
 .progmem.data._ZL10chr_f32_57
                0x000019cf       0x80 TFT_ILI9341.o
 .progmem.data._ZL10chr_f32_58
                0x00001a4f       0x43 TFT_ILI9341.o
 .progmem.data._ZL10chr_f32_59
                0x00001a92       0x35 TFT_ILI9341.o
 .progmem.data._ZL10chr_f32_5A
                0x00001ac7       0x25 TFT_ILI9341.o
 .progmem.data._ZL10chr_f32_5B
                0x00001aec       0x2f TFT_ILI9341.o
 .progmem.data._ZL10chr_f32_5C
                0x00001b1b       0x33 TFT_ILI9341.o
 .progmem.data._ZL10chr_f32_5D
                0x00001b4e       0x2f TFT_ILI9341.o
 .progmem.data._ZL10chr_f32_5E
                0x00001b7d       0x14 TFT_ILI9341.o
 .progmem.data._ZL10chr_f32_5F
                0x00001b91        0x5 TFT_ILI9341.o
 .progmem.data._ZL10chr_f32_60
                0x00001b96       0x1a TFT_ILI9341.o
 .progmem.data._ZL10chr_f32_61
                0x00001bb0       0x2b TFT_ILI9341.o
 .progmem.data._ZL10chr_f32_62
                0x00001bdb       0x3f TFT_ILI9341.o
 .progmem.data._ZL10chr_f32_63
                0x00001c1a       0x25 TFT_ILI9341.o
 .progmem.data._ZL10chr_f32_64
                0x00001c3f       0x3f TFT_ILI9341.o
 .progmem.data._ZL10chr_f32_65
                0x00001c7e       0x25 TFT_ILI9341.o
 .progmem.data._ZL10chr_f32_66
                0x00001ca3       0x25 TFT_ILI9341.o
 .progmem.data._ZL10chr_f32_67
                0x00001cc8       0x47 TFT_ILI9341.o
 .progmem.data._ZL10chr_f32_68
                0x00001d0f       0x3f TFT_ILI9341.o
 .progmem.data._ZL10chr_f32_69
                0x00001d4e       0x21 TFT_ILI9341.o
 .progmem.data._ZL10chr_f32_6A
                0x00001d6f       0x2d TFT_ILI9341.o
 .progmem.data._ZL10chr_f32_6B
                0x00001d9c       0x39 TFT_ILI9341.o
 .progmem.data._ZL10chr_f32_6C
                0x00001dd5       0x25 TFT_ILI9341.o
 .progmem.data._ZL10chr_f32_6D
                0x00001dfa       0x51 TFT_ILI9341.o
 .progmem.data._ZL10chr_f32_6E
                0x00001e4b       0x35 TFT_ILI9341.o
 .progmem.data._ZL10chr_f32_6F
                0x00001e80       0x2d TFT_ILI9341.o
 .progmem.data._ZL10chr_f32_70
                0x00001ead       0x3f TFT_ILI9341.o
 .progmem.data._ZL10chr_f32_71
                0x00001eec       0x3f TFT_ILI9341.o
 .progmem.data._ZL10chr_f32_72
                0x00001f2b       0x1d TFT_ILI9341.o
 .progmem.data._ZL10chr_f32_73
                0x00001f48       0x23 TFT_ILI9341.o
 .progmem.data._ZL10chr_f32_74
                0x00001f6b       0x23 TFT_ILI9341.o
 .progmem.data._ZL10chr_f32_75
                0x00001f8e       0x35 TFT_ILI9341.o
 .progmem.data._ZL10chr_f32_76
                0x00001fc3       0x2f TFT_ILI9341.o
 .progmem.data._ZL10chr_f32_77
                0x00001ff2       0x5a TFT_ILI9341.o
 .progmem.data._ZL10chr_f32_78
                0x0000204c       0x2f TFT_ILI9341.o
 .progmem.data._ZL10chr_f32_79
                0x0000207b       0x3f TFT_ILI9341.o
 .progmem.data._ZL10chr_f32_7A
                0x000020ba       0x1b TFT_ILI9341.o
 .progmem.data._ZL10chr_f32_7B
                0x000020d5       0x33 TFT_ILI9341.o
 .progmem.data._ZL10chr_f32_7C
                0x00002108       0x33 TFT_ILI9341.o
 .progmem.data._ZL10chr_f32_7D
                0x0000213b       0x33 TFT_ILI9341.o
 .progmem.data._ZL10chr_f32_7E
                0x0000216e       0x19 TFT_ILI9341.o
 .progmem.data._ZL10chr_f32_7F
                0x00002187        0x1 TFT_ILI9341.o
 .progmem.data.chrtbl_f32
                0x00002188       0xc0 TFT_ILI9341.o
 .progmem.data.widtbl_f64
                0x00002248       0x60 TFT_ILI9341.o
 .progmem.data._ZL10chr_f64_20
                0x000022a8        0x5 TFT_ILI9341.o
 .progmem.data._ZL10chr_f64_2D
                0x000022ad        0xe TFT_ILI9341.o
 .progmem.data._ZL10chr_f64_2E
                0x000022bb        0xf TFT_ILI9341.o
 .progmem.data._ZL10chr_f64_30
                0x000022ca       0x83 TFT_ILI9341.o
 .progmem.data._ZL10chr_f64_31
                0x0000234d       0x4d TFT_ILI9341.o
 .progmem.data._ZL10chr_f64_32
                0x0000239a       0x59 TFT_ILI9341.o
 .progmem.data._ZL10chr_f64_33
                0x000023f3       0x67 TFT_ILI9341.o
 .progmem.data._ZL10chr_f64_34
                0x0000245a       0x65 TFT_ILI9341.o
 .progmem.data._ZL10chr_f64_35
                0x000024bf       0x5f TFT_ILI9341.o
 .progmem.data._ZL10chr_f64_36
                0x0000251e       0x7b TFT_ILI9341.o
 .progmem.data._ZL10chr_f64_37
                0x00002599       0x47 TFT_ILI9341.o
 .progmem.data._ZL10chr_f64_38
                0x000025e0       0x7b TFT_ILI9341.o
 .progmem.data._ZL10chr_f64_39
                0x0000265b       0x7b TFT_ILI9341.o
 .progmem.data._ZL10chr_f64_3A
                0x000026d6       0x18 TFT_ILI9341.o
 .progmem.data._ZL10chr_f64_61
                0x000026ee       0x60 TFT_ILI9341.o
 .progmem.data._ZL10chr_f64_6D
                0x0000274e       0xa7 TFT_ILI9341.o
 .progmem.data._ZL10chr_f64_70
                0x000027f5       0x85 TFT_ILI9341.o
 .progmem.data.chrtbl_f64
                0x0000287a       0xc0 TFT_ILI9341.o
 .progmem.data.widtbl_f7s
                0x0000293a       0x60 TFT_ILI9341.o
 .progmem.data._ZL10chr_f7s_20
                0x0000299a        0x5 TFT_ILI9341.o
 .progmem.data._ZL10chr_f7s_2E
                0x0000299f        0xe TFT_ILI9341.o
 .progmem.data._ZL10chr_f7s_30
                0x000029ad       0xa9 TFT_ILI9341.o
 .progmem.data._ZL10chr_f7s_31
                0x00002a56       0x4d TFT_ILI9341.o
 .progmem.data._ZL10chr_f7s_32
                0x00002aa3       0x6b TFT_ILI9341.o
 .progmem.data._ZL10chr_f7s_33
                0x00002b0e       0x69 TFT_ILI9341.o
 .progmem.data._ZL10chr_f7s_34
                0x00002b77       0x7b TFT_ILI9341.o
 .progmem.data._ZL10chr_f7s_35
                0x00002bf2       0x67 TFT_ILI9341.o
 .progmem.data._ZL10chr_f7s_36
                0x00002c59       0x8d TFT_ILI9341.o
 .progmem.data._ZL10chr_f7s_37
                0x00002ce6       0x56 TFT_ILI9341.o
 .progmem.data._ZL10chr_f7s_38
                0x00002d3c       0xb3 TFT_ILI9341.o
 .progmem.data._ZL10chr_f7s_39
                0x00002def       0x8d TFT_ILI9341.o
 .progmem.data._ZL10chr_f7s_3A
                0x00002e7c       0x18 TFT_ILI9341.o
 .progmem.data.chrtbl_f7s
                0x00002e94       0xc0 TFT_ILI9341.o
 .progmem.data._ZL8fontdata
                0x00002f54       0x2d TFT_ILI9341.o
 .progmem.data._ZZN11TFT_ILI93414initEvE12ILI9341_cmds
                0x00002f81       0x6d TFT_ILI9341.o
 .progmem.data.digital_pin_to_timer_PGM
                0x00002fee       0x46 C:\Users\Anthony\DOCUME~1\ATMELS~1\7.0\MOTHER~1\MOTHER~1\ARDUIN~1\Debug\libArduinoCore.a(wiring_digital.o)
                0x00002fee                digital_pin_to_timer_PGM
 .progmem.data.digital_pin_to_bit_mask_PGM
                0x00003034       0x46 C:\Users\Anthony\DOCUME~1\ATMELS~1\7.0\MOTHER~1\MOTHER~1\ARDUIN~1\Debug\libArduinoCore.a(wiring_digital.o)
                0x00003034                digital_pin_to_bit_mask_PGM
 .progmem.data.digital_pin_to_port_PGM
                0x0000307a       0x46 C:\Users\Anthony\DOCUME~1\ATMELS~1\7.0\MOTHER~1\MOTHER~1\ARDUIN~1\Debug\libArduinoCore.a(wiring_digital.o)
                0x0000307a                digital_pin_to_port_PGM
 .progmem.data.port_to_output_PGM
                0x000030c0       0x1a C:\Users\Anthony\DOCUME~1\ATMELS~1\7.0\MOTHER~1\MOTHER~1\ARDUIN~1\Debug\libArduinoCore.a(wiring_digital.o)
                0x000030c0                port_to_output_PGM
 .progmem.data.port_to_mode_PGM
                0x000030da       0x1a C:\Users\Anthony\DOCUME~1\ATMELS~1\7.0\MOTHER~1\MOTHER~1\ARDUIN~1\Debug\libArduinoCore.a(wiring_digital.o)
                0x000030da                port_to_mode_PGM
                0x000030f4                . = ALIGN (0x2)
 *(.jumptables)
 *(.jumptables*)
 *(.lowtext)
 .lowtext       0x000030f4       0x5c C:\Users\Anthony\DOCUME~1\ATMELS~1\7.0\MOTHER~1\MOTHER~1\ARDUIN~1\Debug\libArduinoCore.a(tasks.o)
 .lowtext       0x00003150      0x210 C:\Users\Anthony\DOCUME~1\ATMELS~1\7.0\MOTHER~1\MOTHER~1\ARDUIN~1\Debug\libArduinoCore.a(timers.o)
 *(.lowtext*)
                0x00003360                __ctors_start = .
 *(.ctors)
 .ctors         0x00003360        0x2 Error.o
 .ctors         0x00003362        0x2 Screen.o
 .ctors         0x00003364        0x2 SerialProcessing.o
 .ctors         0x00003366        0x2 Sketch.o
 .ctors         0x00003368        0x2 C:\Users\Anthony\DOCUME~1\ATMELS~1\7.0\MOTHER~1\MOTHER~1\ARDUIN~1\Debug\libArduinoCore.a(HardwareSerial0.o)
 .ctors         0x0000336a        0x2 C:\Users\Anthony\DOCUME~1\ATMELS~1\7.0\MOTHER~1\MOTHER~1\ARDUIN~1\Debug\libArduinoCore.a(HardwareSerial1.o)
                0x0000336c                __ctors_end = .
                0x0000336c                __dtors_start = .
 *(.dtors)
 .dtors         0x0000336c        0x2 SerialProcessing.o
 .dtors         0x0000336e        0x2 Sketch.o
                0x00003370                __dtors_end = .
 SORT(*)(.ctors)
 SORT(*)(.dtors)
 *(.init0)
 .init0         0x00003370        0x0 C:/Program Files (x86)/Atmel/Studio/7.0/Packs/atmel/ATmega_DFP/1.2.209/gcc/dev/atmega2560/avr6/crtatmega2560.o
                0x00003370                __init
 *(.init0)
 *(.init1)
 *(.init1)
 *(.init2)
 .init2         0x00003370       0x10 C:/Program Files (x86)/Atmel/Studio/7.0/Packs/atmel/ATmega_DFP/1.2.209/gcc/dev/atmega2560/avr6/crtatmega2560.o
 *(.init2)
 *(.init3)
 *(.init3)
 *(.init4)
 .init4         0x00003380       0x1a c:/program files (x86)/atmel/studio/7.0/toolchain/avr8/avr8-gnu-toolchain/bin/../lib/gcc/avr/5.4.0/avr6\libgcc.a(_copy_data.o)
                0x00003380                __do_copy_data
 .init4         0x0000339a       0x10 c:/program files (x86)/atmel/studio/7.0/toolchain/avr8/avr8-gnu-toolchain/bin/../lib/gcc/avr/5.4.0/avr6\libgcc.a(_clear_bss.o)
                0x0000339a                __do_clear_bss
 *(.init4)
 *(.init5)
 *(.init5)
 *(.init6)
 .init6         0x000033aa       0x20 c:/program files (x86)/atmel/studio/7.0/toolchain/avr8/avr8-gnu-toolchain/bin/../lib/gcc/avr/5.4.0/avr6\libgcc.a(_ctors.o)
                0x000033aa                __do_global_ctors
 *(.init6)
 *(.init7)
 *(.init7)
 *(.init8)
 *(.init8)
 *(.init9)
 .init9         0x000033ca        0x8 C:/Program Files (x86)/Atmel/Studio/7.0/Packs/atmel/ATmega_DFP/1.2.209/gcc/dev/atmega2560/avr6/crtatmega2560.o
 *(.init9)
 *(.text)
 .text          0x000033d2        0x4 C:/Program Files (x86)/Atmel/Studio/7.0/Packs/atmel/ATmega_DFP/1.2.209/gcc/dev/atmega2560/avr6/crtatmega2560.o
                0x000033d2                __vector_38
                0x000033d2                __vector_22
                0x000033d2                __vector_28
                0x000033d2                __vector_32
                0x000033d2                __vector_34
                0x000033d2                __vector_24
                0x000033d2                __vector_55
                0x000033d2                __vector_46
                0x000033d2                __bad_interrupt
                0x000033d2                __vector_31
                0x000033d2                __vector_35
                0x000033d2                __vector_39
                0x000033d2                __vector_30
                0x000033d2                __vector_45
                0x000033d2                __vector_11
                0x000033d2                __vector_54
                0x000033d2                __vector_13
                0x000033d2                __vector_17
                0x000033d2                __vector_19
                0x000033d2                __vector_56
                0x000033d2                __vector_49
                0x000033d2                __vector_41
                0x000033d2                __vector_43
                0x000033d2                __vector_27
                0x000033d2                __vector_33
                0x000033d2                __vector_47
                0x000033d2                __vector_52
                0x000033d2                __vector_44
                0x000033d2                __vector_51
                0x000033d2                __vector_9
                0x000033d2                __vector_21
                0x000033d2                __vector_15
                0x000033d2                __vector_29
                0x000033d2                __vector_40
                0x000033d2                __vector_48
                0x000033d2                __vector_14
                0x000033d2                __vector_53
                0x000033d2                __vector_10
                0x000033d2                __vector_50
                0x000033d2                __vector_16
                0x000033d2                __vector_18
                0x000033d2                __vector_20
                0x000033d2                __vector_42
                0x000033d6                . = ALIGN (0x2)
 *(.text.*)
 .text._Z17startErrorHandlerv
                0x000033d6       0x1e Error.o
                0x000033d6                _Z17startErrorHandlerv
 .text._Z8AddErrorP5Error
                0x000033f4       0xae Error.o
                0x000033f4                _Z8AddErrorP5Error
 .text._Z10ClearErrorh
                0x000034a2       0xac Error.o
                0x000034a2                _Z10ClearErrorh
 .text._Z12HasErrorCodeh
                0x0000354e       0x66 Error.o
                0x0000354e                _Z12HasErrorCodeh
 .text._ZN6VectorI5ErrorEC2Ev
                0x000035b4       0x3a Error.o
                0x000035b4                _ZN6VectorI5ErrorEC1Ev
                0x000035b4                _ZN6VectorI5ErrorEC2Ev
 .text._ZN6VectorI5ErrorE10setStorageILj15EEEvRAT__S0_j
                0x000035ee       0x56 Error.o
                0x000035ee                _ZN6VectorI5ErrorE10setStorageILj15EEEvRAT__S0_j
 .text._ZNK6VectorI5ErrorE4fullEv
                0x00003644       0x3a Error.o
                0x00003644                _ZNK6VectorI5ErrorE4fullEv
 .text._ZNK6VectorI5ErrorE8max_sizeEv
                0x0000367e       0x24 Error.o
                0x0000367e                _ZNK6VectorI5ErrorE8max_sizeEv
 .text._ZN6VectorI5ErrorE2atEj
                0x000036a2       0x3c Error.o
                0x000036a2                _ZN6VectorI5ErrorE2atEj
 .text._ZN6VectorI5ErrorE9push_backERKS0_
                0x000036de       0x94 Error.o
                0x000036de                _ZN6VectorI5ErrorE9push_backERKS0_
 .text._ZN6VectorI5ErrorE6removeEj
                0x00003772       0xd0 Error.o
                0x00003772                _ZN6VectorI5ErrorE6removeEj
 .text._Z41__static_initialization_and_destruction_0ii
                0x00003842       0x3a Error.o
 .text._GLOBAL__sub_I_errorArray
                0x0000387c       0x18 Error.o
 .text._ZN6ScreenC2Ev
                0x00003894       0x34 Screen.o
                0x00003894                _ZN6ScreenC2Ev
                0x00003894                _ZN6ScreenC1Ev
 .text._ZN6Screen4initEv
                0x000038c8       0x3a Screen.o
                0x000038c8                _ZN6Screen4initEv
 .text._ZN6Screen12UpdateScreenEf
                0x00003902      0x330 Screen.o
                0x00003902                _ZN6Screen12UpdateScreenEf
 .text._ZN6ScreenD2Ev
                0x00003c32       0x1c Screen.o
                0x00003c32                _ZN6ScreenD1Ev
                0x00003c32                _ZN6ScreenD2Ev
 .text._Z41__static_initialization_and_destruction_0ii
                0x00003c4e       0x44 Screen.o
 .text._GLOBAL__sub_I__ZN6Screen13firstInstanceE
                0x00003c92       0x18 Screen.o
 .text._ZN14HardwareSerial5beginEm
                0x00003caa       0x44 SerialPortExpander.o
                0x00003caa                _ZN14HardwareSerial5beginEm
 .text._ZN18SerialPortExpanderC2Ev
                0x00003cee       0x78 SerialPortExpander.o
                0x00003cee                _ZN18SerialPortExpanderC2Ev
                0x00003cee                _ZN18SerialPortExpanderC1Ev
 .text._ZN18SerialPortExpander4initEv
                0x00003d66       0x6a SerialPortExpander.o
                0x00003d66                _ZN18SerialPortExpander4initEv
 .text._ZN18SerialPortExpander21ProcessSerialExpanderEP13SerialCommand
                0x00003dd0       0x6e SerialPortExpander.o
                0x00003dd0                _ZN18SerialPortExpander21ProcessSerialExpanderEP13SerialCommand
 .text._ZN18SerialPortExpander12Open_channelEP13SerialCommand
                0x00003e3e       0xf2 SerialPortExpander.o
                0x00003e3e                _ZN18SerialPortExpander12Open_channelEP13SerialCommand
 .text._ZN18SerialPortExpanderD2Ev
                0x00003f30       0x1c SerialPortExpander.o
                0x00003f30                _ZN18SerialPortExpanderD2Ev
                0x00003f30                _ZN18SerialPortExpanderD1Ev
 .text._ZN16SerialProcessingC2Ev
                0x00003f4c       0x6a SerialProcessing.o
                0x00003f4c                _ZN16SerialProcessingC2Ev
                0x00003f4c                _ZN16SerialProcessingC1Ev
 .text._ZN16SerialProcessing4initEv
                0x00003fb6       0x22 SerialProcessing.o
                0x00003fb6                _ZN16SerialProcessing4initEv
 .text._ZN16SerialProcessing4PollEv
                0x00003fd8       0x38 SerialProcessing.o
                0x00003fd8                _ZN16SerialProcessing4PollEv
 .text._ZN16SerialProcessing11CheckSerialEP14HardwareSeriali
                0x00004010      0x174 SerialProcessing.o
                0x00004010                _ZN16SerialProcessing11CheckSerialEP14HardwareSeriali
 .text._ZN16SerialProcessing12CommandParseEP13SerialCommandPc
                0x00004184      0x1c8 SerialProcessing.o
                0x00004184                _ZN16SerialProcessing12CommandParseEP13SerialCommandPc
 .text._ZN16SerialProcessing14ProcessUSBDataEP13SerialCommand
                0x0000434c       0x7a SerialProcessing.o
                0x0000434c                _ZN16SerialProcessing14ProcessUSBDataEP13SerialCommand
 .text._ZN16SerialProcessing19ProcessExpanderDataEP13SerialCommand
                0x000043c6       0x6c SerialProcessing.o
                0x000043c6                _ZN16SerialProcessing19ProcessExpanderDataEP13SerialCommand
 .text._ZN16SerialProcessing20CheckInteralCommandsEP13SerialCommand
                0x00004432       0x58 SerialProcessing.o
                0x00004432                _ZN16SerialProcessing20CheckInteralCommandsEP13SerialCommand
 .text._Z17BuildSerialOutputP13SerialCommandPc
                0x0000448a       0x7e SerialProcessing.o
                0x0000448a                _Z17BuildSerialOutputP13SerialCommandPc
 .text._ZN16SerialProcessingD2Ev
                0x00004508       0x1c SerialProcessing.o
                0x00004508                _ZN16SerialProcessingD1Ev
                0x00004508                _ZN16SerialProcessingD2Ev
 .text._Z41__static_initialization_and_destruction_0ii
                0x00004524       0x50 SerialProcessing.o
 .text._GLOBAL__sub_I__ZN16SerialProcessing13firstInstanceE
                0x00004574       0x18 SerialProcessing.o
 .text._GLOBAL__sub_D__ZN16SerialProcessing13firstInstanceE
                0x0000458c       0x18 SerialProcessing.o
 .text.setup    0x000045a4       0x8e Sketch.o
                0x000045a4                setup
 .text.loop     0x00004632       0x10 Sketch.o
                0x00004632                loop
 .text._Z13TaskRunScreenPv
                0x00004642       0x36 Sketch.o
                0x00004642                _Z13TaskRunScreenPv
 .text._Z12TaskCheckSPCPv
                0x00004678       0x3e Sketch.o
                0x00004678                _Z12TaskCheckSPCPv
 .text._Z23TaskCheckSerialCommandsPv
                0x000046b6       0x20 Sketch.o
                0x000046b6                _Z23TaskCheckSerialCommandsPv
 .text._Z41__static_initialization_and_destruction_0ii
                0x000046d6       0x68 Sketch.o
 .text._GLOBAL__sub_I_SIMULATIONACTIVE
                0x0000473e       0x18 Sketch.o
 .text._GLOBAL__sub_D_SIMULATIONACTIVE
                0x00004756       0x18 Sketch.o
 .text._ZN13SpcProcessingC2Ev
                0x0000476e       0x56 SpcProcessing.o
                0x0000476e                _ZN13SpcProcessingC2Ev
                0x0000476e                _ZN13SpcProcessingC1Ev
 .text._ZN13SpcProcessing4initEv
                0x000047c4       0x4a SpcProcessing.o
                0x000047c4                _ZN13SpcProcessing4initEv
 .text._Z7ISR_SPCv
                0x0000480e      0x106 SpcProcessing.o
                0x0000480e                _Z7ISR_SPCv
 .text._ZN13SpcProcessing14RunSPCDataLoopEv
                0x00004914      0x526 SpcProcessing.o
                0x00004914                _ZN13SpcProcessing14RunSPCDataLoopEv
 .text._ZN13SpcProcessing21GetSerialOutputBufferEv
                0x00004e3a       0x28 SpcProcessing.o
                0x00004e3a                _ZN13SpcProcessing21GetSerialOutputBufferEv
 .text._ZN13SpcProcessing11GetDiameterEv
                0x00004e62       0x30 SpcProcessing.o
                0x00004e62                _ZN13SpcProcessing11GetDiameterEv
 .text._ZN13SpcProcessing23PrintRandomDiameterDataEv
                0x00004e92       0xe4 SpcProcessing.o
                0x00004e92                _ZN13SpcProcessing23PrintRandomDiameterDataEv
 .text._ZN13SpcProcessingD2Ev
                0x00004f76       0x1c SpcProcessing.o
                0x00004f76                _ZN13SpcProcessingD2Ev
                0x00004f76                _ZN13SpcProcessingD1Ev
 .text._ZN5PrintC2Ev
                0x00004f92       0x34 TFT_ILI9341.o
                0x00004f92                _ZN5PrintC2Ev
                0x00004f92                _ZN5PrintC1Ev
 .text._ZN5Print17availableForWriteEv
                0x00004fc6       0x1e TFT_ILI9341.o
                0x00004fc6                _ZN5Print17availableForWriteEv
 .text._ZN5Print5flushEv
                0x00004fe4       0x1c TFT_ILI9341.o
                0x00004fe4                _ZN5Print5flushEv
 .text._ZN18__gen_struct_PORTL1rEv
                0x00005000       0x12 TFT_ILI9341.o
                0x00005000                _ZN18__gen_struct_PORTL1rEv
 .text._ZN8SPIClass11setBitOrderEh
                0x00005012       0x42 TFT_ILI9341.o
                0x00005012                _ZN8SPIClass11setBitOrderEh
 .text._ZN8SPIClass11setDataModeEh
                0x00005054       0x2e TFT_ILI9341.o
                0x00005054                _ZN8SPIClass11setDataModeEh
 .text._ZN8SPIClass15setClockDividerEh
                0x00005082       0x56 TFT_ILI9341.o
                0x00005082                _ZN8SPIClass15setClockDividerEh
 .text._ZN11TFT_ILI9341C2Eii
                0x000050d8      0x1b2 TFT_ILI9341.o
                0x000050d8                _ZN11TFT_ILI9341C1Eii
                0x000050d8                _ZN11TFT_ILI9341C2Eii
 .text._ZN11TFT_ILI93418spiwriteEh
                0x0000528a       0x68 TFT_ILI9341.o
                0x0000528a                _ZN11TFT_ILI93418spiwriteEh
 .text._ZN11TFT_ILI934112writecommandEh
                0x000052f2       0x5a TFT_ILI9341.o
                0x000052f2                _ZN11TFT_ILI934112writecommandEh
 .text._ZN11TFT_ILI93419writedataEh
                0x0000534c       0x4a TFT_ILI9341.o
                0x0000534c                _ZN11TFT_ILI93419writedataEh
 .text._ZN11TFT_ILI93414initEv
                0x00005396       0x92 TFT_ILI9341.o
                0x00005396                _ZN11TFT_ILI93414initEv
 .text._ZN11TFT_ILI934111commandListEPKh
                0x00005428      0x140 TFT_ILI9341.o
                0x00005428                _ZN11TFT_ILI934111commandListEPKh
 .text._ZN11TFT_ILI934110fillScreenEj
                0x00005568       0x64 TFT_ILI9341.o
                0x00005568                _ZN11TFT_ILI934110fillScreenEj
 .text._ZN11TFT_ILI934112setTextColorEjj
                0x000055cc       0x48 TFT_ILI9341.o
                0x000055cc                _ZN11TFT_ILI934112setTextColorEjj
 .text._ZN11TFT_ILI93419textWidthEPKci
                0x00005614      0x10c TFT_ILI9341.o
                0x00005614                _ZN11TFT_ILI93419textWidthEPKci
 .text._ZN11TFT_ILI93418drawCharEiihjjh
                0x00005720      0x474 TFT_ILI9341.o
                0x00005720                _ZN11TFT_ILI93418drawCharEiihjjh
 .text._ZN11TFT_ILI934113setAddrWindowEiiii
                0x00005b94      0x202 TFT_ILI9341.o
                0x00005b94                _ZN11TFT_ILI934113setAddrWindowEiiii
 .text._ZN11TFT_ILI93419drawPixelEjjj
                0x00005d96      0x252 TFT_ILI9341.o
                0x00005d96                _ZN11TFT_ILI93419drawPixelEjjj
 .text._ZN11TFT_ILI93419fastSetupEv
                0x00005fe8      0x1ae TFT_ILI9341.o
                0x00005fe8                _ZN11TFT_ILI93419fastSetupEv
 .text._ZN11TFT_ILI93418fillRectEiiiij
                0x00006196       0xf2 TFT_ILI9341.o
                0x00006196                _ZN11TFT_ILI93418fillRectEiiiij
 .text._ZN11TFT_ILI934111setRotationEh
                0x00006288      0x1e2 TFT_ILI9341.o
                0x00006288                _ZN11TFT_ILI934111setRotationEh
 .text._ZN11TFT_ILI93415writeEh
                0x0000646a      0x2a0 TFT_ILI9341.o
                0x0000646a                _ZN11TFT_ILI93415writeEh
 .text._ZN11TFT_ILI93418drawCharEjiii
                0x0000670a     0x1614 TFT_ILI9341.o
                0x0000670a                _ZN11TFT_ILI93418drawCharEjiii
 .text._ZN11TFT_ILI934110drawStringEPKciii
                0x00007d1e      0x4de TFT_ILI9341.o
                0x00007d1e                _ZN11TFT_ILI934110drawStringEPKciii
 .text.avr-libc.fplib
                0x000081fc        0xa c:/program files (x86)/atmel/studio/7.0/toolchain/avr8/avr8-gnu-toolchain/bin/../lib/gcc/avr/5.4.0/../../../../avr/lib/avr6\libm.a(addsf3.o)
                0x000081fc                __subsf3
                0x000081fe                __addsf3
 .text.avr-libc.fplib
                0x00008206       0xc0 c:/program files (x86)/atmel/studio/7.0/toolchain/avr8/avr8-gnu-toolchain/bin/../lib/gcc/avr/5.4.0/../../../../avr/lib/avr6\libm.a(addsf3x.o)
                0x00008220                __addsf3x
 .text.avr-libc.fplib
                0x000082c6        0x4 c:/program files (x86)/atmel/studio/7.0/toolchain/avr8/avr8-gnu-toolchain/bin/../lib/gcc/avr/5.4.0/../../../../avr/lib/avr6\libm.a(divsf3.o)
                0x000082c6                __divsf3
 .text.avr-libc.fplib
                0x000082ca       0xcc c:/program files (x86)/atmel/studio/7.0/toolchain/avr8/avr8-gnu-toolchain/bin/../lib/gcc/avr/5.4.0/../../../../avr/lib/avr6\libm.a(divsf3x.o)
                0x000082e0                __divsf3x
                0x000082e4                __divsf3_pse
 .text.avr-libc.fplib
                0x00008396       0x7a c:/program files (x86)/atmel/studio/7.0/toolchain/avr8/avr8-gnu-toolchain/bin/../lib/gcc/avr/5.4.0/../../../../avr/lib/avr6\libm.a(floatsisf.o)
                0x00008396                __floatunsisf
                0x0000839a                __floatsisf
 .text.avr-libc.fplib
                0x00008410        0xc c:/program files (x86)/atmel/studio/7.0/toolchain/avr8/avr8-gnu-toolchain/bin/../lib/gcc/avr/5.4.0/../../../../avr/lib/avr6\libm.a(fp_inf.o)
                0x00008410                __fp_inf
 .text.avr-libc.fplib
                0x0000841c        0x6 c:/program files (x86)/atmel/studio/7.0/toolchain/avr8/avr8-gnu-toolchain/bin/../lib/gcc/avr/5.4.0/../../../../avr/lib/avr6\libm.a(fp_nan.o)
                0x0000841c                __fp_nan
 .text.avr-libc.fplib
                0x00008422        0xe c:/program files (x86)/atmel/studio/7.0/toolchain/avr8/avr8-gnu-toolchain/bin/../lib/gcc/avr/5.4.0/../../../../avr/lib/avr6\libm.a(fp_pscA.o)
                0x00008422                __fp_pscA
 .text.avr-libc.fplib
                0x00008430        0xe c:/program files (x86)/atmel/studio/7.0/toolchain/avr8/avr8-gnu-toolchain/bin/../lib/gcc/avr/5.4.0/../../../../avr/lib/avr6\libm.a(fp_pscB.o)
                0x00008430                __fp_pscB
 .text.avr-libc.fplib
                0x0000843e       0x22 c:/program files (x86)/atmel/studio/7.0/toolchain/avr8/avr8-gnu-toolchain/bin/../lib/gcc/avr/5.4.0/../../../../avr/lib/avr6\libm.a(fp_round.o)
                0x0000843e                __fp_round
 .text.avr-libc.fplib
                0x00008460       0x44 c:/program files (x86)/atmel/studio/7.0/toolchain/avr8/avr8-gnu-toolchain/bin/../lib/gcc/avr/5.4.0/../../../../avr/lib/avr6\libm.a(fp_split3.o)
                0x00008460                __fp_split3
                0x00008470                __fp_splitA
 .text.avr-libc.fplib
                0x000084a4        0xe c:/program files (x86)/atmel/studio/7.0/toolchain/avr8/avr8-gnu-toolchain/bin/../lib/gcc/avr/5.4.0/../../../../avr/lib/avr6\libm.a(fp_zero.o)
                0x000084a4                __fp_zero
                0x000084a6                __fp_szero
 .text.avr-libc.fplib
                0x000084b2        0x4 c:/program files (x86)/atmel/studio/7.0/toolchain/avr8/avr8-gnu-toolchain/bin/../lib/gcc/avr/5.4.0/../../../../avr/lib/avr6\libm.a(mulsf3.o)
                0x000084b2                __mulsf3
 .text.avr-libc.fplib
                0x000084b6       0xc2 c:/program files (x86)/atmel/studio/7.0/toolchain/avr8/avr8-gnu-toolchain/bin/../lib/gcc/avr/5.4.0/../../../../avr/lib/avr6\libm.a(mulsf3x.o)
                0x000084ca                __mulsf3x
                0x000084ce                __mulsf3_pse
 .text.avr-libc.fplib
                0x00008578       0x98 c:/program files (x86)/atmel/studio/7.0/toolchain/avr8/avr8-gnu-toolchain/bin/../lib/gcc/avr/5.4.0/../../../../avr/lib/avr6\libm.a(pow.o)
                0x00008578                pow
 .text.avr-libc.fplib
                0x00008610       0x62 c:/program files (x86)/atmel/studio/7.0/toolchain/avr8/avr8-gnu-toolchain/bin/../lib/gcc/avr/5.4.0/../../../../avr/lib/avr6\libm.a(exp.o)
                0x0000861a                exp
 .text.avr-libc.fplib
                0x00008672       0x4a c:/program files (x86)/atmel/studio/7.0/toolchain/avr8/avr8-gnu-toolchain/bin/../lib/gcc/avr/5.4.0/../../../../avr/lib/avr6\libm.a(fp_powser.o)
                0x00008672                __fp_powser
 .text.avr-libc.fplib
                0x000086bc        0xe c:/program files (x86)/atmel/studio/7.0/toolchain/avr8/avr8-gnu-toolchain/bin/../lib/gcc/avr/5.4.0/../../../../avr/lib/avr6\libm.a(inverse.o)
                0x000086bc                inverse
 .text.avr-libc.fplib
                0x000086ca       0x6c c:/program files (x86)/atmel/studio/7.0/toolchain/avr8/avr8-gnu-toolchain/bin/../lib/gcc/avr/5.4.0/../../../../avr/lib/avr6\libm.a(ldexp.o)
                0x000086ce                ldexp
 .text.avr-libc.fplib
                0x00008736       0x8a c:/program files (x86)/atmel/studio/7.0/toolchain/avr8/avr8-gnu-toolchain/bin/../lib/gcc/avr/5.4.0/../../../../avr/lib/avr6\libm.a(log.o)
                0x00008740                log
 .text.avr-libc.fplib
                0x000087c0       0x66 c:/program files (x86)/atmel/studio/7.0/toolchain/avr8/avr8-gnu-toolchain/bin/../lib/gcc/avr/5.4.0/../../../../avr/lib/avr6\libm.a(modf.o)
                0x000087c0                modf
                0x000087c0                modff
 .text.avr-libc.fplib
                0x00008826       0x1c c:/program files (x86)/atmel/studio/7.0/toolchain/avr8/avr8-gnu-toolchain/bin/../lib/gcc/avr/5.4.0/../../../../avr/lib/avr6\libm.a(fp_mpack.o)
                0x00008826                __fp_mpack
                0x0000882a                __fp_mpack_finite
 .text._ZN14HardwareSerial9availableEv
                0x00008842       0x18 C:\Users\Anthony\DOCUME~1\ATMELS~1\7.0\MOTHER~1\MOTHER~1\ARDUIN~1\Debug\libArduinoCore.a(HardwareSerial.o)
                0x00008842                _ZN14HardwareSerial9availableEv
 .text._ZN14HardwareSerial4peekEv
                0x0000885a       0x1c C:\Users\Anthony\DOCUME~1\ATMELS~1\7.0\MOTHER~1\MOTHER~1\ARDUIN~1\Debug\libArduinoCore.a(HardwareSerial.o)
                0x0000885a                _ZN14HardwareSerial4peekEv
 .text._ZN14HardwareSerial4readEv
                0x00008876       0x28 C:\Users\Anthony\DOCUME~1\ATMELS~1\7.0\MOTHER~1\MOTHER~1\ARDUIN~1\Debug\libArduinoCore.a(HardwareSerial.o)
                0x00008876                _ZN14HardwareSerial4readEv
 .text._ZN14HardwareSerial17availableForWriteEv
                0x0000889e       0x1e C:\Users\Anthony\DOCUME~1\ATMELS~1\7.0\MOTHER~1\MOTHER~1\ARDUIN~1\Debug\libArduinoCore.a(HardwareSerial.o)
                0x0000889e                _ZN14HardwareSerial17availableForWriteEv
 .text._Z14serialEventRunv
                0x000088bc       0x76 C:\Users\Anthony\DOCUME~1\ATMELS~1\7.0\MOTHER~1\MOTHER~1\ARDUIN~1\Debug\libArduinoCore.a(HardwareSerial.o)
                0x000088bc                _Z14serialEventRunv
 .text._ZN14HardwareSerial17_tx_udr_empty_irqEv
                0x00008932       0x42 C:\Users\Anthony\DOCUME~1\ATMELS~1\7.0\MOTHER~1\MOTHER~1\ARDUIN~1\Debug\libArduinoCore.a(HardwareSerial.o)
                0x00008932                _ZN14HardwareSerial17_tx_udr_empty_irqEv
 .text._ZN14HardwareSerial5writeEh
                0x00008974       0x8c C:\Users\Anthony\DOCUME~1\ATMELS~1\7.0\MOTHER~1\MOTHER~1\ARDUIN~1\Debug\libArduinoCore.a(HardwareSerial.o)
                0x00008974                _ZN14HardwareSerial5writeEh
 .text._ZN14HardwareSerial5flushEv
                0x00008a00       0x42 C:\Users\Anthony\DOCUME~1\ATMELS~1\7.0\MOTHER~1\MOTHER~1\ARDUIN~1\Debug\libArduinoCore.a(HardwareSerial.o)
                0x00008a00                _ZN14HardwareSerial5flushEv
 .text._ZN14HardwareSerial5beginEmh
                0x00008a42       0xca C:\Users\Anthony\DOCUME~1\ATMELS~1\7.0\MOTHER~1\MOTHER~1\ARDUIN~1\Debug\libArduinoCore.a(HardwareSerial.o)
                0x00008a42                _ZN14HardwareSerial5beginEmh
 .text.__vector_25
                0x00008b0c       0x6c C:\Users\Anthony\DOCUME~1\ATMELS~1\7.0\MOTHER~1\MOTHER~1\ARDUIN~1\Debug\libArduinoCore.a(HardwareSerial0.o)
                0x00008b0c                __vector_25
 .text.__vector_26
                0x00008b78       0x52 C:\Users\Anthony\DOCUME~1\ATMELS~1\7.0\MOTHER~1\MOTHER~1\ARDUIN~1\Debug\libArduinoCore.a(HardwareSerial0.o)
                0x00008b78                __vector_26
 .text._Z17Serial0_availablev
                0x00008bca       0x12 C:\Users\Anthony\DOCUME~1\ATMELS~1\7.0\MOTHER~1\MOTHER~1\ARDUIN~1\Debug\libArduinoCore.a(HardwareSerial0.o)
                0x00008bca                _Z17Serial0_availablev
 .text.startup._GLOBAL__sub_I___vector_25
                0x00008bdc       0x5a C:\Users\Anthony\DOCUME~1\ATMELS~1\7.0\MOTHER~1\MOTHER~1\ARDUIN~1\Debug\libArduinoCore.a(HardwareSerial0.o)
 .text.__vector_36
                0x00008c36       0x6c C:\Users\Anthony\DOCUME~1\ATMELS~1\7.0\MOTHER~1\MOTHER~1\ARDUIN~1\Debug\libArduinoCore.a(HardwareSerial1.o)
                0x00008c36                __vector_36
 .text.__vector_37
                0x00008ca2       0x52 C:\Users\Anthony\DOCUME~1\ATMELS~1\7.0\MOTHER~1\MOTHER~1\ARDUIN~1\Debug\libArduinoCore.a(HardwareSerial1.o)
                0x00008ca2                __vector_37
 .text._Z17Serial1_availablev
                0x00008cf4       0x12 C:\Users\Anthony\DOCUME~1\ATMELS~1\7.0\MOTHER~1\MOTHER~1\ARDUIN~1\Debug\libArduinoCore.a(HardwareSerial1.o)
                0x00008cf4                _Z17Serial1_availablev
 .text.startup._GLOBAL__sub_I___vector_36
                0x00008d06       0x5a C:\Users\Anthony\DOCUME~1\ATMELS~1\7.0\MOTHER~1\MOTHER~1\ARDUIN~1\Debug\libArduinoCore.a(HardwareSerial1.o)
 .text.startup.main
                0x00008d60       0x1a C:\Users\Anthony\DOCUME~1\ATMELS~1\7.0\MOTHER~1\MOTHER~1\ARDUIN~1\Debug\libArduinoCore.a(main.o)
                0x00008d60                main
 .text._ZN5Print5writeEPKhj
                0x00008d7a       0x54 C:\Users\Anthony\DOCUME~1\ATMELS~1\7.0\MOTHER~1\MOTHER~1\ARDUIN~1\Debug\libArduinoCore.a(Print.o)
                0x00008d7a                _ZN5Print5writeEPKhj
 .text._ZN5Print5writeEPKc
                0x00008dce       0x2a C:\Users\Anthony\DOCUME~1\ATMELS~1\7.0\MOTHER~1\MOTHER~1\ARDUIN~1\Debug\libArduinoCore.a(Print.o)
                0x00008dce                _ZN5Print5writeEPKc
 .text._ZN5Print5printEPKc
                0x00008df8        0x2 C:\Users\Anthony\DOCUME~1\ATMELS~1\7.0\MOTHER~1\MOTHER~1\ARDUIN~1\Debug\libArduinoCore.a(Print.o)
                0x00008df8                _ZN5Print5printEPKc
 .text._ZN5Print5printEc
                0x00008dfa        0xe C:\Users\Anthony\DOCUME~1\ATMELS~1\7.0\MOTHER~1\MOTHER~1\ARDUIN~1\Debug\libArduinoCore.a(Print.o)
                0x00008dfa                _ZN5Print5printEc
 .text._ZN5Print7printlnEv
                0x00008e08        0x6 C:\Users\Anthony\DOCUME~1\ATMELS~1\7.0\MOTHER~1\MOTHER~1\ARDUIN~1\Debug\libArduinoCore.a(Print.o)
                0x00008e08                _ZN5Print7printlnEv
 .text._ZN5Print7printlnEPKc
                0x00008e0e       0x20 C:\Users\Anthony\DOCUME~1\ATMELS~1\7.0\MOTHER~1\MOTHER~1\ARDUIN~1\Debug\libArduinoCore.a(Print.o)
                0x00008e0e                _ZN5Print7printlnEPKc
 .text._ZN5Print11printNumberEmh
                0x00008e2e       0x90 C:\Users\Anthony\DOCUME~1\ATMELS~1\7.0\MOTHER~1\MOTHER~1\ARDUIN~1\Debug\libArduinoCore.a(Print.o)
                0x00008e2e                _ZN5Print11printNumberEmh
 .text._ZN5Print5printEli
                0x00008ebe       0x8a C:\Users\Anthony\DOCUME~1\ATMELS~1\7.0\MOTHER~1\MOTHER~1\ARDUIN~1\Debug\libArduinoCore.a(Print.o)
                0x00008ebe                _ZN5Print5printEli
 .text._ZN5Print5printEii
                0x00008f48        0xc C:\Users\Anthony\DOCUME~1\ATMELS~1\7.0\MOTHER~1\MOTHER~1\ARDUIN~1\Debug\libArduinoCore.a(Print.o)
                0x00008f48                _ZN5Print5printEii
 .text._ZN5Print7printlnEii
                0x00008f54       0x20 C:\Users\Anthony\DOCUME~1\ATMELS~1\7.0\MOTHER~1\MOTHER~1\ARDUIN~1\Debug\libArduinoCore.a(Print.o)
                0x00008f54                _ZN5Print7printlnEii
 .text._ZN6Stream9timedReadEv
                0x00008f74       0x5c C:\Users\Anthony\DOCUME~1\ATMELS~1\7.0\MOTHER~1\MOTHER~1\ARDUIN~1\Debug\libArduinoCore.a(Stream.o)
                0x00008f74                _ZN6Stream9timedReadEv
 .text._ZN6Stream10setTimeoutEm
                0x00008fd0        0xc C:\Users\Anthony\DOCUME~1\ATMELS~1\7.0\MOTHER~1\MOTHER~1\ARDUIN~1\Debug\libArduinoCore.a(Stream.o)
                0x00008fd0                _ZN6Stream10setTimeoutEm
 .text._ZN6Stream14readBytesUntilEcPcj
                0x00008fdc       0x66 C:\Users\Anthony\DOCUME~1\ATMELS~1\7.0\MOTHER~1\MOTHER~1\ARDUIN~1\Debug\libArduinoCore.a(Stream.o)
                0x00008fdc                _ZN6Stream14readBytesUntilEcPcj
 .text.nothing  0x00009042        0x2 C:\Users\Anthony\DOCUME~1\ATMELS~1\7.0\MOTHER~1\MOTHER~1\ARDUIN~1\Debug\libArduinoCore.a(WInterrupts.o)
 .text.attachInterrupt
                0x00009044       0xe8 C:\Users\Anthony\DOCUME~1\ATMELS~1\7.0\MOTHER~1\MOTHER~1\ARDUIN~1\Debug\libArduinoCore.a(WInterrupts.o)
                0x00009044                attachInterrupt
 .text.__vector_1
                0x0000912c       0x56 C:\Users\Anthony\DOCUME~1\ATMELS~1\7.0\MOTHER~1\MOTHER~1\ARDUIN~1\Debug\libArduinoCore.a(WInterrupts.o)
                0x0000912c                __vector_1
 .text.__vector_2
                0x00009182       0x56 C:\Users\Anthony\DOCUME~1\ATMELS~1\7.0\MOTHER~1\MOTHER~1\ARDUIN~1\Debug\libArduinoCore.a(WInterrupts.o)
                0x00009182                __vector_2
 .text.__vector_3
                0x000091d8       0x56 C:\Users\Anthony\DOCUME~1\ATMELS~1\7.0\MOTHER~1\MOTHER~1\ARDUIN~1\Debug\libArduinoCore.a(WInterrupts.o)
                0x000091d8                __vector_3
 .text.__vector_4
                0x0000922e       0x56 C:\Users\Anthony\DOCUME~1\ATMELS~1\7.0\MOTHER~1\MOTHER~1\ARDUIN~1\Debug\libArduinoCore.a(WInterrupts.o)
                0x0000922e                __vector_4
 .text.__vector_5
                0x00009284       0x56 C:\Users\Anthony\DOCUME~1\ATMELS~1\7.0\MOTHER~1\MOTHER~1\ARDUIN~1\Debug\libArduinoCore.a(WInterrupts.o)
                0x00009284                __vector_5
 .text.__vector_6
                0x000092da       0x56 C:\Users\Anthony\DOCUME~1\ATMELS~1\7.0\MOTHER~1\MOTHER~1\ARDUIN~1\Debug\libArduinoCore.a(WInterrupts.o)
                0x000092da                __vector_6
 .text.__vector_7
                0x00009330       0x56 C:\Users\Anthony\DOCUME~1\ATMELS~1\7.0\MOTHER~1\MOTHER~1\ARDUIN~1\Debug\libArduinoCore.a(WInterrupts.o)
                0x00009330                __vector_7
 .text.__vector_8
                0x00009386       0x56 C:\Users\Anthony\DOCUME~1\ATMELS~1\7.0\MOTHER~1\MOTHER~1\ARDUIN~1\Debug\libArduinoCore.a(WInterrupts.o)
                0x00009386                __vector_8
 .text.__vector_23
                0x000093dc       0x94 C:\Users\Anthony\DOCUME~1\ATMELS~1\7.0\MOTHER~1\MOTHER~1\ARDUIN~1\Debug\libArduinoCore.a(wiring.o)
                0x000093dc                __vector_23
 .text.millis   0x00009470       0x18 C:\Users\Anthony\DOCUME~1\ATMELS~1\7.0\MOTHER~1\MOTHER~1\ARDUIN~1\Debug\libArduinoCore.a(wiring.o)
                0x00009470                millis
 .text.micros   0x00009488       0x4a C:\Users\Anthony\DOCUME~1\ATMELS~1\7.0\MOTHER~1\MOTHER~1\ARDUIN~1\Debug\libArduinoCore.a(wiring.o)
                0x00009488                micros
 .text.delay    0x000094d2       0x72 C:\Users\Anthony\DOCUME~1\ATMELS~1\7.0\MOTHER~1\MOTHER~1\ARDUIN~1\Debug\libArduinoCore.a(wiring.o)
                0x000094d2                delay
 .text.init     0x00009544       0xc4 C:\Users\Anthony\DOCUME~1\ATMELS~1\7.0\MOTHER~1\MOTHER~1\ARDUIN~1\Debug\libArduinoCore.a(wiring.o)
                0x00009544                init
 .text.turnOffPWM
                0x00009608       0xac C:\Users\Anthony\DOCUME~1\ATMELS~1\7.0\MOTHER~1\MOTHER~1\ARDUIN~1\Debug\libArduinoCore.a(wiring_digital.o)
 .text.pinMode  0x000096b4       0x78 C:\Users\Anthony\DOCUME~1\ATMELS~1\7.0\MOTHER~1\MOTHER~1\ARDUIN~1\Debug\libArduinoCore.a(wiring_digital.o)
                0x000096b4                pinMode
 .text.digitalWrite
                0x0000972c       0x5c C:\Users\Anthony\DOCUME~1\ATMELS~1\7.0\MOTHER~1\MOTHER~1\ARDUIN~1\Debug\libArduinoCore.a(wiring_digital.o)
                0x0000972c                digitalWrite
 .text._Z6randoml
                0x00009788       0x34 C:\Users\Anthony\DOCUME~1\ATMELS~1\7.0\MOTHER~1\MOTHER~1\ARDUIN~1\Debug\libArduinoCore.a(WMath.o)
                0x00009788                _Z6randoml
 .text._Z6randomll
                0x000097bc       0x42 C:\Users\Anthony\DOCUME~1\ATMELS~1\7.0\MOTHER~1\MOTHER~1\ARDUIN~1\Debug\libArduinoCore.a(WMath.o)
                0x000097bc                _Z6randomll
 .text.prvResetNextTaskUnblockTime
                0x000097fe       0x36 C:\Users\Anthony\DOCUME~1\ATMELS~1\7.0\MOTHER~1\MOTHER~1\ARDUIN~1\Debug\libArduinoCore.a(tasks.o)
 .text.hot.prvAddCurrentTaskToDelayedList
                0x00009834       0xb0 C:\Users\Anthony\DOCUME~1\ATMELS~1\7.0\MOTHER~1\MOTHER~1\ARDUIN~1\Debug\libArduinoCore.a(tasks.o)
 .text.hot.xTaskCreate
                0x000098e4      0x1f6 C:\Users\Anthony\DOCUME~1\ATMELS~1\7.0\MOTHER~1\MOTHER~1\ARDUIN~1\Debug\libArduinoCore.a(tasks.o)
                0x000098e4                xTaskCreate
 .text.hot.vTaskStartScheduler
                0x00009ada       0x56 C:\Users\Anthony\DOCUME~1\ATMELS~1\7.0\MOTHER~1\MOTHER~1\ARDUIN~1\Debug\libArduinoCore.a(tasks.o)
                0x00009ada                vTaskStartScheduler
 .text.hot.vTaskSuspendAll
                0x00009b30        0xc C:\Users\Anthony\DOCUME~1\ATMELS~1\7.0\MOTHER~1\MOTHER~1\ARDUIN~1\Debug\libArduinoCore.a(tasks.o)
                0x00009b30                vTaskSuspendAll
 .text.hot.xTaskGetTickCount
                0x00009b3c       0x14 C:\Users\Anthony\DOCUME~1\ATMELS~1\7.0\MOTHER~1\MOTHER~1\ARDUIN~1\Debug\libArduinoCore.a(tasks.o)
                0x00009b3c                xTaskGetTickCount
 .text.hot.xTaskIncrementTick
                0x00009b50      0x150 C:\Users\Anthony\DOCUME~1\ATMELS~1\7.0\MOTHER~1\MOTHER~1\ARDUIN~1\Debug\libArduinoCore.a(tasks.o)
                0x00009b50                xTaskIncrementTick
 .text.hot.xTaskResumeAll
                0x00009ca0       0xd2 C:\Users\Anthony\DOCUME~1\ATMELS~1\7.0\MOTHER~1\MOTHER~1\ARDUIN~1\Debug\libArduinoCore.a(tasks.o)
                0x00009ca0                xTaskResumeAll
 .text.hot.vTaskDelay
                0x00009d72       0x22 C:\Users\Anthony\DOCUME~1\ATMELS~1\7.0\MOTHER~1\MOTHER~1\ARDUIN~1\Debug\libArduinoCore.a(tasks.o)
                0x00009d72                vTaskDelay
 .text.hot.vTaskSwitchContext
                0x00009d94       0xba C:\Users\Anthony\DOCUME~1\ATMELS~1\7.0\MOTHER~1\MOTHER~1\ARDUIN~1\Debug\libArduinoCore.a(tasks.o)
                0x00009d94                vTaskSwitchContext
 .text.hot.vTaskPlaceOnEventList
                0x00009e4e       0x1e C:\Users\Anthony\DOCUME~1\ATMELS~1\7.0\MOTHER~1\MOTHER~1\ARDUIN~1\Debug\libArduinoCore.a(tasks.o)
                0x00009e4e                vTaskPlaceOnEventList
 .text.hot.vTaskPlaceOnEventListRestricted
                0x00009e6c       0x2c C:\Users\Anthony\DOCUME~1\ATMELS~1\7.0\MOTHER~1\MOTHER~1\ARDUIN~1\Debug\libArduinoCore.a(tasks.o)
                0x00009e6c                vTaskPlaceOnEventListRestricted
 .text.hot.xTaskRemoveFromEventList
                0x00009e98       0x7a C:\Users\Anthony\DOCUME~1\ATMELS~1\7.0\MOTHER~1\MOTHER~1\ARDUIN~1\Debug\libArduinoCore.a(tasks.o)
                0x00009e98                xTaskRemoveFromEventList
 .text.hot.vTaskInternalSetTimeOutState
                0x00009f12       0x16 C:\Users\Anthony\DOCUME~1\ATMELS~1\7.0\MOTHER~1\MOTHER~1\ARDUIN~1\Debug\libArduinoCore.a(tasks.o)
                0x00009f12                vTaskInternalSetTimeOutState
 .text.hot.xTaskCheckForTimeOut
                0x00009f28       0x64 C:\Users\Anthony\DOCUME~1\ATMELS~1\7.0\MOTHER~1\MOTHER~1\ARDUIN~1\Debug\libArduinoCore.a(tasks.o)
                0x00009f28                xTaskCheckForTimeOut
 .text.hot.vTaskMissedYield
                0x00009f8c        0x8 C:\Users\Anthony\DOCUME~1\ATMELS~1\7.0\MOTHER~1\MOTHER~1\ARDUIN~1\Debug\libArduinoCore.a(tasks.o)
                0x00009f8c                vTaskMissedYield
 .text.hot.xTaskGetSchedulerState
                0x00009f94       0x1c C:\Users\Anthony\DOCUME~1\ATMELS~1\7.0\MOTHER~1\MOTHER~1\ARDUIN~1\Debug\libArduinoCore.a(tasks.o)
                0x00009f94                xTaskGetSchedulerState
 .text.hot.xTaskPriorityDisinherit
                0x00009fb0       0x70 C:\Users\Anthony\DOCUME~1\ATMELS~1\7.0\MOTHER~1\MOTHER~1\ARDUIN~1\Debug\libArduinoCore.a(tasks.o)
                0x00009fb0                xTaskPriorityDisinherit
 .text.hot.prvCheckForValidListAndQueue
                0x0000a020       0x4c C:\Users\Anthony\DOCUME~1\ATMELS~1\7.0\MOTHER~1\MOTHER~1\ARDUIN~1\Debug\libArduinoCore.a(timers.o)
 .text.hot.prvInsertTimerInActiveList
                0x0000a06c       0x52 C:\Users\Anthony\DOCUME~1\ATMELS~1\7.0\MOTHER~1\MOTHER~1\ARDUIN~1\Debug\libArduinoCore.a(timers.o)
 .text.hot.xTimerCreateTimerTask
                0x0000a0be       0x3c C:\Users\Anthony\DOCUME~1\ATMELS~1\7.0\MOTHER~1\MOTHER~1\ARDUIN~1\Debug\libArduinoCore.a(timers.o)
                0x0000a0be                xTimerCreateTimerTask
 .text.hot.xTimerGenericCommand
                0x0000a0fa       0x78 C:\Users\Anthony\DOCUME~1\ATMELS~1\7.0\MOTHER~1\MOTHER~1\ARDUIN~1\Debug\libArduinoCore.a(timers.o)
                0x0000a0fa                xTimerGenericCommand
 .text.hot.prvSwitchTimerLists
                0x0000a172       0x9c C:\Users\Anthony\DOCUME~1\ATMELS~1\7.0\MOTHER~1\MOTHER~1\ARDUIN~1\Debug\libArduinoCore.a(timers.o)
 .text.initVariant
                0x0000a20e        0x8 C:\Users\Anthony\DOCUME~1\ATMELS~1\7.0\MOTHER~1\MOTHER~1\ARDUIN~1\Debug\libArduinoCore.a(variantHooks.o)
                0x0000a20e                initVariant
 .text.vApplicationIdleHook
                0x0000a216       0x12 C:\Users\Anthony\DOCUME~1\ATMELS~1\7.0\MOTHER~1\MOTHER~1\ARDUIN~1\Debug\libArduinoCore.a(variantHooks.o)
                0x0000a216                vApplicationIdleHook
 .text.vApplicationMallocFailedHook
                0x0000a228       0x1a C:\Users\Anthony\DOCUME~1\ATMELS~1\7.0\MOTHER~1\MOTHER~1\ARDUIN~1\Debug\libArduinoCore.a(variantHooks.o)
                0x0000a228                vApplicationMallocFailedHook
 .text.vApplicationStackOverflowHook
                0x0000a242       0x1a C:\Users\Anthony\DOCUME~1\ATMELS~1\7.0\MOTHER~1\MOTHER~1\ARDUIN~1\Debug\libArduinoCore.a(variantHooks.o)
                0x0000a242                vApplicationStackOverflowHook
 .text._ZN8SPIClass5beginEv
                0x0000a25c       0x64 C:\Users\Anthony\DOCUME~1\ATMELS~1\7.0\MOTHER~1\MOTHER~1\ARDUIN~1\Debug\libArduinoCore.a(SPI.o)
                0x0000a25c                _ZN8SPIClass5beginEv
 .text.__cxa_pure_virtual
                0x0000a2c0        0x2 C:\Users\Anthony\DOCUME~1\ATMELS~1\7.0\MOTHER~1\MOTHER~1\ARDUIN~1\Debug\libArduinoCore.a(abi.o)
                0x0000a2c0                __cxa_pure_virtual
 .text.__empty  0x0000a2c2        0x2 C:\Users\Anthony\DOCUME~1\ATMELS~1\7.0\MOTHER~1\MOTHER~1\ARDUIN~1\Debug\libArduinoCore.a(hooks.o)
                0x0000a2c2                yield
 .text.hot.pvPortMalloc
                0x0000a2c4       0x1e C:\Users\Anthony\DOCUME~1\ATMELS~1\7.0\MOTHER~1\MOTHER~1\ARDUIN~1\Debug\libArduinoCore.a(heap_3.o)
                0x0000a2c4                pvPortMalloc
 .text.hot.vPortFree
                0x0000a2e2       0x1c C:\Users\Anthony\DOCUME~1\ATMELS~1\7.0\MOTHER~1\MOTHER~1\ARDUIN~1\Debug\libArduinoCore.a(heap_3.o)
                0x0000a2e2                vPortFree
 .text.hot.vListInitialise
                0x0000a2fe       0x1c C:\Users\Anthony\DOCUME~1\ATMELS~1\7.0\MOTHER~1\MOTHER~1\ARDUIN~1\Debug\libArduinoCore.a(list.o)
                0x0000a2fe                vListInitialise
 .text.hot.vListInitialiseItem
                0x0000a31a        0x8 C:\Users\Anthony\DOCUME~1\ATMELS~1\7.0\MOTHER~1\MOTHER~1\ARDUIN~1\Debug\libArduinoCore.a(list.o)
                0x0000a31a                vListInitialiseItem
 .text.hot.vListInsertEnd
                0x0000a322       0x42 C:\Users\Anthony\DOCUME~1\ATMELS~1\7.0\MOTHER~1\MOTHER~1\ARDUIN~1\Debug\libArduinoCore.a(list.o)
                0x0000a322                vListInsertEnd
 .text.hot.vListInsert
                0x0000a364       0x70 C:\Users\Anthony\DOCUME~1\ATMELS~1\7.0\MOTHER~1\MOTHER~1\ARDUIN~1\Debug\libArduinoCore.a(list.o)
                0x0000a364                vListInsert
 .text.hot.uxListRemove
                0x0000a3d4       0x48 C:\Users\Anthony\DOCUME~1\ATMELS~1\7.0\MOTHER~1\MOTHER~1\ARDUIN~1\Debug\libArduinoCore.a(list.o)
                0x0000a3d4                uxListRemove
 .text.hot.pxPortInitialiseStack
                0x0000a41c       0xe4 C:\Users\Anthony\DOCUME~1\ATMELS~1\7.0\MOTHER~1\MOTHER~1\ARDUIN~1\Debug\libArduinoCore.a(port.o)
                0x0000a41c                pxPortInitialiseStack
 .text.hot.xPortStartScheduler
                0x0000a500       0x78 C:\Users\Anthony\DOCUME~1\ATMELS~1\7.0\MOTHER~1\MOTHER~1\ARDUIN~1\Debug\libArduinoCore.a(port.o)
                0x0000a500                xPortStartScheduler
 .text.hot.vPortYield
                0x0000a578       0xc0 C:\Users\Anthony\DOCUME~1\ATMELS~1\7.0\MOTHER~1\MOTHER~1\ARDUIN~1\Debug\libArduinoCore.a(port.o)
                0x0000a578                vPortYield
 .text.hot.vPortYieldFromTick
                0x0000a638       0xc6 C:\Users\Anthony\DOCUME~1\ATMELS~1\7.0\MOTHER~1\MOTHER~1\ARDUIN~1\Debug\libArduinoCore.a(port.o)
                0x0000a638                vPortYieldFromTick
 .text.hot.__vector_12
                0x0000a6fe        0x4 C:\Users\Anthony\DOCUME~1\ATMELS~1\7.0\MOTHER~1\MOTHER~1\ARDUIN~1\Debug\libArduinoCore.a(port.o)
                0x0000a6fe                __vector_12
 .text.hot.prvIsQueueEmpty
                0x0000a702       0x16 C:\Users\Anthony\DOCUME~1\ATMELS~1\7.0\MOTHER~1\MOTHER~1\ARDUIN~1\Debug\libArduinoCore.a(queue.o)
 .text.hot.prvCopyDataToQueue
                0x0000a718       0xa0 C:\Users\Anthony\DOCUME~1\ATMELS~1\7.0\MOTHER~1\MOTHER~1\ARDUIN~1\Debug\libArduinoCore.a(queue.o)
 .text.hot.prvCopyDataFromQueue
                0x0000a7b8       0x32 C:\Users\Anthony\DOCUME~1\ATMELS~1\7.0\MOTHER~1\MOTHER~1\ARDUIN~1\Debug\libArduinoCore.a(queue.o)
 .text.hot.prvUnlockQueue
                0x0000a7ea       0x74 C:\Users\Anthony\DOCUME~1\ATMELS~1\7.0\MOTHER~1\MOTHER~1\ARDUIN~1\Debug\libArduinoCore.a(queue.o)
 .text.hot.xQueueGenericReset
                0x0000a85e       0x76 C:\Users\Anthony\DOCUME~1\ATMELS~1\7.0\MOTHER~1\MOTHER~1\ARDUIN~1\Debug\libArduinoCore.a(queue.o)
                0x0000a85e                xQueueGenericReset
 .text.hot.xQueueGenericCreate
                0x0000a8d4       0x4c C:\Users\Anthony\DOCUME~1\ATMELS~1\7.0\MOTHER~1\MOTHER~1\ARDUIN~1\Debug\libArduinoCore.a(queue.o)
                0x0000a8d4                xQueueGenericCreate
 .text.hot.xQueueGenericSend
                0x0000a920      0x110 C:\Users\Anthony\DOCUME~1\ATMELS~1\7.0\MOTHER~1\MOTHER~1\ARDUIN~1\Debug\libArduinoCore.a(queue.o)
                0x0000a920                xQueueGenericSend
 .text.hot.xQueueGenericSendFromISR
                0x0000aa30       0x5a C:\Users\Anthony\DOCUME~1\ATMELS~1\7.0\MOTHER~1\MOTHER~1\ARDUIN~1\Debug\libArduinoCore.a(queue.o)
                0x0000aa30                xQueueGenericSendFromISR
 .text.hot.xQueueReceive
                0x0000aa8a      0x104 C:\Users\Anthony\DOCUME~1\ATMELS~1\7.0\MOTHER~1\MOTHER~1\ARDUIN~1\Debug\libArduinoCore.a(queue.o)
                0x0000aa8a                xQueueReceive
 .text.hot.vQueueWaitForMessageRestricted
                0x0000ab8e       0x34 C:\Users\Anthony\DOCUME~1\ATMELS~1\7.0\MOTHER~1\MOTHER~1\ARDUIN~1\Debug\libArduinoCore.a(queue.o)
                0x0000ab8e                vQueueWaitForMessageRestricted
 .text.libgcc.div
                0x0000abc2       0x26 c:/program files (x86)/atmel/studio/7.0/toolchain/avr8/avr8-gnu-toolchain/bin/../lib/gcc/avr/5.4.0/avr6\libgcc.a(_divmodhi4.o)
                0x0000abc2                _div
                0x0000abc2                __divmodhi4
 .text.libgcc.div
                0x0000abe8       0x44 c:/program files (x86)/atmel/studio/7.0/toolchain/avr8/avr8-gnu-toolchain/bin/../lib/gcc/avr/5.4.0/avr6\libgcc.a(_udivmodsi4.o)
                0x0000abe8                __udivmodsi4
 .text.libgcc.div
                0x0000ac2c       0x28 c:/program files (x86)/atmel/studio/7.0/toolchain/avr8/avr8-gnu-toolchain/bin/../lib/gcc/avr/5.4.0/avr6\libgcc.a(_divmodsi4.o)
                0x0000ac2c                __divmodsi4
 .text.libgcc.div
                0x0000ac54       0x10 c:/program files (x86)/atmel/studio/7.0/toolchain/avr8/avr8-gnu-toolchain/bin/../lib/gcc/avr/5.4.0/avr6\libgcc.a(_negsi2.o)
                0x0000ac54                __negsi2
 .text.libgcc   0x0000ac64       0x10 c:/program files (x86)/atmel/studio/7.0/toolchain/avr8/avr8-gnu-toolchain/bin/../lib/gcc/avr/5.4.0/avr6\libgcc.a(_tablejump2.o)
                0x0000ac64                __tablejump2__
 .text.libgcc.mul
                0x0000ac74       0x14 c:/program files (x86)/atmel/studio/7.0/toolchain/avr8/avr8-gnu-toolchain/bin/../lib/gcc/avr/5.4.0/avr6\libgcc.a(_muluhisi3.o)
                0x0000ac74                __muluhisi3
 .text.libgcc.div
                0x0000ac88       0x28 c:/program files (x86)/atmel/studio/7.0/toolchain/avr8/avr8-gnu-toolchain/bin/../lib/gcc/avr/5.4.0/avr6\libgcc.a(_udivmodhi4.o)
                0x0000ac88                __udivmodhi4
 .text.libgcc.mul
                0x0000acb0       0x1e c:/program files (x86)/atmel/studio/7.0/toolchain/avr8/avr8-gnu-toolchain/bin/../lib/gcc/avr/5.4.0/avr6\libgcc.a(_umulhisi3.o)
                0x0000acb0                __umulhisi3
 .text.avr-libc
                0x0000acce       0x3e c:/program files (x86)/atmel/studio/7.0/toolchain/avr8/avr8-gnu-toolchain/bin/../lib/gcc/avr/5.4.0/../../../../avr/lib/avr6\libc.a(dtostrf.o)
                0x0000acce                dtostrf
 .text.avr-libc
                0x0000ad0c      0x242 c:/program files (x86)/atmel/studio/7.0/toolchain/avr8/avr8-gnu-toolchain/bin/../lib/gcc/avr/5.4.0/../../../../avr/lib/avr6\libc.a(malloc.o)
                0x0000ad0c                malloc
                0x0000ae3c                free
 .text.avr-libc
                0x0000af4e      0x138 c:/program files (x86)/atmel/studio/7.0/toolchain/avr8/avr8-gnu-toolchain/bin/../lib/gcc/avr/5.4.0/../../../../avr/lib/avr6\libc.a(random.o)
                0x0000af4e                random_r
                0x0000afde                random
                0x0000b074                srandom
 .text.avr-libc
                0x0000b086        0x8 c:/program files (x86)/atmel/studio/7.0/toolchain/avr8/avr8-gnu-toolchain/bin/../lib/gcc/avr/5.4.0/../../../../avr/lib/avr6\libc.a(abort.o)
                0x0000b086                abort
 .text.avr-libc
                0x0000b08e       0x3a c:/program files (x86)/atmel/studio/7.0/toolchain/avr8/avr8-gnu-toolchain/bin/../lib/gcc/avr/5.4.0/../../../../avr/lib/avr6\libc.a(atoi.o)
                0x0000b08e                atoi
 .text.avr-libc
                0x0000b0c8       0x4c c:/program files (x86)/atmel/studio/7.0/toolchain/avr8/avr8-gnu-toolchain/bin/../lib/gcc/avr/5.4.0/../../../../avr/lib/avr6\libc.a(atol.o)
                0x0000b0c8                atol
 .text.avr-libc
                0x0000b114        0x6 c:/program files (x86)/atmel/studio/7.0/toolchain/avr8/avr8-gnu-toolchain/bin/../lib/gcc/avr/5.4.0/../../../../avr/lib/avr6\libc.a(strtok.o)
                0x0000b114                strtok
 .text.avr-libc
                0x0000b11a       0x12 c:/program files (x86)/atmel/studio/7.0/toolchain/avr8/avr8-gnu-toolchain/bin/../lib/gcc/avr/5.4.0/../../../../avr/lib/avr6\libc.a(memcpy.o)
                0x0000b11a                memcpy
 .text.avr-libc
                0x0000b12c        0xe c:/program files (x86)/atmel/studio/7.0/toolchain/avr8/avr8-gnu-toolchain/bin/../lib/gcc/avr/5.4.0/../../../../avr/lib/avr6\libc.a(memset.o)
                0x0000b12c                memset
 .text.avr-libc
                0x0000b13a       0x12 c:/program files (x86)/atmel/studio/7.0/toolchain/avr8/avr8-gnu-toolchain/bin/../lib/gcc/avr/5.4.0/../../../../avr/lib/avr6\libc.a(strcmp.o)
                0x0000b13a                strcmp
 .text.avr-libc
                0x0000b14c        0xe c:/program files (x86)/atmel/studio/7.0/toolchain/avr8/avr8-gnu-toolchain/bin/../lib/gcc/avr/5.4.0/../../../../avr/lib/avr6\libc.a(strcpy.o)
                0x0000b14c                strcpy
 .text.avr-libc
                0x0000b15a       0x4e c:/program files (x86)/atmel/studio/7.0/toolchain/avr8/avr8-gnu-toolchain/bin/../lib/gcc/avr/5.4.0/../../../../avr/lib/avr6\libc.a(strtok_r.o)
                0x0000b15a                strtok_r
 .text.avr-libc
                0x0000b1a8       0x14 c:/program files (x86)/atmel/studio/7.0/toolchain/avr8/avr8-gnu-toolchain/bin/../lib/gcc/avr/5.4.0/../../../../avr/lib/avr6\libc.a(ltoa.o)
                0x0000b1a8                ltoa
                0x0000b1a8                __ltoa
 .text.avr-libc
                0x0000b1bc       0x1c c:/program files (x86)/atmel/studio/7.0/toolchain/avr8/avr8-gnu-toolchain/bin/../lib/gcc/avr/5.4.0/../../../../avr/lib/avr6\libc.a(ltoa_ncheck.o)
                0x0000b1bc                __ltoa_ncheck
 .text.avr-libc
                0x0000b1d8       0x2a c:/program files (x86)/atmel/studio/7.0/toolchain/avr8/avr8-gnu-toolchain/bin/../lib/gcc/avr/5.4.0/../../../../avr/lib/avr6\libc.a(mulsi10.o)
                0x0000b1d8                __mulsi_const_10
 .text.avr-libc
                0x0000b202       0x10 c:/program files (x86)/atmel/studio/7.0/toolchain/avr8/avr8-gnu-toolchain/bin/../lib/gcc/avr/5.4.0/../../../../avr/lib/avr6\libc.a(mul10.o)
                0x0000b202                __mulhi_const_10
 .text.avr-libc
                0x0000b212       0x42 c:/program files (x86)/atmel/studio/7.0/toolchain/avr8/avr8-gnu-toolchain/bin/../lib/gcc/avr/5.4.0/../../../../avr/lib/avr6\libc.a(ultoa_ncheck.o)
                0x0000b212                __ultoa_ncheck
                0x0000b214                __ultoa_common
 .text.avr-libc
                0x0000b254       0x5c c:/program files (x86)/atmel/studio/7.0/toolchain/avr8/avr8-gnu-toolchain/bin/../lib/gcc/avr/5.4.0/../../../../avr/lib/avr6\libc.a(sprintf.o)
                0x0000b254                sprintf
 .text.avr-libc
                0x0000b2b0      0x3fa c:/program files (x86)/atmel/studio/7.0/toolchain/avr8/avr8-gnu-toolchain/bin/../lib/gcc/avr/5.4.0/../../../../avr/lib/avr6\libc.a(vfprintf_std.o)
                0x0000b2b0                vfprintf
 .text.avr-libc
                0x0000b6aa      0x2ec c:/program files (x86)/atmel/studio/7.0/toolchain/avr8/avr8-gnu-toolchain/bin/../lib/gcc/avr/5.4.0/../../../../avr/lib/avr6\libc.a(dtoa_prf.o)
                0x0000b6aa                dtoa_prf
 .text.avr-libc
                0x0000b996      0x1b0 c:/program files (x86)/atmel/studio/7.0/toolchain/avr8/avr8-gnu-toolchain/bin/../lib/gcc/avr/5.4.0/../../../../avr/lib/avr6\libc.a(ftoa_engine.o)
                0x0000b996                __ftoa_engine
 .text.avr-libc
                0x0000bb46       0x16 c:/program files (x86)/atmel/studio/7.0/toolchain/avr8/avr8-gnu-toolchain/bin/../lib/gcc/avr/5.4.0/../../../../avr/lib/avr6\libc.a(strnlen_P.o)
                0x0000bb46                strnlen_P
 .text.avr-libc
                0x0000bb5c       0x16 c:/program files (x86)/atmel/studio/7.0/toolchain/avr8/avr8-gnu-toolchain/bin/../lib/gcc/avr/5.4.0/../../../../avr/lib/avr6\libc.a(strnlen.o)
                0x0000bb5c                strnlen
 .text.avr-libc
                0x0000bb72       0x20 c:/program files (x86)/atmel/studio/7.0/toolchain/avr8/avr8-gnu-toolchain/bin/../lib/gcc/avr/5.4.0/../../../../avr/lib/avr6\libc.a(strrev.o)
                0x0000bb72                strrev
 .text.avr-libc
                0x0000bb92       0x78 c:/program files (x86)/atmel/studio/7.0/toolchain/avr8/avr8-gnu-toolchain/bin/../lib/gcc/avr/5.4.0/../../../../avr/lib/avr6\libc.a(fputc.o)
                0x0000bb92                fputc
 .text.avr-libc
                0x0000bc0a       0xbc c:/program files (x86)/atmel/studio/7.0/toolchain/avr8/avr8-gnu-toolchain/bin/../lib/gcc/avr/5.4.0/../../../../avr/lib/avr6\libc.a(ultoa_invert.o)
                0x0000bc0a                __ultoa_invert
 .text.libgcc.mul
                0x0000bcc6       0x10 c:/program files (x86)/atmel/studio/7.0/toolchain/avr8/avr8-gnu-toolchain/bin/../lib/gcc/avr/5.4.0/avr6\libgcc.a(_mulshisi3.o)
                0x0000bcc6                __mulshisi3
                0x0000bccc                __mulohisi3
                0x0000bcd6                . = ALIGN (0x2)
 *(.fini9)
 .fini9         0x0000bcd6        0x0 c:/program files (x86)/atmel/studio/7.0/toolchain/avr8/avr8-gnu-toolchain/bin/../lib/gcc/avr/5.4.0/avr6\libgcc.a(_exit.o)
                0x0000bcd6                _exit
                0x0000bcd6                exit
 *(.fini9)
 *(.fini8)
 *(.fini8)
 *(.fini7)
 *(.fini7)
 *(.fini6)
 .fini6         0x0000bcd6       0x20 c:/program files (x86)/atmel/studio/7.0/toolchain/avr8/avr8-gnu-toolchain/bin/../lib/gcc/avr/5.4.0/avr6\libgcc.a(_dtors.o)
                0x0000bcd6                __do_global_dtors
 *(.fini6)
 *(.fini5)
 *(.fini5)
 *(.fini4)
 *(.fini4)
 *(.fini3)
 *(.fini3)
 *(.fini2)
 *(.fini2)
 *(.fini1)
 *(.fini1)
 *(.fini0)
 .fini0         0x0000bcf6        0x4 c:/program files (x86)/atmel/studio/7.0/toolchain/avr8/avr8-gnu-toolchain/bin/../lib/gcc/avr/5.4.0/avr6\libgcc.a(_exit.o)
 *(.fini0)
                0x0000bcfa                _etext = .

.data           0x00800200      0x1b4 load address 0x0000bcfa
                0x00800200                PROVIDE (__data_start, .)
 *(.data)
 .data          0x00800200        0x6 c:/program files (x86)/atmel/studio/7.0/toolchain/avr8/avr8-gnu-toolchain/bin/../lib/gcc/avr/5.4.0/../../../../avr/lib/avr6\libc.a(malloc.o)
                0x00800200                __malloc_heap_end
                0x00800202                __malloc_heap_start
                0x00800204                __malloc_margin
 .data          0x00800206        0x4 c:/program files (x86)/atmel/studio/7.0/toolchain/avr8/avr8-gnu-toolchain/bin/../lib/gcc/avr/5.4.0/../../../../avr/lib/avr6\libc.a(random.o)
 *(.data*)
 .data.intFunc  0x0080020a       0x10 C:\Users\Anthony\DOCUME~1\ATMELS~1\7.0\MOTHER~1\MOTHER~1\ARDUIN~1\Debug\libArduinoCore.a(WInterrupts.o)
 *(.gnu.linkonce.d*)
 *(.rodata)
 .rodata        0x0080021a        0x1 Error.o
 .rodata        0x0080021b       0x80 Screen.o
 .rodata        0x0080029b       0x59 SerialProcessing.o
 .rodata        0x008002f4       0x27 Sketch.o
 .rodata        0x0080031b       0x52 SpcProcessing.o
 *(.rodata*)
 .rodata._ZTV11TFT_ILI9341
                0x0080036d        0xc TFT_ILI9341.o
                0x0080036d                _ZTV11TFT_ILI9341
 .rodata._ZTV14HardwareSerial
                0x00800379       0x12 C:\Users\Anthony\DOCUME~1\ATMELS~1\7.0\MOTHER~1\MOTHER~1\ARDUIN~1\Debug\libArduinoCore.a(HardwareSerial.o)
                0x00800379                _ZTV14HardwareSerial
 .rodata.str1.1
                0x0080038b        0xf C:\Users\Anthony\DOCUME~1\ATMELS~1\7.0\MOTHER~1\MOTHER~1\ARDUIN~1\Debug\libArduinoCore.a(Print.o)
 .rodata._ZTV5Print
                0x0080039a        0xc C:\Users\Anthony\DOCUME~1\ATMELS~1\7.0\MOTHER~1\MOTHER~1\ARDUIN~1\Debug\libArduinoCore.a(Print.o)
                0x0080039a                _ZTV5Print
 .rodata.str1.1
                0x008003a6        0x5 C:\Users\Anthony\DOCUME~1\ATMELS~1\7.0\MOTHER~1\MOTHER~1\ARDUIN~1\Debug\libArduinoCore.a(tasks.o)
 .rodata.str1.1
                0x008003ab        0x8 C:\Users\Anthony\DOCUME~1\ATMELS~1\7.0\MOTHER~1\MOTHER~1\ARDUIN~1\Debug\libArduinoCore.a(timers.o)
 *(.gnu.linkonce.r*)
                0x008003b4                . = ALIGN (0x2)
 *fill*         0x008003b3        0x1 
                0x008003b4                _edata = .
                0x008003b4                PROVIDE (__data_end, .)

.bss            0x008003b4      0x3c5
                0x008003b4                PROVIDE (__bss_start, .)
 *(.bss)
 .bss           0x008003b4        0x2 c:/program files (x86)/atmel/studio/7.0/toolchain/avr8/avr8-gnu-toolchain/bin/../lib/gcc/avr/5.4.0/../../../../avr/lib/avr6\libc.a(strtok.o)
 *(.bss*)
 .bss.errorArray
                0x008003b6       0x3c Error.o
                0x008003b6                errorArray
 .bss.errorVector
                0x008003f2        0x6 Error.o
                0x008003f2                errorVector
 .bss._ZN6Screen13firstInstanceE
                0x008003f8        0x2 Screen.o
                0x008003f8                _ZN6Screen13firstInstanceE
 .bss.tft       0x008003fa       0x25 Screen.o
                0x008003fa                tft
 .bss.previousHadError
                0x0080041f        0x1 Screen.o
                0x0080041f                previousHadError
 .bss._ZN18SerialPortExpander13firstInstanceE
                0x00800420        0x2 SerialPortExpander.o
                0x00800420                _ZN18SerialPortExpander13firstInstanceE
 .bss._ZN16SerialProcessing13firstInstanceE
                0x00800422        0x2 SerialProcessing.o
                0x00800422                _ZN16SerialProcessing13firstInstanceE
 .bss.serialPortExpander
                0x00800424       0x4e SerialProcessing.o
                0x00800424                serialPortExpander
 .bss.SIMULATIONACTIVE
                0x00800472        0x1 Sketch.o
                0x00800472                SIMULATIONACTIVE
 .bss.spcProcessing
                0x00800473       0x46 Sketch.o
                0x00800473                spcProcessing
 .bss.screen    0x008004b9        0x5 Sketch.o
                0x008004b9                screen
 .bss.serialProcessing
                0x008004be       0x80 Sketch.o
                0x008004be                serialProcessing
 .bss._ZN13SpcProcessing13firstinstanceE
                0x0080053e        0x2 SpcProcessing.o
                0x0080053e                _ZN13SpcProcessing13firstinstanceE
 .bss.SPC_ISR_LOCK
                0x00800540        0x1 SpcProcessing.o
                0x00800540                SPC_ISR_LOCK
 .bss.rawSPC_ISR
                0x00800541       0x35 SpcProcessing.o
                0x00800541                rawSPC_ISR
 .bss.ISR_LOOP_COUNTER
                0x00800576        0x2 SpcProcessing.o
                0x00800576                ISR_LOOP_COUNTER
 .bss.MAIN_LOOP_COUNTER
                0x00800578        0x2 SpcProcessing.o
                0x00800578                MAIN_LOOP_COUNTER
 .bss.rawSPC    0x0080057a       0x35 SpcProcessing.o
                0x0080057a                rawSPC
 .bss.Serial    0x008005af       0x9d C:\Users\Anthony\DOCUME~1\ATMELS~1\7.0\MOTHER~1\MOTHER~1\ARDUIN~1\Debug\libArduinoCore.a(HardwareSerial0.o)
                0x008005af                Serial
 .bss.Serial1   0x0080064c       0x9d C:\Users\Anthony\DOCUME~1\ATMELS~1\7.0\MOTHER~1\MOTHER~1\ARDUIN~1\Debug\libArduinoCore.a(HardwareSerial1.o)
                0x0080064c                Serial1
 .bss.timer0_fract
                0x008006e9        0x1 C:\Users\Anthony\DOCUME~1\ATMELS~1\7.0\MOTHER~1\MOTHER~1\ARDUIN~1\Debug\libArduinoCore.a(wiring.o)
 .bss.timer0_millis
                0x008006ea        0x4 C:\Users\Anthony\DOCUME~1\ATMELS~1\7.0\MOTHER~1\MOTHER~1\ARDUIN~1\Debug\libArduinoCore.a(wiring.o)
                0x008006ea                timer0_millis
 .bss.timer0_overflow_count
                0x008006ee        0x4 C:\Users\Anthony\DOCUME~1\ATMELS~1\7.0\MOTHER~1\MOTHER~1\ARDUIN~1\Debug\libArduinoCore.a(wiring.o)
                0x008006ee                timer0_overflow_count
 .bss.uxSchedulerSuspended
                0x008006f2        0x1 C:\Users\Anthony\DOCUME~1\ATMELS~1\7.0\MOTHER~1\MOTHER~1\ARDUIN~1\Debug\libArduinoCore.a(tasks.o)
 .bss.xIdleTaskHandle
                0x008006f3        0x2 C:\Users\Anthony\DOCUME~1\ATMELS~1\7.0\MOTHER~1\MOTHER~1\ARDUIN~1\Debug\libArduinoCore.a(tasks.o)
 .bss.xNextTaskUnblockTime
                0x008006f5        0x2 C:\Users\Anthony\DOCUME~1\ATMELS~1\7.0\MOTHER~1\MOTHER~1\ARDUIN~1\Debug\libArduinoCore.a(tasks.o)
 .bss.uxTaskNumber
                0x008006f7        0x1 C:\Users\Anthony\DOCUME~1\ATMELS~1\7.0\MOTHER~1\MOTHER~1\ARDUIN~1\Debug\libArduinoCore.a(tasks.o)
 .bss.xNumOfOverflows
                0x008006f8        0x1 C:\Users\Anthony\DOCUME~1\ATMELS~1\7.0\MOTHER~1\MOTHER~1\ARDUIN~1\Debug\libArduinoCore.a(tasks.o)
 .bss.xYieldPending
                0x008006f9        0x1 C:\Users\Anthony\DOCUME~1\ATMELS~1\7.0\MOTHER~1\MOTHER~1\ARDUIN~1\Debug\libArduinoCore.a(tasks.o)
 .bss.uxPendedTicks
                0x008006fa        0x1 C:\Users\Anthony\DOCUME~1\ATMELS~1\7.0\MOTHER~1\MOTHER~1\ARDUIN~1\Debug\libArduinoCore.a(tasks.o)
 .bss.xSchedulerRunning
                0x008006fb        0x1 C:\Users\Anthony\DOCUME~1\ATMELS~1\7.0\MOTHER~1\MOTHER~1\ARDUIN~1\Debug\libArduinoCore.a(tasks.o)
 .bss.uxTopReadyPriority
                0x008006fc        0x1 C:\Users\Anthony\DOCUME~1\ATMELS~1\7.0\MOTHER~1\MOTHER~1\ARDUIN~1\Debug\libArduinoCore.a(tasks.o)
 .bss.xTickCount
                0x008006fd        0x2 C:\Users\Anthony\DOCUME~1\ATMELS~1\7.0\MOTHER~1\MOTHER~1\ARDUIN~1\Debug\libArduinoCore.a(tasks.o)
 .bss.uxCurrentNumberOfTasks
                0x008006ff        0x1 C:\Users\Anthony\DOCUME~1\ATMELS~1\7.0\MOTHER~1\MOTHER~1\ARDUIN~1\Debug\libArduinoCore.a(tasks.o)
 .bss.xSuspendedTaskList
                0x00800700        0x9 C:\Users\Anthony\DOCUME~1\ATMELS~1\7.0\MOTHER~1\MOTHER~1\ARDUIN~1\Debug\libArduinoCore.a(tasks.o)
 .bss.uxDeletedTasksWaitingCleanUp
                0x00800709        0x1 C:\Users\Anthony\DOCUME~1\ATMELS~1\7.0\MOTHER~1\MOTHER~1\ARDUIN~1\Debug\libArduinoCore.a(tasks.o)
 .bss.xTasksWaitingTermination
                0x0080070a        0x9 C:\Users\Anthony\DOCUME~1\ATMELS~1\7.0\MOTHER~1\MOTHER~1\ARDUIN~1\Debug\libArduinoCore.a(tasks.o)
 .bss.xPendingReadyList
                0x00800713        0x9 C:\Users\Anthony\DOCUME~1\ATMELS~1\7.0\MOTHER~1\MOTHER~1\ARDUIN~1\Debug\libArduinoCore.a(tasks.o)
 .bss.pxOverflowDelayedTaskList
                0x0080071c        0x2 C:\Users\Anthony\DOCUME~1\ATMELS~1\7.0\MOTHER~1\MOTHER~1\ARDUIN~1\Debug\libArduinoCore.a(tasks.o)
 .bss.pxDelayedTaskList
                0x0080071e        0x2 C:\Users\Anthony\DOCUME~1\ATMELS~1\7.0\MOTHER~1\MOTHER~1\ARDUIN~1\Debug\libArduinoCore.a(tasks.o)
 .bss.xDelayedTaskList2
                0x00800720        0x9 C:\Users\Anthony\DOCUME~1\ATMELS~1\7.0\MOTHER~1\MOTHER~1\ARDUIN~1\Debug\libArduinoCore.a(tasks.o)
 .bss.xDelayedTaskList1
                0x00800729        0x9 C:\Users\Anthony\DOCUME~1\ATMELS~1\7.0\MOTHER~1\MOTHER~1\ARDUIN~1\Debug\libArduinoCore.a(tasks.o)
 .bss.pxReadyTasksLists
                0x00800732       0x24 C:\Users\Anthony\DOCUME~1\ATMELS~1\7.0\MOTHER~1\MOTHER~1\ARDUIN~1\Debug\libArduinoCore.a(tasks.o)
 .bss.pxCurrentTCB
                0x00800756        0x2 C:\Users\Anthony\DOCUME~1\ATMELS~1\7.0\MOTHER~1\MOTHER~1\ARDUIN~1\Debug\libArduinoCore.a(tasks.o)
                0x00800756                pxCurrentTCB
 .bss.xLastTime.2412
                0x00800758        0x2 C:\Users\Anthony\DOCUME~1\ATMELS~1\7.0\MOTHER~1\MOTHER~1\ARDUIN~1\Debug\libArduinoCore.a(timers.o)
 .bss.xTimerTaskHandle
                0x0080075a        0x2 C:\Users\Anthony\DOCUME~1\ATMELS~1\7.0\MOTHER~1\MOTHER~1\ARDUIN~1\Debug\libArduinoCore.a(timers.o)
 .bss.xTimerQueue
                0x0080075c        0x2 C:\Users\Anthony\DOCUME~1\ATMELS~1\7.0\MOTHER~1\MOTHER~1\ARDUIN~1\Debug\libArduinoCore.a(timers.o)
 .bss.pxOverflowTimerList
                0x0080075e        0x2 C:\Users\Anthony\DOCUME~1\ATMELS~1\7.0\MOTHER~1\MOTHER~1\ARDUIN~1\Debug\libArduinoCore.a(timers.o)
 .bss.pxCurrentTimerList
                0x00800760        0x2 C:\Users\Anthony\DOCUME~1\ATMELS~1\7.0\MOTHER~1\MOTHER~1\ARDUIN~1\Debug\libArduinoCore.a(timers.o)
 .bss.xActiveTimerList2
                0x00800762        0x9 C:\Users\Anthony\DOCUME~1\ATMELS~1\7.0\MOTHER~1\MOTHER~1\ARDUIN~1\Debug\libArduinoCore.a(timers.o)
 .bss.xActiveTimerList1
                0x0080076b        0x9 C:\Users\Anthony\DOCUME~1\ATMELS~1\7.0\MOTHER~1\MOTHER~1\ARDUIN~1\Debug\libArduinoCore.a(timers.o)
 .bss._ZN8SPIClass11initializedE
                0x00800774        0x1 C:\Users\Anthony\DOCUME~1\ATMELS~1\7.0\MOTHER~1\MOTHER~1\ARDUIN~1\Debug\libArduinoCore.a(SPI.o)
                0x00800774                _ZN8SPIClass11initializedE
 *(COMMON)
 COMMON         0x00800775        0x4 c:/program files (x86)/atmel/studio/7.0/toolchain/avr8/avr8-gnu-toolchain/bin/../lib/gcc/avr/5.4.0/../../../../avr/lib/avr6\libc.a(malloc.o)
                0x00800775                __brkval
                0x00800777                __flp
                0x00800779                PROVIDE (__bss_end, .)
                0x0000bcfa                __data_load_start = LOADADDR (.data)
                0x0000beae                __data_load_end = (__data_load_start + SIZEOF (.data))

.noinit         0x00800779        0x0
                [!provide]                PROVIDE (__noinit_start, .)
 *(.noinit*)
                [!provide]                PROVIDE (__noinit_end, .)
                0x00800779                _end = .
                0x00800779                PROVIDE (__heap_start, .)

.eeprom         0x00810000        0x0
 *(.eeprom*)
                0x00810000                __eeprom_end = .

.fuse
 *(.fuse)
 *(.lfuse)
 *(.hfuse)
 *(.efuse)

.lock
 *(.lock*)

.signature
 *(.signature*)

.user_signatures
 *(.user_signatures*)

.stab
 *(.stab)

.stabstr
 *(.stabstr)

.stab.excl
 *(.stab.excl)

.stab.exclstr
 *(.stab.exclstr)

.stab.index
 *(.stab.index)

.stab.indexstr